tick=0 subject=world event=world_initialized result=width:128,height:128,territories:2
tick=0 subject=F0001 event=food_initialized result=class:low,position:78:0,territory:A
tick=0 subject=F0002 event=food_initialized result=class:medium,position:116:35,territory:A
tick=0 subject=F0003 event=food_initialized result=class:high,position:104:41,territory:A
tick=0 subject=F0004 event=food_initialized result=class:low,position:69:9,territory:A
tick=0 subject=F0005 event=food_initialized result=class:medium,position:79:1,territory:A
tick=0 subject=F0006 event=food_initialized result=class:high,position:21:3,territory:A
tick=0 subject=F0007 event=food_initialized result=class:low,position:58:24,territory:A
tick=0 subject=F0008 event=food_initialized result=class:medium,position:124:23,territory:A
tick=0 subject=F0009 event=food_initialized result=class:high,position:7:49,territory:A
tick=0 subject=F0010 event=food_initialized result=class:low,position:116:49,territory:A
tick=0 subject=F0011 event=food_initialized result=class:medium,position:66:25,territory:A
tick=0 subject=F0012 event=food_initialized result=class:high,position:12:35,territory:A
tick=0 subject=F0013 event=food_initialized result=class:low,position:122:50,territory:A
tick=0 subject=F0014 event=food_initialized result=class:medium,position:125:53,territory:A
tick=0 subject=F0015 event=food_initialized result=class:high,position:22:45,territory:A
tick=0 subject=F0016 event=food_initialized result=class:low,position:3:58,territory:A
tick=0 subject=F0017 event=food_initialized result=class:medium,position:124:28,territory:A
tick=0 subject=F0018 event=food_initialized result=class:high,position:75:37,territory:A
tick=0 subject=F0019 event=food_initialized result=class:low,position:108:22,territory:A
tick=0 subject=F0020 event=food_initialized result=class:medium,position:72:55,territory:A
tick=0 subject=F0021 event=food_initialized result=class:high,position:114:14,territory:A
tick=0 subject=F0022 event=food_initialized result=class:low,position:89:39,territory:A
tick=0 subject=F0023 event=food_initialized result=class:medium,position:21:11,territory:A
tick=0 subject=F0024 event=food_initialized result=class:high,position:98:57,territory:A
tick=0 subject=F0025 event=food_initialized result=class:low,position:4:36,territory:A
tick=0 subject=F0026 event=food_initialized result=class:medium,position:68:33,territory:A
tick=0 subject=F0027 event=food_initialized result=class:high,position:8:34,territory:A
tick=0 subject=F0028 event=food_initialized result=class:low,position:118:10,territory:A
tick=0 subject=F0029 event=food_initialized result=class:medium,position:68:55,territory:A
tick=0 subject=F0030 event=food_initialized result=class:high,position:87:26,territory:A
tick=0 subject=F0031 event=food_initialized result=class:low,position:36:32,territory:A
tick=0 subject=F0032 event=food_initialized result=class:medium,position:24:36,territory:A
tick=0 subject=F0033 event=food_initialized result=class:high,position:2:13,territory:A
tick=0 subject=F0034 event=food_initialized result=class:low,position:1:9,territory:A
tick=0 subject=F0035 event=food_initialized result=class:medium,position:52:20,territory:A
tick=0 subject=F0036 event=food_initialized result=class:high,position:30:51,territory:A
tick=0 subject=F0037 event=food_initialized result=class:low,position:76:8,territory:A
tick=0 subject=F0038 event=food_initialized result=class:medium,position:61:30,territory:A
tick=0 subject=F0039 event=food_initialized result=class:high,position:101:19,territory:A
tick=0 subject=F0040 event=food_initialized result=class:low,position:41:49,territory:A
tick=0 subject=F0041 event=food_initialized result=class:medium,position:45:55,territory:A
tick=0 subject=F0042 event=food_initialized result=class:high,position:25:21,territory:A
tick=0 subject=F0043 event=food_initialized result=class:low,position:96:56,territory:A
tick=0 subject=F0044 event=food_initialized result=class:medium,position:18:8,territory:A
tick=0 subject=F0045 event=food_initialized result=class:high,position:53:29,territory:A
tick=0 subject=F0046 event=food_initialized result=class:low,position:34:29,territory:A
tick=0 subject=F0047 event=food_initialized result=class:medium,position:23:57,territory:A
tick=0 subject=F0048 event=food_initialized result=class:high,position:17:16,territory:A
tick=0 subject=F0049 event=food_initialized result=class:low,position:15:32,territory:A
tick=0 subject=F0050 event=food_initialized result=class:medium,position:45:23,territory:A
tick=0 subject=F0051 event=food_initialized result=class:high,position:63:38,territory:A
tick=0 subject=F0052 event=food_initialized result=class:low,position:77:50,territory:A
tick=0 subject=F0053 event=food_initialized result=class:medium,position:103:62,territory:A
tick=0 subject=F0054 event=food_initialized result=class:high,position:58:58,territory:A
tick=0 subject=F0055 event=food_initialized result=class:low,position:51:60,territory:A
tick=0 subject=F0056 event=food_initialized result=class:medium,position:94:30,territory:A
tick=0 subject=F0057 event=food_initialized result=class:high,position:105:58,territory:A
tick=0 subject=F0058 event=food_initialized result=class:low,position:26:61,territory:A
tick=0 subject=F0059 event=food_initialized result=class:medium,position:16:30,territory:A
tick=0 subject=F0060 event=food_initialized result=class:high,position:67:60,territory:A
tick=0 subject=F0061 event=food_initialized result=class:low,position:5:49,territory:A
tick=0 subject=F0062 event=food_initialized result=class:low,position:85:83,territory:B
tick=0 subject=F0063 event=food_initialized result=class:medium,position:48:118,territory:B
tick=0 subject=F0064 event=food_initialized result=class:high,position:39:110,territory:B
tick=0 subject=F0065 event=food_initialized result=class:low,position:126:80,territory:B
tick=0 subject=F0066 event=food_initialized result=class:medium,position:13:96,territory:B
tick=0 subject=F0067 event=food_initialized result=class:high,position:9:113,territory:B
tick=0 subject=F0068 event=food_initialized result=class:low,position:19:94,territory:B
tick=0 subject=F0069 event=food_initialized result=class:medium,position:24:68,territory:B
tick=0 subject=F0070 event=food_initialized result=class:high,position:64:117,territory:B
tick=0 subject=F0071 event=food_initialized result=class:low,position:72:95,territory:B
tick=0 subject=F0072 event=food_initialized result=class:medium,position:94:116,territory:B
tick=0 subject=F0073 event=food_initialized result=class:high,position:99:82,territory:B
tick=0 subject=F0074 event=food_initialized result=class:low,position:7:114,territory:B
tick=0 subject=F0075 event=food_initialized result=class:medium,position:22:114,territory:B
tick=0 subject=F0076 event=food_initialized result=class:high,position:109:106,territory:B
tick=0 subject=F0077 event=food_initialized result=class:low,position:67:121,territory:B
tick=0 subject=F0078 event=food_initialized result=class:medium,position:71:70,territory:B
tick=0 subject=F0079 event=food_initialized result=class:high,position:66:86,territory:B
tick=0 subject=F0080 event=food_initialized result=class:low,position:89:77,territory:B
tick=0 subject=F0081 event=food_initialized result=class:medium,position:39:94,territory:B
tick=0 subject=F0082 event=food_initialized result=class:high,position:90:76,territory:B
tick=0 subject=F0083 event=food_initialized result=class:low,position:63:117,territory:B
tick=0 subject=F0084 event=food_initialized result=class:medium,position:97:83,territory:B
tick=0 subject=F0085 event=food_initialized result=class:high,position:41:122,territory:B
tick=0 subject=F0086 event=food_initialized result=class:low,position:124:125,territory:B
tick=0 subject=F0087 event=food_initialized result=class:medium,position:97:71,territory:B
tick=0 subject=F0088 event=food_initialized result=class:high,position:27:127,territory:B
tick=0 subject=F0089 event=food_initialized result=class:low,position:108:122,territory:B
tick=0 subject=F0090 event=food_initialized result=class:medium,position:20:83,territory:B
tick=0 subject=F0091 event=food_initialized result=class:high,position:105:75,territory:B
tick=0 subject=F0092 event=food_initialized result=class:low,position:106:78,territory:B
tick=0 subject=F0093 event=food_initialized result=class:medium,position:13:71,territory:B
tick=0 subject=F0094 event=food_initialized result=class:high,position:87:79,territory:B
tick=0 subject=F0095 event=food_initialized result=class:low,position:28:123,territory:B
tick=0 subject=F0096 event=food_initialized result=class:medium,position:107:99,territory:B
tick=0 subject=F0097 event=food_initialized result=class:high,position:121:65,territory:B
tick=0 subject=F0098 event=food_initialized result=class:low,position:20:111,territory:B
tick=0 subject=F0099 event=food_initialized result=class:medium,position:93:80,territory:B
tick=0 subject=F0100 event=food_initialized result=class:high,position:125:76,territory:B
tick=0 subject=F0101 event=food_initialized result=class:low,position:65:76,territory:B
tick=0 subject=F0102 event=food_initialized result=class:medium,position:4:72,territory:B
tick=0 subject=F0103 event=food_initialized result=class:high,position:11:70,territory:B
tick=0 subject=F0104 event=food_initialized result=class:low,position:39:102,territory:B
tick=0 subject=F0105 event=food_initialized result=class:medium,position:108:111,territory:B
tick=0 subject=F0106 event=food_initialized result=class:high,position:98:127,territory:B
tick=0 subject=F0107 event=food_initialized result=class:low,position:56:91,territory:B
tick=0 subject=F0108 event=food_initialized result=class:medium,position:46:78,territory:B
tick=0 subject=F0109 event=food_initialized result=class:high,position:89:76,territory:B
tick=0 subject=F0110 event=food_initialized result=class:low,position:41:107,territory:B
tick=0 subject=F0111 event=food_initialized result=class:medium,position:42:85,territory:B
tick=0 subject=F0112 event=food_initialized result=class:high,position:19:102,territory:B
tick=0 subject=F0113 event=food_initialized result=class:low,position:30:79,territory:B
tick=0 subject=F0114 event=food_initialized result=class:medium,position:12:126,territory:B
tick=0 subject=F0115 event=food_initialized result=class:high,position:61:98,territory:B
tick=0 subject=F0116 event=food_initialized result=class:low,position:5:91,territory:B
tick=0 subject=F0117 event=food_initialized result=class:medium,position:26:103,territory:B
tick=0 subject=F0118 event=food_initialized result=class:high,position:83:117,territory:B
tick=0 subject=F0119 event=food_initialized result=class:low,position:75:80,territory:B
tick=0 subject=F0120 event=food_initialized result=class:medium,position:12:81,territory:B
tick=0 subject=F0121 event=food_initialized result=class:high,position:7:64,territory:B
tick=0 subject=F0122 event=food_initialized result=class:low,position:117:78,territory:B
tick=0 subject=M01 event=agent_initialized result=position:63:31,territory:A,health:100,satiety:100,energy:100
tick=0 subject=M02 event=agent_initialized result=position:61:48,territory:A,health:100,satiety:100,energy:100
tick=0 subject=M03 event=agent_initialized result=position:24:58,territory:A,health:100,satiety:100,energy:100
tick=0 subject=M04 event=agent_initialized result=position:16:18,territory:A,health:100,satiety:100,energy:100
tick=0 subject=M05 event=agent_initialized result=position:98:45,territory:A,health:100,satiety:100,energy:100
tick=0 subject=M06 event=agent_initialized result=position:24:32,territory:A,health:100,satiety:100,energy:100
tick=0 subject=M07 event=agent_initialized result=position:63:90,territory:B,health:100,satiety:100,energy:100
tick=0 subject=M08 event=agent_initialized result=position:74:72,territory:B,health:100,satiety:100,energy:100
tick=0 subject=M09 event=agent_initialized result=position:121:96,territory:B,health:100,satiety:100,energy:100
tick=0 subject=M10 event=agent_initialized result=position:126:114,territory:B,health:100,satiety:100,energy:100
tick=0 subject=M11 event=agent_initialized result=position:101:86,territory:B,health:100,satiety:100,energy:100
tick=0 subject=M12 event=agent_initialized result=position:58:82,territory:B,health:100,satiety:100,energy:100
tick=0 subject=world event=decision_source_selected result=source:reference
tick=1 subject=M01 event=action_trace result=proposal:move:east,status:accepted,detail:position:64:31,position:64:31,territory:A,health:100,satiety:100,energy:100
tick=1 subject=M01 event=survival_changed result=health:100->100,satiety:100->99,energy:100->99
tick=1 subject=M02 event=action_trace result=proposal:move:south,status:accepted,detail:position:61:49,position:61:49,territory:A,health:100,satiety:100,energy:100
tick=1 subject=M02 event=survival_changed result=health:100->100,satiety:100->99,energy:100->99
tick=1 subject=M03 event=action_trace result=proposal:move:south,status:accepted,detail:position:24:59,position:24:59,territory:A,health:100,satiety:100,energy:100
tick=1 subject=M03 event=survival_changed result=health:100->100,satiety:100->99,energy:100->99
tick=1 subject=M04 event=action_trace result=proposal:move:north,status:accepted,detail:position:16:17,position:16:17,territory:A,health:100,satiety:100,energy:100
tick=1 subject=M04 event=survival_changed result=health:100->100,satiety:100->99,energy:100->99
tick=1 subject=M05 event=action_trace result=proposal:move:south,status:accepted,detail:position:98:46,position:98:46,territory:A,health:100,satiety:100,energy:100
tick=1 subject=M05 event=survival_changed result=health:100->100,satiety:100->99,energy:100->99
tick=1 subject=M06 event=action_trace result=proposal:move:north,status:accepted,detail:position:24:31,position:24:31,territory:A,health:100,satiety:100,energy:100
tick=1 subject=M06 event=survival_changed result=health:100->100,satiety:100->99,energy:100->99
tick=1 subject=M07 event=action_trace result=proposal:move:west,status:accepted,detail:position:62:90,position:62:90,territory:B,health:100,satiety:100,energy:100
tick=1 subject=M07 event=survival_changed result=health:100->100,satiety:100->99,energy:100->99
tick=1 subject=M08 event=action_trace result=proposal:move:south,status:accepted,detail:position:74:73,position:74:73,territory:B,health:100,satiety:100,energy:100
tick=1 subject=M08 event=survival_changed result=health:100->100,satiety:100->99,energy:100->99
tick=1 subject=M09 event=action_trace result=proposal:move:west,status:accepted,detail:position:120:96,position:120:96,territory:B,health:100,satiety:100,energy:100
tick=1 subject=M09 event=survival_changed result=health:100->100,satiety:100->99,energy:100->99
tick=1 subject=M10 event=action_trace result=proposal:move:south,status:accepted,detail:position:126:115,position:126:115,territory:B,health:100,satiety:100,energy:100
tick=1 subject=M10 event=survival_changed result=health:100->100,satiety:100->99,energy:100->99
tick=1 subject=M11 event=action_trace result=proposal:move:west,status:accepted,detail:position:100:86,position:100:86,territory:B,health:100,satiety:100,energy:100
tick=1 subject=M11 event=survival_changed result=health:100->100,satiety:100->99,energy:100->99
tick=1 subject=M12 event=action_trace result=proposal:move:west,status:accepted,detail:position:57:82,position:57:82,territory:B,health:100,satiety:100,energy:100
tick=1 subject=M12 event=survival_changed result=health:100->100,satiety:100->99,energy:100->99
tick=2 subject=M01 event=action_trace result=proposal:move:north,status:accepted,detail:position:64:30,position:64:30,territory:A,health:100,satiety:99,energy:99
tick=2 subject=M01 event=survival_changed result=health:100->100,satiety:99->98,energy:99->98
tick=2 subject=M02 event=action_trace result=proposal:move:south,status:accepted,detail:position:61:50,position:61:50,territory:A,health:100,satiety:99,energy:99
tick=2 subject=M02 event=survival_changed result=health:100->100,satiety:99->98,energy:99->98
tick=2 subject=M03 event=action_trace result=proposal:move:north,status:accepted,detail:position:24:58,position:24:58,territory:A,health:100,satiety:99,energy:99
tick=2 subject=M03 event=survival_changed result=health:100->100,satiety:99->98,energy:99->98
tick=2 subject=M04 event=action_trace result=proposal:move:south,status:accepted,detail:position:16:18,position:16:18,territory:A,health:100,satiety:99,energy:99
tick=2 subject=M04 event=survival_changed result=health:100->100,satiety:99->98,energy:99->98
tick=2 subject=M05 event=action_trace result=proposal:move:south,status:accepted,detail:position:98:47,position:98:47,territory:A,health:100,satiety:99,energy:99
tick=2 subject=M05 event=survival_changed result=health:100->100,satiety:99->98,energy:99->98
tick=2 subject=M06 event=action_trace result=proposal:move:west,status:accepted,detail:position:23:31,position:23:31,territory:A,health:100,satiety:99,energy:99
tick=2 subject=M06 event=survival_changed result=health:100->100,satiety:99->98,energy:99->98
tick=2 subject=M07 event=action_trace result=proposal:move:west,status:accepted,detail:position:61:90,position:61:90,territory:B,health:100,satiety:99,energy:99
tick=2 subject=M07 event=survival_changed result=health:100->100,satiety:99->98,energy:99->98
tick=2 subject=M08 event=action_trace result=proposal:move:east,status:accepted,detail:position:75:73,position:75:73,territory:B,health:100,satiety:99,energy:99
tick=2 subject=M08 event=survival_changed result=health:100->100,satiety:99->98,energy:99->98
tick=2 subject=M09 event=action_trace result=proposal:move:east,status:accepted,detail:position:121:96,position:121:96,territory:B,health:100,satiety:99,energy:99
tick=2 subject=M09 event=survival_changed result=health:100->100,satiety:99->98,energy:99->98
tick=2 subject=M10 event=action_trace result=proposal:move:north,status:accepted,detail:position:126:114,position:126:114,territory:B,health:100,satiety:99,energy:99
tick=2 subject=M10 event=survival_changed result=health:100->100,satiety:99->98,energy:99->98
tick=2 subject=M11 event=action_trace result=proposal:move:east,status:accepted,detail:position:101:86,position:101:86,territory:B,health:100,satiety:99,energy:99
tick=2 subject=M11 event=survival_changed result=health:100->100,satiety:99->98,energy:99->98
tick=2 subject=M12 event=action_trace result=proposal:move:south,status:accepted,detail:position:57:83,position:57:83,territory:B,health:100,satiety:99,energy:99
tick=2 subject=M12 event=survival_changed result=health:100->100,satiety:99->98,energy:99->98
tick=3 subject=M01 event=action_trace result=proposal:move:east,status:accepted,detail:position:65:30,position:65:30,territory:A,health:100,satiety:98,energy:98
tick=3 subject=M01 event=survival_changed result=health:100->100,satiety:98->97,energy:98->97
tick=3 subject=M02 event=action_trace result=proposal:move:south,status:accepted,detail:position:61:51,position:61:51,territory:A,health:100,satiety:98,energy:98
tick=3 subject=M02 event=survival_changed result=health:100->100,satiety:98->97,energy:98->97
tick=3 subject=M03 event=action_trace result=proposal:move:west,status:accepted,detail:position:23:58,position:23:58,territory:A,health:100,satiety:98,energy:98
tick=3 subject=M03 event=survival_changed result=health:100->100,satiety:98->97,energy:98->97
tick=3 subject=M04 event=action_trace result=proposal:move:west,status:accepted,detail:position:15:18,position:15:18,territory:A,health:100,satiety:98,energy:98
tick=3 subject=M04 event=survival_changed result=health:100->100,satiety:98->97,energy:98->97
tick=3 subject=M05 event=action_trace result=proposal:move:west,status:accepted,detail:position:97:47,position:97:47,territory:A,health:100,satiety:98,energy:98
tick=3 subject=M05 event=survival_changed result=health:100->100,satiety:98->97,energy:98->97
tick=3 subject=M06 event=action_trace result=proposal:move:east,status:accepted,detail:position:24:31,position:24:31,territory:A,health:100,satiety:98,energy:98
tick=3 subject=M06 event=survival_changed result=health:100->100,satiety:98->97,energy:98->97
tick=3 subject=M07 event=action_trace result=proposal:move:south,status:accepted,detail:position:61:91,position:61:91,territory:B,health:100,satiety:98,energy:98
tick=3 subject=M07 event=survival_changed result=health:100->100,satiety:98->97,energy:98->97
tick=3 subject=M08 event=action_trace result=proposal:move:east,status:accepted,detail:position:76:73,position:76:73,territory:B,health:100,satiety:98,energy:98
tick=3 subject=M08 event=survival_changed result=health:100->100,satiety:98->97,energy:98->97
tick=3 subject=M09 event=action_trace result=proposal:move:east,status:accepted,detail:position:122:96,position:122:96,territory:B,health:100,satiety:98,energy:98
tick=3 subject=M09 event=survival_changed result=health:100->100,satiety:98->97,energy:98->97
tick=3 subject=M10 event=action_trace result=proposal:move:south,status:accepted,detail:position:126:115,position:126:115,territory:B,health:100,satiety:98,energy:98
tick=3 subject=M10 event=survival_changed result=health:100->100,satiety:98->97,energy:98->97
tick=3 subject=M11 event=action_trace result=proposal:move:west,status:accepted,detail:position:100:86,position:100:86,territory:B,health:100,satiety:98,energy:98
tick=3 subject=M11 event=survival_changed result=health:100->100,satiety:98->97,energy:98->97
tick=3 subject=M12 event=action_trace result=proposal:move:north,status:accepted,detail:position:57:82,position:57:82,territory:B,health:100,satiety:98,energy:98
tick=3 subject=M12 event=survival_changed result=health:100->100,satiety:98->97,energy:98->97
tick=4 subject=M01 event=action_trace result=proposal:move:north,status:accepted,detail:position:65:29,position:65:29,territory:A,health:100,satiety:97,energy:97
tick=4 subject=M01 event=survival_changed result=health:100->100,satiety:97->96,energy:97->96
tick=4 subject=M02 event=action_trace result=proposal:move:south,status:accepted,detail:position:61:52,position:61:52,territory:A,health:100,satiety:97,energy:97
tick=4 subject=M02 event=survival_changed result=health:100->100,satiety:97->96,energy:97->96
tick=4 subject=M03 event=action_trace result=proposal:move:south,status:accepted,detail:position:23:59,position:23:59,territory:A,health:100,satiety:97,energy:97
tick=4 subject=M03 event=survival_changed result=health:100->100,satiety:97->96,energy:97->96
tick=4 subject=M04 event=action_trace result=proposal:move:north,status:accepted,detail:position:15:17,position:15:17,territory:A,health:100,satiety:97,energy:97
tick=4 subject=M04 event=survival_changed result=health:100->100,satiety:97->96,energy:97->96
tick=4 subject=M05 event=action_trace result=proposal:move:west,status:accepted,detail:position:96:47,position:96:47,territory:A,health:100,satiety:97,energy:97
tick=4 subject=M05 event=survival_changed result=health:100->100,satiety:97->96,energy:97->96
tick=4 subject=M06 event=action_trace result=proposal:move:north,status:accepted,detail:position:24:30,position:24:30,territory:A,health:100,satiety:97,energy:97
tick=4 subject=M06 event=survival_changed result=health:100->100,satiety:97->96,energy:97->96
tick=4 subject=M07 event=action_trace result=proposal:move:north,status:accepted,detail:position:61:90,position:61:90,territory:B,health:100,satiety:97,energy:97
tick=4 subject=M07 event=survival_changed result=health:100->100,satiety:97->96,energy:97->96
tick=4 subject=M08 event=action_trace result=proposal:move:south,status:accepted,detail:position:76:74,position:76:74,territory:B,health:100,satiety:97,energy:97
tick=4 subject=M08 event=survival_changed result=health:100->100,satiety:97->96,energy:97->96
tick=4 subject=M09 event=action_trace result=proposal:move:south,status:accepted,detail:position:122:97,position:122:97,territory:B,health:100,satiety:97,energy:97
tick=4 subject=M09 event=survival_changed result=health:100->100,satiety:97->96,energy:97->96
tick=4 subject=M10 event=action_trace result=proposal:move:west,status:accepted,detail:position:125:115,position:125:115,territory:B,health:100,satiety:97,energy:97
tick=4 subject=M10 event=survival_changed result=health:100->100,satiety:97->96,energy:97->96
tick=4 subject=M11 event=action_trace result=proposal:move:west,status:accepted,detail:position:99:86,position:99:86,territory:B,health:100,satiety:97,energy:97
tick=4 subject=M11 event=survival_changed result=health:100->100,satiety:97->96,energy:97->96
tick=4 subject=M12 event=action_trace result=proposal:move:west,status:accepted,detail:position:56:82,position:56:82,territory:B,health:100,satiety:97,energy:97
tick=4 subject=M12 event=survival_changed result=health:100->100,satiety:97->96,energy:97->96
tick=5 subject=M01 event=action_trace result=proposal:move:west,status:accepted,detail:position:64:29,position:64:29,territory:A,health:100,satiety:96,energy:96
tick=5 subject=M01 event=survival_changed result=health:100->100,satiety:96->95,energy:96->95
tick=5 subject=M02 event=action_trace result=proposal:move:north,status:accepted,detail:position:61:51,position:61:51,territory:A,health:100,satiety:96,energy:96
tick=5 subject=M02 event=survival_changed result=health:100->100,satiety:96->95,energy:96->95
tick=5 subject=M03 event=action_trace result=proposal:move:west,status:accepted,detail:position:22:59,position:22:59,territory:A,health:100,satiety:96,energy:96
tick=5 subject=M03 event=survival_changed result=health:100->100,satiety:96->95,energy:96->95
tick=5 subject=M04 event=action_trace result=proposal:move:north,status:accepted,detail:position:15:16,position:15:16,territory:A,health:100,satiety:96,energy:96
tick=5 subject=M04 event=survival_changed result=health:100->100,satiety:96->95,energy:96->95
tick=5 subject=M05 event=action_trace result=proposal:move:north,status:accepted,detail:position:96:46,position:96:46,territory:A,health:100,satiety:96,energy:96
tick=5 subject=M05 event=survival_changed result=health:100->100,satiety:96->95,energy:96->95
tick=5 subject=M06 event=action_trace result=proposal:move:south,status:accepted,detail:position:24:31,position:24:31,territory:A,health:100,satiety:96,energy:96
tick=5 subject=M06 event=survival_changed result=health:100->100,satiety:96->95,energy:96->95
tick=5 subject=M07 event=action_trace result=proposal:move:north,status:accepted,detail:position:61:89,position:61:89,territory:B,health:100,satiety:96,energy:96
tick=5 subject=M07 event=survival_changed result=health:100->100,satiety:96->95,energy:96->95
tick=5 subject=M08 event=action_trace result=proposal:move:north,status:accepted,detail:position:76:73,position:76:73,territory:B,health:100,satiety:96,energy:96
tick=5 subject=M08 event=survival_changed result=health:100->100,satiety:96->95,energy:96->95
tick=5 subject=M09 event=action_trace result=proposal:move:south,status:accepted,detail:position:122:98,position:122:98,territory:B,health:100,satiety:96,energy:96
tick=5 subject=M09 event=survival_changed result=health:100->100,satiety:96->95,energy:96->95
tick=5 subject=M10 event=action_trace result=proposal:move:north,status:accepted,detail:position:125:114,position:125:114,territory:B,health:100,satiety:96,energy:96
tick=5 subject=M10 event=survival_changed result=health:100->100,satiety:96->95,energy:96->95
tick=5 subject=M11 event=action_trace result=proposal:move:south,status:accepted,detail:position:99:87,position:99:87,territory:B,health:100,satiety:96,energy:96
tick=5 subject=M11 event=survival_changed result=health:100->100,satiety:96->95,energy:96->95
tick=5 subject=M12 event=action_trace result=proposal:move:east,status:accepted,detail:position:57:82,position:57:82,territory:B,health:100,satiety:96,energy:96
tick=5 subject=M12 event=survival_changed result=health:100->100,satiety:96->95,energy:96->95
tick=6 subject=M01 event=action_trace result=proposal:move:north,status:accepted,detail:position:64:28,position:64:28,territory:A,health:100,satiety:95,energy:95
tick=6 subject=M01 event=survival_changed result=health:100->100,satiety:95->94,energy:95->94
tick=6 subject=M02 event=action_trace result=proposal:move:west,status:accepted,detail:position:60:51,position:60:51,territory:A,health:100,satiety:95,energy:95
tick=6 subject=M02 event=survival_changed result=health:100->100,satiety:95->94,energy:95->94
tick=6 subject=M03 event=action_trace result=proposal:move:east,status:accepted,detail:position:23:59,position:23:59,territory:A,health:100,satiety:95,energy:95
tick=6 subject=M03 event=survival_changed result=health:100->100,satiety:95->94,energy:95->94
tick=6 subject=M04 event=action_trace result=proposal:move:south,status:accepted,detail:position:15:17,position:15:17,territory:A,health:100,satiety:95,energy:95
tick=6 subject=M04 event=survival_changed result=health:100->100,satiety:95->94,energy:95->94
tick=6 subject=M05 event=action_trace result=proposal:move:east,status:accepted,detail:position:97:46,position:97:46,territory:A,health:100,satiety:95,energy:95
tick=6 subject=M05 event=survival_changed result=health:100->100,satiety:95->94,energy:95->94
tick=6 subject=M06 event=action_trace result=proposal:move:north,status:accepted,detail:position:24:30,position:24:30,territory:A,health:100,satiety:95,energy:95
tick=6 subject=M06 event=survival_changed result=health:100->100,satiety:95->94,energy:95->94
tick=6 subject=M07 event=action_trace result=proposal:move:east,status:accepted,detail:position:62:89,position:62:89,territory:B,health:100,satiety:95,energy:95
tick=6 subject=M07 event=survival_changed result=health:100->100,satiety:95->94,energy:95->94
tick=6 subject=M08 event=action_trace result=proposal:move:west,status:accepted,detail:position:75:73,position:75:73,territory:B,health:100,satiety:95,energy:95
tick=6 subject=M08 event=survival_changed result=health:100->100,satiety:95->94,energy:95->94
tick=6 subject=M09 event=action_trace result=proposal:move:north,status:accepted,detail:position:122:97,position:122:97,territory:B,health:100,satiety:95,energy:95
tick=6 subject=M09 event=survival_changed result=health:100->100,satiety:95->94,energy:95->94
tick=6 subject=M10 event=action_trace result=proposal:move:north,status:accepted,detail:position:125:113,position:125:113,territory:B,health:100,satiety:95,energy:95
tick=6 subject=M10 event=survival_changed result=health:100->100,satiety:95->94,energy:95->94
tick=6 subject=M11 event=action_trace result=proposal:move:west,status:accepted,detail:position:98:87,position:98:87,territory:B,health:100,satiety:95,energy:95
tick=6 subject=M11 event=survival_changed result=health:100->100,satiety:95->94,energy:95->94
tick=6 subject=M12 event=action_trace result=proposal:move:south,status:accepted,detail:position:57:83,position:57:83,territory:B,health:100,satiety:95,energy:95
tick=6 subject=M12 event=survival_changed result=health:100->100,satiety:95->94,energy:95->94
tick=7 subject=M01 event=action_trace result=proposal:move:north,status:accepted,detail:position:64:27,position:64:27,territory:A,health:100,satiety:94,energy:94
tick=7 subject=M01 event=survival_changed result=health:100->100,satiety:94->93,energy:94->93
tick=7 subject=M02 event=action_trace result=proposal:move:south,status:accepted,detail:position:60:52,position:60:52,territory:A,health:100,satiety:94,energy:94
tick=7 subject=M02 event=survival_changed result=health:100->100,satiety:94->93,energy:94->93
tick=7 subject=M03 event=action_trace result=proposal:move:south,status:accepted,detail:position:23:60,position:23:60,territory:A,health:100,satiety:94,energy:94
tick=7 subject=M03 event=survival_changed result=health:100->100,satiety:94->93,energy:94->93
tick=7 subject=M04 event=action_trace result=proposal:move:south,status:accepted,detail:position:15:18,position:15:18,territory:A,health:100,satiety:94,energy:94
tick=7 subject=M04 event=survival_changed result=health:100->100,satiety:94->93,energy:94->93
tick=7 subject=M05 event=action_trace result=proposal:move:west,status:accepted,detail:position:96:46,position:96:46,territory:A,health:100,satiety:94,energy:94
tick=7 subject=M05 event=survival_changed result=health:100->100,satiety:94->93,energy:94->93
tick=7 subject=M06 event=action_trace result=proposal:move:north,status:accepted,detail:position:24:29,position:24:29,territory:A,health:100,satiety:94,energy:94
tick=7 subject=M06 event=survival_changed result=health:100->100,satiety:94->93,energy:94->93
tick=7 subject=M07 event=action_trace result=proposal:move:east,status:accepted,detail:position:63:89,position:63:89,territory:B,health:100,satiety:94,energy:94
tick=7 subject=M07 event=survival_changed result=health:100->100,satiety:94->93,energy:94->93
tick=7 subject=M08 event=action_trace result=proposal:move:east,status:accepted,detail:position:76:73,position:76:73,territory:B,health:100,satiety:94,energy:94
tick=7 subject=M08 event=survival_changed result=health:100->100,satiety:94->93,energy:94->93
tick=7 subject=M09 event=action_trace result=proposal:move:west,status:accepted,detail:position:121:97,position:121:97,territory:B,health:100,satiety:94,energy:94
tick=7 subject=M09 event=survival_changed result=health:100->100,satiety:94->93,energy:94->93
tick=7 subject=M10 event=action_trace result=proposal:move:west,status:accepted,detail:position:124:113,position:124:113,territory:B,health:100,satiety:94,energy:94
tick=7 subject=M10 event=survival_changed result=health:100->100,satiety:94->93,energy:94->93
tick=7 subject=M11 event=action_trace result=proposal:move:south,status:accepted,detail:position:98:88,position:98:88,territory:B,health:100,satiety:94,energy:94
tick=7 subject=M11 event=survival_changed result=health:100->100,satiety:94->93,energy:94->93
tick=7 subject=M12 event=action_trace result=proposal:move:north,status:accepted,detail:position:57:82,position:57:82,territory:B,health:100,satiety:94,energy:94
tick=7 subject=M12 event=survival_changed result=health:100->100,satiety:94->93,energy:94->93
tick=8 subject=M01 event=action_trace result=proposal:move:east,status:accepted,detail:position:65:27,position:65:27,territory:A,health:100,satiety:93,energy:93
tick=8 subject=M01 event=survival_changed result=health:100->100,satiety:93->92,energy:93->92
tick=8 subject=M02 event=action_trace result=proposal:move:east,status:accepted,detail:position:61:52,position:61:52,territory:A,health:100,satiety:93,energy:93
tick=8 subject=M02 event=survival_changed result=health:100->100,satiety:93->92,energy:93->92
tick=8 subject=M03 event=action_trace result=proposal:move:east,status:accepted,detail:position:24:60,position:24:60,territory:A,health:100,satiety:93,energy:93
tick=8 subject=M03 event=survival_changed result=health:100->100,satiety:93->92,energy:93->92
tick=8 subject=M04 event=action_trace result=proposal:move:south,status:accepted,detail:position:15:19,position:15:19,territory:A,health:100,satiety:93,energy:93
tick=8 subject=M04 event=survival_changed result=health:100->100,satiety:93->92,energy:93->92
tick=8 subject=M05 event=action_trace result=proposal:move:west,status:accepted,detail:position:95:46,position:95:46,territory:A,health:100,satiety:93,energy:93
tick=8 subject=M05 event=survival_changed result=health:100->100,satiety:93->92,energy:93->92
tick=8 subject=M06 event=action_trace result=proposal:move:west,status:accepted,detail:position:23:29,position:23:29,territory:A,health:100,satiety:93,energy:93
tick=8 subject=M06 event=survival_changed result=health:100->100,satiety:93->92,energy:93->92
tick=8 subject=M07 event=action_trace result=proposal:move:west,status:accepted,detail:position:62:89,position:62:89,territory:B,health:100,satiety:93,energy:93
tick=8 subject=M07 event=survival_changed result=health:100->100,satiety:93->92,energy:93->92
tick=8 subject=M08 event=action_trace result=proposal:move:north,status:accepted,detail:position:76:72,position:76:72,territory:B,health:100,satiety:93,energy:93
tick=8 subject=M08 event=survival_changed result=health:100->100,satiety:93->92,energy:93->92
tick=8 subject=M09 event=action_trace result=proposal:move:north,status:accepted,detail:position:121:96,position:121:96,territory:B,health:100,satiety:93,energy:93
tick=8 subject=M09 event=survival_changed result=health:100->100,satiety:93->92,energy:93->92
tick=8 subject=M10 event=action_trace result=proposal:move:north,status:accepted,detail:position:124:112,position:124:112,territory:B,health:100,satiety:93,energy:93
tick=8 subject=M10 event=survival_changed result=health:100->100,satiety:93->92,energy:93->92
tick=8 subject=M11 event=action_trace result=proposal:move:west,status:accepted,detail:position:97:88,position:97:88,territory:B,health:100,satiety:93,energy:93
tick=8 subject=M11 event=survival_changed result=health:100->100,satiety:93->92,energy:93->92
tick=8 subject=M12 event=action_trace result=proposal:move:east,status:accepted,detail:position:58:82,position:58:82,territory:B,health:100,satiety:93,energy:93
tick=8 subject=M12 event=survival_changed result=health:100->100,satiety:93->92,energy:93->92
tick=9 subject=M01 event=action_trace result=proposal:move:west,status:accepted,detail:position:64:27,position:64:27,territory:A,health:100,satiety:92,energy:92
tick=9 subject=M01 event=survival_changed result=health:100->100,satiety:92->91,energy:92->91
tick=9 subject=M02 event=action_trace result=proposal:move:east,status:accepted,detail:position:62:52,position:62:52,territory:A,health:100,satiety:92,energy:92
tick=9 subject=M02 event=survival_changed result=health:100->100,satiety:92->91,energy:92->91
tick=9 subject=M03 event=action_trace result=proposal:move:south,status:accepted,detail:position:24:61,position:24:61,territory:A,health:100,satiety:92,energy:92
tick=9 subject=M03 event=survival_changed result=health:100->100,satiety:92->91,energy:92->91
tick=9 subject=M04 event=action_trace result=proposal:move:east,status:accepted,detail:position:16:19,position:16:19,territory:A,health:100,satiety:92,energy:92
tick=9 subject=M04 event=survival_changed result=health:100->100,satiety:92->91,energy:92->91
tick=9 subject=M05 event=action_trace result=proposal:move:east,status:accepted,detail:position:96:46,position:96:46,territory:A,health:100,satiety:92,energy:92
tick=9 subject=M05 event=survival_changed result=health:100->100,satiety:92->91,energy:92->91
tick=9 subject=M06 event=action_trace result=proposal:move:east,status:accepted,detail:position:24:29,position:24:29,territory:A,health:100,satiety:92,energy:92
tick=9 subject=M06 event=survival_changed result=health:100->100,satiety:92->91,energy:92->91
tick=9 subject=M07 event=action_trace result=proposal:move:west,status:accepted,detail:position:61:89,position:61:89,territory:B,health:100,satiety:92,energy:92
tick=9 subject=M07 event=survival_changed result=health:100->100,satiety:92->91,energy:92->91
tick=9 subject=M08 event=action_trace result=proposal:move:north,status:accepted,detail:position:76:71,position:76:71,territory:B,health:100,satiety:92,energy:92
tick=9 subject=M08 event=survival_changed result=health:100->100,satiety:92->91,energy:92->91
tick=9 subject=M09 event=action_trace result=proposal:move:south,status:accepted,detail:position:121:97,position:121:97,territory:B,health:100,satiety:92,energy:92
tick=9 subject=M09 event=survival_changed result=health:100->100,satiety:92->91,energy:92->91
tick=9 subject=M10 event=action_trace result=proposal:move:south,status:accepted,detail:position:124:113,position:124:113,territory:B,health:100,satiety:92,energy:92
tick=9 subject=M10 event=survival_changed result=health:100->100,satiety:92->91,energy:92->91
tick=9 subject=M11 event=action_trace result=proposal:move:south,status:accepted,detail:position:97:89,position:97:89,territory:B,health:100,satiety:92,energy:92
tick=9 subject=M11 event=survival_changed result=health:100->100,satiety:92->91,energy:92->91
tick=9 subject=M12 event=action_trace result=proposal:move:south,status:accepted,detail:position:58:83,position:58:83,territory:B,health:100,satiety:92,energy:92
tick=9 subject=M12 event=survival_changed result=health:100->100,satiety:92->91,energy:92->91
tick=10 subject=M01 event=action_trace result=proposal:move:west,status:accepted,detail:position:63:27,position:63:27,territory:A,health:100,satiety:91,energy:91
tick=10 subject=M01 event=survival_changed result=health:100->100,satiety:91->90,energy:91->90
tick=10 subject=M02 event=action_trace result=proposal:move:east,status:accepted,detail:position:63:52,position:63:52,territory:A,health:100,satiety:91,energy:91
tick=10 subject=M02 event=survival_changed result=health:100->100,satiety:91->90,energy:91->90
tick=10 subject=M03 event=action_trace result=proposal:move:east,status:accepted,detail:position:25:61,position:25:61,territory:A,health:100,satiety:91,energy:91
tick=10 subject=M03 event=survival_changed result=health:100->100,satiety:91->90,energy:91->90
tick=10 subject=M04 event=action_trace result=proposal:move:south,status:accepted,detail:position:16:20,position:16:20,territory:A,health:100,satiety:91,energy:91
tick=10 subject=M04 event=survival_changed result=health:100->100,satiety:91->90,energy:91->90
tick=10 subject=M05 event=action_trace result=proposal:move:south,status:accepted,detail:position:96:47,position:96:47,territory:A,health:100,satiety:91,energy:91
tick=10 subject=M05 event=survival_changed result=health:100->100,satiety:91->90,energy:91->90
tick=10 subject=M06 event=action_trace result=proposal:move:east,status:accepted,detail:position:25:29,position:25:29,territory:A,health:100,satiety:91,energy:91
tick=10 subject=M06 event=survival_changed result=health:100->100,satiety:91->90,energy:91->90
tick=10 subject=M07 event=action_trace result=proposal:move:west,status:accepted,detail:position:60:89,position:60:89,territory:B,health:100,satiety:91,energy:91
tick=10 subject=M07 event=survival_changed result=health:100->100,satiety:91->90,energy:91->90
tick=10 subject=M08 event=action_trace result=proposal:move:east,status:accepted,detail:position:77:71,position:77:71,territory:B,health:100,satiety:91,energy:91
tick=10 subject=M08 event=survival_changed result=health:100->100,satiety:91->90,energy:91->90
tick=10 subject=M09 event=action_trace result=proposal:move:south,status:accepted,detail:position:121:98,position:121:98,territory:B,health:100,satiety:91,energy:91
tick=10 subject=M09 event=survival_changed result=health:100->100,satiety:91->90,energy:91->90
tick=10 subject=M10 event=action_trace result=proposal:move:north,status:accepted,detail:position:124:112,position:124:112,territory:B,health:100,satiety:91,energy:91
tick=10 subject=M10 event=survival_changed result=health:100->100,satiety:91->90,energy:91->90
tick=10 subject=M11 event=action_trace result=proposal:move:west,status:accepted,detail:position:96:89,position:96:89,territory:B,health:100,satiety:91,energy:91
tick=10 subject=M11 event=survival_changed result=health:100->100,satiety:91->90,energy:91->90
tick=10 subject=M12 event=action_trace result=proposal:move:north,status:accepted,detail:position:58:82,position:58:82,territory:B,health:100,satiety:91,energy:91
tick=10 subject=M12 event=survival_changed result=health:100->100,satiety:91->90,energy:91->90
tick=10 subject=A event=food_regeneration_skipped result=reason:capacity,count:61
tick=10 subject=B event=food_regeneration_skipped result=reason:capacity,count:61
tick=11 subject=M01 event=action_trace result=proposal:move:west,status:accepted,detail:position:62:27,position:62:27,territory:A,health:100,satiety:90,energy:90
tick=11 subject=M01 event=survival_changed result=health:100->100,satiety:90->89,energy:90->89
tick=11 subject=M02 event=action_trace result=proposal:move:west,status:accepted,detail:position:62:52,position:62:52,territory:A,health:100,satiety:90,energy:90
tick=11 subject=M02 event=survival_changed result=health:100->100,satiety:90->89,energy:90->89
tick=11 subject=M03 event=action_trace result=proposal:move:south,status:accepted,detail:position:25:62,position:25:62,territory:A,health:100,satiety:90,energy:90
tick=11 subject=M03 event=survival_changed result=health:100->100,satiety:90->89,energy:90->89
tick=11 subject=M04 event=action_trace result=proposal:move:east,status:accepted,detail:position:17:20,position:17:20,territory:A,health:100,satiety:90,energy:90
tick=11 subject=M04 event=survival_changed result=health:100->100,satiety:90->89,energy:90->89
tick=11 subject=M05 event=action_trace result=proposal:move:west,status:accepted,detail:position:95:47,position:95:47,territory:A,health:100,satiety:90,energy:90
tick=11 subject=M05 event=survival_changed result=health:100->100,satiety:90->89,energy:90->89
tick=11 subject=M06 event=action_trace result=proposal:move:west,status:accepted,detail:position:24:29,position:24:29,territory:A,health:100,satiety:90,energy:90
tick=11 subject=M06 event=survival_changed result=health:100->100,satiety:90->89,energy:90->89
tick=11 subject=M07 event=action_trace result=proposal:move:north,status:accepted,detail:position:60:88,position:60:88,territory:B,health:100,satiety:90,energy:90
tick=11 subject=M07 event=survival_changed result=health:100->100,satiety:90->89,energy:90->89
tick=11 subject=M08 event=action_trace result=proposal:move:west,status:accepted,detail:position:76:71,position:76:71,territory:B,health:100,satiety:90,energy:90
tick=11 subject=M08 event=survival_changed result=health:100->100,satiety:90->89,energy:90->89
tick=11 subject=M09 event=action_trace result=proposal:move:south,status:accepted,detail:position:121:99,position:121:99,territory:B,health:100,satiety:90,energy:90
tick=11 subject=M09 event=survival_changed result=health:100->100,satiety:90->89,energy:90->89
tick=11 subject=M10 event=action_trace result=proposal:move:east,status:accepted,detail:position:125:112,position:125:112,territory:B,health:100,satiety:90,energy:90
tick=11 subject=M10 event=survival_changed result=health:100->100,satiety:90->89,energy:90->89
tick=11 subject=M11 event=action_trace result=proposal:move:north,status:accepted,detail:position:96:88,position:96:88,territory:B,health:100,satiety:90,energy:90
tick=11 subject=M11 event=survival_changed result=health:100->100,satiety:90->89,energy:90->89
tick=11 subject=M12 event=action_trace result=proposal:move:south,status:accepted,detail:position:58:83,position:58:83,territory:B,health:100,satiety:90,energy:90
tick=11 subject=M12 event=survival_changed result=health:100->100,satiety:90->89,energy:90->89
tick=12 subject=M01 event=action_trace result=proposal:move:north,status:accepted,detail:position:62:26,position:62:26,territory:A,health:100,satiety:89,energy:89
tick=12 subject=M01 event=survival_changed result=health:100->100,satiety:89->88,energy:89->88
tick=12 subject=M02 event=action_trace result=proposal:move:west,status:accepted,detail:position:61:52,position:61:52,territory:A,health:100,satiety:89,energy:89
tick=12 subject=M02 event=survival_changed result=health:100->100,satiety:89->88,energy:89->88
tick=12 subject=M03 event=action_trace result=proposal:move:east,status:accepted,detail:position:26:62,position:26:62,territory:A,health:100,satiety:89,energy:89
tick=12 subject=M03 event=survival_changed result=health:100->100,satiety:89->88,energy:89->88
tick=12 subject=M04 event=action_trace result=proposal:move:south,status:accepted,detail:position:17:21,position:17:21,territory:A,health:100,satiety:89,energy:89
tick=12 subject=M04 event=survival_changed result=health:100->100,satiety:89->88,energy:89->88
tick=12 subject=M05 event=action_trace result=proposal:move:north,status:accepted,detail:position:95:46,position:95:46,territory:A,health:100,satiety:89,energy:89
tick=12 subject=M05 event=survival_changed result=health:100->100,satiety:89->88,energy:89->88
tick=12 subject=M06 event=action_trace result=proposal:move:north,status:accepted,detail:position:24:28,position:24:28,territory:A,health:100,satiety:89,energy:89
tick=12 subject=M06 event=survival_changed result=health:100->100,satiety:89->88,energy:89->88
tick=12 subject=M07 event=action_trace result=proposal:move:south,status:accepted,detail:position:60:89,position:60:89,territory:B,health:100,satiety:89,energy:89
tick=12 subject=M07 event=survival_changed result=health:100->100,satiety:89->88,energy:89->88
tick=12 subject=M08 event=action_trace result=proposal:move:south,status:accepted,detail:position:76:72,position:76:72,territory:B,health:100,satiety:89,energy:89
tick=12 subject=M08 event=survival_changed result=health:100->100,satiety:89->88,energy:89->88
tick=12 subject=M09 event=action_trace result=proposal:move:north,status:accepted,detail:position:121:98,position:121:98,territory:B,health:100,satiety:89,energy:89
tick=12 subject=M09 event=survival_changed result=health:100->100,satiety:89->88,energy:89->88
tick=12 subject=M10 event=action_trace result=proposal:move:east,status:accepted,detail:position:126:112,position:126:112,territory:B,health:100,satiety:89,energy:89
tick=12 subject=M10 event=survival_changed result=health:100->100,satiety:89->88,energy:89->88
tick=12 subject=M11 event=action_trace result=proposal:move:south,status:accepted,detail:position:96:89,position:96:89,territory:B,health:100,satiety:89,energy:89
tick=12 subject=M11 event=survival_changed result=health:100->100,satiety:89->88,energy:89->88
tick=12 subject=M12 event=action_trace result=proposal:move:east,status:accepted,detail:position:59:83,position:59:83,territory:B,health:100,satiety:89,energy:89
tick=12 subject=M12 event=survival_changed result=health:100->100,satiety:89->88,energy:89->88
tick=13 subject=M01 event=action_trace result=proposal:move:south,status:accepted,detail:position:62:27,position:62:27,territory:A,health:100,satiety:88,energy:88
tick=13 subject=M01 event=survival_changed result=health:100->100,satiety:88->87,energy:88->87
tick=13 subject=M02 event=action_trace result=proposal:move:east,status:accepted,detail:position:62:52,position:62:52,territory:A,health:100,satiety:88,energy:88
tick=13 subject=M02 event=survival_changed result=health:100->100,satiety:88->87,energy:88->87
tick=13 subject=M03 event=action_trace result=proposal:move:west,status:accepted,detail:position:25:62,position:25:62,territory:A,health:100,satiety:88,energy:88
tick=13 subject=M03 event=survival_changed result=health:100->100,satiety:88->87,energy:88->87
tick=13 subject=M04 event=action_trace result=proposal:move:west,status:accepted,detail:position:16:21,position:16:21,territory:A,health:100,satiety:88,energy:88
tick=13 subject=M04 event=survival_changed result=health:100->100,satiety:88->87,energy:88->87
tick=13 subject=M05 event=action_trace result=proposal:move:south,status:accepted,detail:position:95:47,position:95:47,territory:A,health:100,satiety:88,energy:88
tick=13 subject=M05 event=survival_changed result=health:100->100,satiety:88->87,energy:88->87
tick=13 subject=M06 event=action_trace result=proposal:move:south,status:accepted,detail:position:24:29,position:24:29,territory:A,health:100,satiety:88,energy:88
tick=13 subject=M06 event=survival_changed result=health:100->100,satiety:88->87,energy:88->87
tick=13 subject=M07 event=action_trace result=proposal:move:north,status:accepted,detail:position:60:88,position:60:88,territory:B,health:100,satiety:88,energy:88
tick=13 subject=M07 event=survival_changed result=health:100->100,satiety:88->87,energy:88->87
tick=13 subject=M08 event=action_trace result=proposal:move:south,status:accepted,detail:position:76:73,position:76:73,territory:B,health:100,satiety:88,energy:88
tick=13 subject=M08 event=survival_changed result=health:100->100,satiety:88->87,energy:88->87
tick=13 subject=M09 event=action_trace result=proposal:move:west,status:accepted,detail:position:120:98,position:120:98,territory:B,health:100,satiety:88,energy:88
tick=13 subject=M09 event=survival_changed result=health:100->100,satiety:88->87,energy:88->87
tick=13 subject=M10 event=action_trace result=proposal:move:north,status:accepted,detail:position:126:111,position:126:111,territory:B,health:100,satiety:88,energy:88
tick=13 subject=M10 event=survival_changed result=health:100->100,satiety:88->87,energy:88->87
tick=13 subject=M11 event=action_trace result=proposal:move:south,status:accepted,detail:position:96:90,position:96:90,territory:B,health:100,satiety:88,energy:88
tick=13 subject=M11 event=survival_changed result=health:100->100,satiety:88->87,energy:88->87
tick=13 subject=M12 event=action_trace result=proposal:move:east,status:accepted,detail:position:60:83,position:60:83,territory:B,health:100,satiety:88,energy:88
tick=13 subject=M12 event=survival_changed result=health:100->100,satiety:88->87,energy:88->87
tick=14 subject=M01 event=action_trace result=proposal:move:east,status:accepted,detail:position:63:27,position:63:27,territory:A,health:100,satiety:87,energy:87
tick=14 subject=M01 event=survival_changed result=health:100->100,satiety:87->86,energy:87->86
tick=14 subject=M02 event=action_trace result=proposal:move:east,status:accepted,detail:position:63:52,position:63:52,territory:A,health:100,satiety:87,energy:87
tick=14 subject=M02 event=survival_changed result=health:100->100,satiety:87->86,energy:87->86
tick=14 subject=M03 event=action_trace result=proposal:move:east,status:accepted,detail:position:26:62,position:26:62,territory:A,health:100,satiety:87,energy:87
tick=14 subject=M03 event=survival_changed result=health:100->100,satiety:87->86,energy:87->86
tick=14 subject=M04 event=action_trace result=proposal:move:east,status:accepted,detail:position:17:21,position:17:21,territory:A,health:100,satiety:87,energy:87
tick=14 subject=M04 event=survival_changed result=health:100->100,satiety:87->86,energy:87->86
tick=14 subject=M05 event=action_trace result=proposal:move:east,status:accepted,detail:position:96:47,position:96:47,territory:A,health:100,satiety:87,energy:87
tick=14 subject=M05 event=survival_changed result=health:100->100,satiety:87->86,energy:87->86
tick=14 subject=M06 event=action_trace result=proposal:move:north,status:accepted,detail:position:24:28,position:24:28,territory:A,health:100,satiety:87,energy:87
tick=14 subject=M06 event=survival_changed result=health:100->100,satiety:87->86,energy:87->86
tick=14 subject=M07 event=action_trace result=proposal:move:north,status:accepted,detail:position:60:87,position:60:87,territory:B,health:100,satiety:87,energy:87
tick=14 subject=M07 event=survival_changed result=health:100->100,satiety:87->86,energy:87->86
tick=14 subject=M08 event=action_trace result=proposal:move:south,status:accepted,detail:position:76:74,position:76:74,territory:B,health:100,satiety:87,energy:87
tick=14 subject=M08 event=survival_changed result=health:100->100,satiety:87->86,energy:87->86
tick=14 subject=M09 event=action_trace result=proposal:move:south,status:accepted,detail:position:120:99,position:120:99,territory:B,health:100,satiety:87,energy:87
tick=14 subject=M09 event=survival_changed result=health:100->100,satiety:87->86,energy:87->86
tick=14 subject=M10 event=action_trace result=proposal:move:west,status:accepted,detail:position:125:111,position:125:111,territory:B,health:100,satiety:87,energy:87
tick=14 subject=M10 event=survival_changed result=health:100->100,satiety:87->86,energy:87->86
tick=14 subject=M11 event=action_trace result=proposal:move:south,status:accepted,detail:position:96:91,position:96:91,territory:B,health:100,satiety:87,energy:87
tick=14 subject=M11 event=survival_changed result=health:100->100,satiety:87->86,energy:87->86
tick=14 subject=M12 event=action_trace result=proposal:move:north,status:accepted,detail:position:60:82,position:60:82,territory:B,health:100,satiety:87,energy:87
tick=14 subject=M12 event=survival_changed result=health:100->100,satiety:87->86,energy:87->86
tick=15 subject=M01 event=action_trace result=proposal:move:south,status:accepted,detail:position:63:28,position:63:28,territory:A,health:100,satiety:86,energy:86
tick=15 subject=M01 event=survival_changed result=health:100->100,satiety:86->85,energy:86->85
tick=15 subject=M02 event=action_trace result=proposal:move:west,status:accepted,detail:position:62:52,position:62:52,territory:A,health:100,satiety:86,energy:86
tick=15 subject=M02 event=survival_changed result=health:100->100,satiety:86->85,energy:86->85
tick=15 subject=M03 event=action_trace result=proposal:move:south,status:accepted,detail:position:26:63,position:26:63,territory:A,health:100,satiety:86,energy:86
tick=15 subject=M03 event=survival_changed result=health:100->100,satiety:86->85,energy:86->85
tick=15 subject=M04 event=action_trace result=proposal:move:west,status:accepted,detail:position:16:21,position:16:21,territory:A,health:100,satiety:86,energy:86
tick=15 subject=M04 event=survival_changed result=health:100->100,satiety:86->85,energy:86->85
tick=15 subject=M05 event=action_trace result=proposal:move:east,status:accepted,detail:position:97:47,position:97:47,territory:A,health:100,satiety:86,energy:86
tick=15 subject=M05 event=survival_changed result=health:100->100,satiety:86->85,energy:86->85
tick=15 subject=M06 event=action_trace result=proposal:move:south,status:accepted,detail:position:24:29,position:24:29,territory:A,health:100,satiety:86,energy:86
tick=15 subject=M06 event=survival_changed result=health:100->100,satiety:86->85,energy:86->85
tick=15 subject=M07 event=action_trace result=proposal:move:north,status:accepted,detail:position:60:86,position:60:86,territory:B,health:100,satiety:86,energy:86
tick=15 subject=M07 event=survival_changed result=health:100->100,satiety:86->85,energy:86->85
tick=15 subject=M08 event=action_trace result=proposal:move:west,status:accepted,detail:position:75:74,position:75:74,territory:B,health:100,satiety:86,energy:86
tick=15 subject=M08 event=survival_changed result=health:100->100,satiety:86->85,energy:86->85
tick=15 subject=M09 event=action_trace result=proposal:move:west,status:accepted,detail:position:119:99,position:119:99,territory:B,health:100,satiety:86,energy:86
tick=15 subject=M09 event=survival_changed result=health:100->100,satiety:86->85,energy:86->85
tick=15 subject=M10 event=action_trace result=proposal:move:west,status:accepted,detail:position:124:111,position:124:111,territory:B,health:100,satiety:86,energy:86
tick=15 subject=M10 event=survival_changed result=health:100->100,satiety:86->85,energy:86->85
tick=15 subject=M11 event=action_trace result=proposal:move:west,status:accepted,detail:position:95:91,position:95:91,territory:B,health:100,satiety:86,energy:86
tick=15 subject=M11 event=survival_changed result=health:100->100,satiety:86->85,energy:86->85
tick=15 subject=M12 event=action_trace result=proposal:move:north,status:accepted,detail:position:60:81,position:60:81,territory:B,health:100,satiety:86,energy:86
tick=15 subject=M12 event=survival_changed result=health:100->100,satiety:86->85,energy:86->85
tick=16 subject=M01 event=action_trace result=proposal:move:west,status:accepted,detail:position:62:28,position:62:28,territory:A,health:100,satiety:85,energy:85
tick=16 subject=M01 event=survival_changed result=health:100->100,satiety:85->84,energy:85->84
tick=16 subject=M02 event=action_trace result=proposal:move:west,status:accepted,detail:position:61:52,position:61:52,territory:A,health:100,satiety:85,energy:85
tick=16 subject=M02 event=survival_changed result=health:100->100,satiety:85->84,energy:85->84
tick=16 subject=M03 event=action_trace result=proposal:move:north,status:accepted,detail:position:26:62,position:26:62,territory:A,health:100,satiety:85,energy:85
tick=16 subject=M03 event=survival_changed result=health:100->100,satiety:85->84,energy:85->84
tick=16 subject=M04 event=action_trace result=proposal:move:west,status:accepted,detail:position:15:21,position:15:21,territory:A,health:100,satiety:85,energy:85
tick=16 subject=M04 event=survival_changed result=health:100->100,satiety:85->84,energy:85->84
tick=16 subject=M05 event=action_trace result=proposal:move:west,status:accepted,detail:position:96:47,position:96:47,territory:A,health:100,satiety:85,energy:85
tick=16 subject=M05 event=survival_changed result=health:100->100,satiety:85->84,energy:85->84
tick=16 subject=M06 event=action_trace result=proposal:move:west,status:accepted,detail:position:23:29,position:23:29,territory:A,health:100,satiety:85,energy:85
tick=16 subject=M06 event=survival_changed result=health:100->100,satiety:85->84,energy:85->84
tick=16 subject=M07 event=action_trace result=proposal:move:west,status:accepted,detail:position:59:86,position:59:86,territory:B,health:100,satiety:85,energy:85
tick=16 subject=M07 event=survival_changed result=health:100->100,satiety:85->84,energy:85->84
tick=16 subject=M08 event=action_trace result=proposal:move:south,status:accepted,detail:position:75:75,position:75:75,territory:B,health:100,satiety:85,energy:85
tick=16 subject=M08 event=survival_changed result=health:100->100,satiety:85->84,energy:85->84
tick=16 subject=M09 event=action_trace result=proposal:move:north,status:accepted,detail:position:119:98,position:119:98,territory:B,health:100,satiety:85,energy:85
tick=16 subject=M09 event=survival_changed result=health:100->100,satiety:85->84,energy:85->84
tick=16 subject=M10 event=action_trace result=proposal:move:south,status:accepted,detail:position:124:112,position:124:112,territory:B,health:100,satiety:85,energy:85
tick=16 subject=M10 event=survival_changed result=health:100->100,satiety:85->84,energy:85->84
tick=16 subject=M11 event=action_trace result=proposal:move:west,status:accepted,detail:position:94:91,position:94:91,territory:B,health:100,satiety:85,energy:85
tick=16 subject=M11 event=survival_changed result=health:100->100,satiety:85->84,energy:85->84
tick=16 subject=M12 event=action_trace result=proposal:move:east,status:accepted,detail:position:61:81,position:61:81,territory:B,health:100,satiety:85,energy:85
tick=16 subject=M12 event=survival_changed result=health:100->100,satiety:85->84,energy:85->84
tick=17 subject=M01 event=action_trace result=proposal:move:west,status:accepted,detail:position:61:28,position:61:28,territory:A,health:100,satiety:84,energy:84
tick=17 subject=M01 event=survival_changed result=health:100->100,satiety:84->83,energy:84->83
tick=17 subject=M02 event=action_trace result=proposal:move:west,status:accepted,detail:position:60:52,position:60:52,territory:A,health:100,satiety:84,energy:84
tick=17 subject=M02 event=survival_changed result=health:100->100,satiety:84->83,energy:84->83
tick=17 subject=M03 event=action_trace result=proposal:move:north,status:accepted,detail:position:26:61,position:26:61,territory:A,health:100,satiety:84,energy:84
tick=17 subject=M03 event=survival_changed result=health:100->100,satiety:84->83,energy:84->83
tick=17 subject=M04 event=action_trace result=proposal:move:south,status:accepted,detail:position:15:22,position:15:22,territory:A,health:100,satiety:84,energy:84
tick=17 subject=M04 event=survival_changed result=health:100->100,satiety:84->83,energy:84->83
tick=17 subject=M05 event=action_trace result=proposal:move:west,status:accepted,detail:position:95:47,position:95:47,territory:A,health:100,satiety:84,energy:84
tick=17 subject=M05 event=survival_changed result=health:100->100,satiety:84->83,energy:84->83
tick=17 subject=M06 event=action_trace result=proposal:move:west,status:accepted,detail:position:22:29,position:22:29,territory:A,health:100,satiety:84,energy:84
tick=17 subject=M06 event=survival_changed result=health:100->100,satiety:84->83,energy:84->83
tick=17 subject=M07 event=action_trace result=proposal:move:west,status:accepted,detail:position:58:86,position:58:86,territory:B,health:100,satiety:84,energy:84
tick=17 subject=M07 event=survival_changed result=health:100->100,satiety:84->83,energy:84->83
tick=17 subject=M08 event=action_trace result=proposal:move:south,status:accepted,detail:position:75:76,position:75:76,territory:B,health:100,satiety:84,energy:84
tick=17 subject=M08 event=survival_changed result=health:100->100,satiety:84->83,energy:84->83
tick=17 subject=M09 event=action_trace result=proposal:move:south,status:accepted,detail:position:119:99,position:119:99,territory:B,health:100,satiety:84,energy:84
tick=17 subject=M09 event=survival_changed result=health:100->100,satiety:84->83,energy:84->83
tick=17 subject=M10 event=action_trace result=proposal:move:south,status:accepted,detail:position:124:113,position:124:113,territory:B,health:100,satiety:84,energy:84
tick=17 subject=M10 event=survival_changed result=health:100->100,satiety:84->83,energy:84->83
tick=17 subject=M11 event=action_trace result=proposal:move:west,status:accepted,detail:position:93:91,position:93:91,territory:B,health:100,satiety:84,energy:84
tick=17 subject=M11 event=survival_changed result=health:100->100,satiety:84->83,energy:84->83
tick=17 subject=M12 event=action_trace result=proposal:move:east,status:accepted,detail:position:62:81,position:62:81,territory:B,health:100,satiety:84,energy:84
tick=17 subject=M12 event=survival_changed result=health:100->100,satiety:84->83,energy:84->83
tick=18 subject=M01 event=action_trace result=proposal:move:west,status:accepted,detail:position:60:28,position:60:28,territory:A,health:100,satiety:83,energy:83
tick=18 subject=M01 event=survival_changed result=health:100->100,satiety:83->82,energy:83->82
tick=18 subject=M02 event=action_trace result=proposal:move:west,status:accepted,detail:position:59:52,position:59:52,territory:A,health:100,satiety:83,energy:83
tick=18 subject=M02 event=survival_changed result=health:100->100,satiety:83->82,energy:83->82
tick=18 subject=M03 event=food_consumed result=food:F0058,class:low,satiety:83->98,energy:83->88
tick=18 subject=M03 event=action_trace result=proposal:eat:F0058,status:accepted,detail:food:F0058;class:low,position:26:61,territory:A,health:100,satiety:98,energy:88
tick=18 subject=M03 event=survival_changed result=health:100->100,satiety:98->97,energy:88->87
tick=18 subject=M04 event=action_trace result=proposal:move:south,status:accepted,detail:position:15:23,position:15:23,territory:A,health:100,satiety:83,energy:83
tick=18 subject=M04 event=survival_changed result=health:100->100,satiety:83->82,energy:83->82
tick=18 subject=M05 event=action_trace result=proposal:move:west,status:accepted,detail:position:94:47,position:94:47,territory:A,health:100,satiety:83,energy:83
tick=18 subject=M05 event=survival_changed result=health:100->100,satiety:83->82,energy:83->82
tick=18 subject=M06 event=action_trace result=proposal:move:west,status:accepted,detail:position:21:29,position:21:29,territory:A,health:100,satiety:83,energy:83
tick=18 subject=M06 event=survival_changed result=health:100->100,satiety:83->82,energy:83->82
tick=18 subject=M07 event=action_trace result=proposal:move:west,status:accepted,detail:position:57:86,position:57:86,territory:B,health:100,satiety:83,energy:83
tick=18 subject=M07 event=survival_changed result=health:100->100,satiety:83->82,energy:83->82
tick=18 subject=M08 event=action_trace result=proposal:move:south,status:accepted,detail:position:75:77,position:75:77,territory:B,health:100,satiety:83,energy:83
tick=18 subject=M08 event=survival_changed result=health:100->100,satiety:83->82,energy:83->82
tick=18 subject=M09 event=action_trace result=proposal:move:south,status:accepted,detail:position:119:100,position:119:100,territory:B,health:100,satiety:83,energy:83
tick=18 subject=M09 event=survival_changed result=health:100->100,satiety:83->82,energy:83->82
tick=18 subject=M10 event=action_trace result=proposal:move:south,status:accepted,detail:position:124:114,position:124:114,territory:B,health:100,satiety:83,energy:83
tick=18 subject=M10 event=survival_changed result=health:100->100,satiety:83->82,energy:83->82
tick=18 subject=M11 event=action_trace result=proposal:move:west,status:accepted,detail:position:92:91,position:92:91,territory:B,health:100,satiety:83,energy:83
tick=18 subject=M11 event=survival_changed result=health:100->100,satiety:83->82,energy:83->82
tick=18 subject=M12 event=action_trace result=proposal:move:east,status:accepted,detail:position:63:81,position:63:81,territory:B,health:100,satiety:83,energy:83
tick=18 subject=M12 event=survival_changed result=health:100->100,satiety:83->82,energy:83->82
tick=19 subject=M01 event=action_trace result=proposal:move:west,status:accepted,detail:position:59:28,position:59:28,territory:A,health:100,satiety:82,energy:82
tick=19 subject=M01 event=survival_changed result=health:100->100,satiety:82->81,energy:82->81
tick=19 subject=M02 event=action_trace result=proposal:move:west,status:accepted,detail:position:58:52,position:58:52,territory:A,health:100,satiety:82,energy:82
tick=19 subject=M02 event=survival_changed result=health:100->100,satiety:82->81,energy:82->81
tick=19 subject=M03 event=action_trace result=proposal:move:west,status:accepted,detail:position:25:61,position:25:61,territory:A,health:100,satiety:97,energy:87
tick=19 subject=M03 event=survival_changed result=health:100->100,satiety:97->96,energy:87->86
tick=19 subject=M04 event=action_trace result=proposal:move:south,status:accepted,detail:position:15:24,position:15:24,territory:A,health:100,satiety:82,energy:82
tick=19 subject=M04 event=survival_changed result=health:100->100,satiety:82->81,energy:82->81
tick=19 subject=M05 event=action_trace result=proposal:move:west,status:accepted,detail:position:93:47,position:93:47,territory:A,health:100,satiety:82,energy:82
tick=19 subject=M05 event=survival_changed result=health:100->100,satiety:82->81,energy:82->81
tick=19 subject=M06 event=action_trace result=proposal:move:west,status:accepted,detail:position:20:29,position:20:29,territory:A,health:100,satiety:82,energy:82
tick=19 subject=M06 event=survival_changed result=health:100->100,satiety:82->81,energy:82->81
tick=19 subject=M07 event=action_trace result=proposal:move:west,status:accepted,detail:position:56:86,position:56:86,territory:B,health:100,satiety:82,energy:82
tick=19 subject=M07 event=survival_changed result=health:100->100,satiety:82->81,energy:82->81
tick=19 subject=M08 event=action_trace result=proposal:move:south,status:accepted,detail:position:75:78,position:75:78,territory:B,health:100,satiety:82,energy:82
tick=19 subject=M08 event=survival_changed result=health:100->100,satiety:82->81,energy:82->81
tick=19 subject=M09 event=action_trace result=proposal:move:east,status:accepted,detail:position:120:100,position:120:100,territory:B,health:100,satiety:82,energy:82
tick=19 subject=M09 event=survival_changed result=health:100->100,satiety:82->81,energy:82->81
tick=19 subject=M10 event=action_trace result=proposal:move:south,status:accepted,detail:position:124:115,position:124:115,territory:B,health:100,satiety:82,energy:82
tick=19 subject=M10 event=survival_changed result=health:100->100,satiety:82->81,energy:82->81
tick=19 subject=M11 event=action_trace result=proposal:move:west,status:accepted,detail:position:91:91,position:91:91,territory:B,health:100,satiety:82,energy:82
tick=19 subject=M11 event=survival_changed result=health:100->100,satiety:82->81,energy:82->81
tick=19 subject=M12 event=action_trace result=proposal:move:east,status:accepted,detail:position:64:81,position:64:81,territory:B,health:100,satiety:82,energy:82
tick=19 subject=M12 event=survival_changed result=health:100->100,satiety:82->81,energy:82->81
tick=20 subject=M01 event=action_trace result=proposal:move:west,status:accepted,detail:position:58:28,position:58:28,territory:A,health:100,satiety:81,energy:81
tick=20 subject=M01 event=survival_changed result=health:100->100,satiety:81->80,energy:81->80
tick=20 subject=M02 event=action_trace result=proposal:move:west,status:accepted,detail:position:57:52,position:57:52,territory:A,health:100,satiety:81,energy:81
tick=20 subject=M02 event=survival_changed result=health:100->100,satiety:81->80,energy:81->80
tick=20 subject=M03 event=action_trace result=proposal:move:north,status:accepted,detail:position:25:60,position:25:60,territory:A,health:100,satiety:96,energy:86
tick=20 subject=M03 event=survival_changed result=health:100->100,satiety:96->95,energy:86->85
tick=20 subject=M04 event=action_trace result=proposal:move:south,status:accepted,detail:position:15:25,position:15:25,territory:A,health:100,satiety:81,energy:81
tick=20 subject=M04 event=survival_changed result=health:100->100,satiety:81->80,energy:81->80
tick=20 subject=M05 event=action_trace result=proposal:move:west,status:accepted,detail:position:92:47,position:92:47,territory:A,health:100,satiety:81,energy:81
tick=20 subject=M05 event=survival_changed result=health:100->100,satiety:81->80,energy:81->80
tick=20 subject=M06 event=action_trace result=proposal:move:west,status:accepted,detail:position:19:29,position:19:29,territory:A,health:100,satiety:81,energy:81
tick=20 subject=M06 event=survival_changed result=health:100->100,satiety:81->80,energy:81->80
tick=20 subject=M07 event=action_trace result=proposal:move:south,status:accepted,detail:position:56:87,position:56:87,territory:B,health:100,satiety:81,energy:81
tick=20 subject=M07 event=survival_changed result=health:100->100,satiety:81->80,energy:81->80
tick=20 subject=M08 event=action_trace result=proposal:move:south,status:accepted,detail:position:75:79,position:75:79,territory:B,health:100,satiety:81,energy:81
tick=20 subject=M08 event=survival_changed result=health:100->100,satiety:81->80,energy:81->80
tick=20 subject=M09 event=action_trace result=proposal:move:north,status:accepted,detail:position:120:99,position:120:99,territory:B,health:100,satiety:81,energy:81
tick=20 subject=M09 event=survival_changed result=health:100->100,satiety:81->80,energy:81->80
tick=20 subject=M10 event=action_trace result=proposal:move:south,status:accepted,detail:position:124:116,position:124:116,territory:B,health:100,satiety:81,energy:81
tick=20 subject=M10 event=survival_changed result=health:100->100,satiety:81->80,energy:81->80
tick=20 subject=M11 event=action_trace result=proposal:move:west,status:accepted,detail:position:90:91,position:90:91,territory:B,health:100,satiety:81,energy:81
tick=20 subject=M11 event=survival_changed result=health:100->100,satiety:81->80,energy:81->80
tick=20 subject=M12 event=action_trace result=proposal:move:east,status:accepted,detail:position:65:81,position:65:81,territory:B,health:100,satiety:81,energy:81
tick=20 subject=M12 event=survival_changed result=health:100->100,satiety:81->80,energy:81->80
tick=20 subject=A event=food_regenerated result=food:F0123,class:high,position:63:28
tick=20 subject=B event=food_regeneration_skipped result=reason:capacity,count:61
tick=20 subject=world event=simulation_ended result=reason:tick_limit
# retained=622 truncated=false
