tick=0 subject=world event=world_initialized result=width:128,height:128,territories:2
tick=0 subject=F0001 event=food_initialized result=class:low,position:43:60,territory:A
tick=0 subject=F0002 event=food_initialized result=class:medium,position:104:63,territory:A
tick=0 subject=F0003 event=food_initialized result=class:high,position:50:16,territory:A
tick=0 subject=F0004 event=food_initialized result=class:low,position:30:49,territory:A
tick=0 subject=F0005 event=food_initialized result=class:medium,position:101:13,territory:A
tick=0 subject=F0006 event=food_initialized result=class:high,position:21:28,territory:A
tick=0 subject=F0007 event=food_initialized result=class:low,position:104:46,territory:A
tick=0 subject=F0008 event=food_initialized result=class:medium,position:63:56,territory:A
tick=0 subject=F0009 event=food_initialized result=class:high,position:50:40,territory:A
tick=0 subject=F0010 event=food_initialized result=class:low,position:121:8,territory:A
tick=0 subject=F0011 event=food_initialized result=class:medium,position:42:0,territory:A
tick=0 subject=F0012 event=food_initialized result=class:high,position:64:49,territory:A
tick=0 subject=F0013 event=food_initialized result=class:low,position:7:31,territory:A
tick=0 subject=F0014 event=food_initialized result=class:medium,position:103:32,territory:A
tick=0 subject=F0015 event=food_initialized result=class:high,position:52:32,territory:A
tick=0 subject=F0016 event=food_initialized result=class:low,position:43:17,territory:A
tick=0 subject=F0017 event=food_initialized result=class:medium,position:19:9,territory:A
tick=0 subject=F0018 event=food_initialized result=class:high,position:63:12,territory:A
tick=0 subject=F0019 event=food_initialized result=class:low,position:52:60,territory:A
tick=0 subject=F0020 event=food_initialized result=class:medium,position:59:10,territory:A
tick=0 subject=F0021 event=food_initialized result=class:high,position:3:45,territory:A
tick=0 subject=F0022 event=food_initialized result=class:low,position:74:44,territory:A
tick=0 subject=F0023 event=food_initialized result=class:medium,position:124:23,territory:A
tick=0 subject=F0024 event=food_initialized result=class:high,position:26:59,territory:A
tick=0 subject=F0025 event=food_initialized result=class:low,position:6:32,territory:A
tick=0 subject=F0026 event=food_initialized result=class:medium,position:16:18,territory:A
tick=0 subject=F0027 event=food_initialized result=class:high,position:92:61,territory:A
tick=0 subject=F0028 event=food_initialized result=class:low,position:63:5,territory:A
tick=0 subject=F0029 event=food_initialized result=class:medium,position:33:37,territory:A
tick=0 subject=F0030 event=food_initialized result=class:high,position:120:39,territory:A
tick=0 subject=F0031 event=food_initialized result=class:low,position:60:0,territory:A
tick=0 subject=F0032 event=food_initialized result=class:medium,position:41:33,territory:A
tick=0 subject=F0033 event=food_initialized result=class:high,position:41:48,territory:A
tick=0 subject=F0034 event=food_initialized result=class:low,position:49:39,territory:A
tick=0 subject=F0035 event=food_initialized result=class:medium,position:36:13,territory:A
tick=0 subject=F0036 event=food_initialized result=class:high,position:12:14,territory:A
tick=0 subject=F0037 event=food_initialized result=class:low,position:69:29,territory:A
tick=0 subject=F0038 event=food_initialized result=class:medium,position:11:15,territory:A
tick=0 subject=F0039 event=food_initialized result=class:high,position:14:1,territory:A
tick=0 subject=F0040 event=food_initialized result=class:low,position:118:4,territory:A
tick=0 subject=F0041 event=food_initialized result=class:medium,position:103:37,territory:A
tick=0 subject=F0042 event=food_initialized result=class:high,position:59:47,territory:A
tick=0 subject=F0043 event=food_initialized result=class:low,position:91:12,territory:A
tick=0 subject=F0044 event=food_initialized result=class:medium,position:55:46,territory:A
tick=0 subject=F0045 event=food_initialized result=class:high,position:94:18,territory:A
tick=0 subject=F0046 event=food_initialized result=class:low,position:84:49,territory:A
tick=0 subject=F0047 event=food_initialized result=class:medium,position:116:50,territory:A
tick=0 subject=F0048 event=food_initialized result=class:high,position:53:31,territory:A
tick=0 subject=F0049 event=food_initialized result=class:low,position:125:47,territory:A
tick=0 subject=F0050 event=food_initialized result=class:medium,position:6:28,territory:A
tick=0 subject=F0051 event=food_initialized result=class:high,position:90:10,territory:A
tick=0 subject=F0052 event=food_initialized result=class:low,position:21:31,territory:A
tick=0 subject=F0053 event=food_initialized result=class:medium,position:0:18,territory:A
tick=0 subject=F0054 event=food_initialized result=class:high,position:97:25,territory:A
tick=0 subject=F0055 event=food_initialized result=class:low,position:68:0,territory:A
tick=0 subject=F0056 event=food_initialized result=class:medium,position:26:16,territory:A
tick=0 subject=F0057 event=food_initialized result=class:high,position:79:34,territory:A
tick=0 subject=F0058 event=food_initialized result=class:low,position:21:17,territory:A
tick=0 subject=F0059 event=food_initialized result=class:medium,position:9:60,territory:A
tick=0 subject=F0060 event=food_initialized result=class:high,position:11:12,territory:A
tick=0 subject=F0061 event=food_initialized result=class:low,position:50:20,territory:A
tick=0 subject=F0062 event=food_initialized result=class:low,position:40:71,territory:B
tick=0 subject=F0063 event=food_initialized result=class:medium,position:46:98,territory:B
tick=0 subject=F0064 event=food_initialized result=class:high,position:94:88,territory:B
tick=0 subject=F0065 event=food_initialized result=class:low,position:33:85,territory:B
tick=0 subject=F0066 event=food_initialized result=class:medium,position:127:86,territory:B
tick=0 subject=F0067 event=food_initialized result=class:high,position:5:121,territory:B
tick=0 subject=F0068 event=food_initialized result=class:low,position:109:97,territory:B
tick=0 subject=F0069 event=food_initialized result=class:medium,position:32:82,territory:B
tick=0 subject=F0070 event=food_initialized result=class:high,position:111:66,territory:B
tick=0 subject=F0071 event=food_initialized result=class:low,position:29:69,territory:B
tick=0 subject=F0072 event=food_initialized result=class:medium,position:53:122,territory:B
tick=0 subject=F0073 event=food_initialized result=class:high,position:44:123,territory:B
tick=0 subject=F0074 event=food_initialized result=class:low,position:69:89,territory:B
tick=0 subject=F0075 event=food_initialized result=class:medium,position:20:84,territory:B
tick=0 subject=F0076 event=food_initialized result=class:high,position:29:90,territory:B
tick=0 subject=F0077 event=food_initialized result=class:low,position:104:96,territory:B
tick=0 subject=F0078 event=food_initialized result=class:medium,position:69:71,territory:B
tick=0 subject=F0079 event=food_initialized result=class:high,position:2:125,territory:B
tick=0 subject=F0080 event=food_initialized result=class:low,position:48:69,territory:B
tick=0 subject=F0081 event=food_initialized result=class:medium,position:28:122,territory:B
tick=0 subject=F0082 event=food_initialized result=class:high,position:117:100,territory:B
tick=0 subject=F0083 event=food_initialized result=class:low,position:70:115,territory:B
tick=0 subject=F0084 event=food_initialized result=class:medium,position:5:119,territory:B
tick=0 subject=F0085 event=food_initialized result=class:high,position:16:89,territory:B
tick=0 subject=F0086 event=food_initialized result=class:low,position:8:99,territory:B
tick=0 subject=F0087 event=food_initialized result=class:medium,position:32:79,territory:B
tick=0 subject=F0088 event=food_initialized result=class:high,position:122:74,territory:B
tick=0 subject=F0089 event=food_initialized result=class:low,position:13:71,territory:B
tick=0 subject=F0090 event=food_initialized result=class:medium,position:88:70,territory:B
tick=0 subject=F0091 event=food_initialized result=class:high,position:119:66,territory:B
tick=0 subject=F0092 event=food_initialized result=class:low,position:11:93,territory:B
tick=0 subject=F0093 event=food_initialized result=class:medium,position:70:125,territory:B
tick=0 subject=F0094 event=food_initialized result=class:high,position:34:124,territory:B
tick=0 subject=F0095 event=food_initialized result=class:low,position:84:65,territory:B
tick=0 subject=F0096 event=food_initialized result=class:medium,position:102:109,territory:B
tick=0 subject=F0097 event=food_initialized result=class:high,position:125:113,territory:B
tick=0 subject=F0098 event=food_initialized result=class:low,position:74:121,territory:B
tick=0 subject=F0099 event=food_initialized result=class:medium,position:100:92,territory:B
tick=0 subject=F0100 event=food_initialized result=class:high,position:17:93,territory:B
tick=0 subject=F0101 event=food_initialized result=class:low,position:16:84,territory:B
tick=0 subject=F0102 event=food_initialized result=class:medium,position:31:94,territory:B
tick=0 subject=F0103 event=food_initialized result=class:high,position:37:95,territory:B
tick=0 subject=F0104 event=food_initialized result=class:low,position:35:64,territory:B
tick=0 subject=F0105 event=food_initialized result=class:medium,position:52:76,territory:B
tick=0 subject=F0106 event=food_initialized result=class:high,position:100:65,territory:B
tick=0 subject=F0107 event=food_initialized result=class:low,position:111:114,territory:B
tick=0 subject=F0108 event=food_initialized result=class:medium,position:75:94,territory:B
tick=0 subject=F0109 event=food_initialized result=class:high,position:21:76,territory:B
tick=0 subject=F0110 event=food_initialized result=class:low,position:8:68,territory:B
tick=0 subject=F0111 event=food_initialized result=class:medium,position:120:72,territory:B
tick=0 subject=F0112 event=food_initialized result=class:high,position:36:94,territory:B
tick=0 subject=F0113 event=food_initialized result=class:low,position:80:113,territory:B
tick=0 subject=F0114 event=food_initialized result=class:medium,position:58:67,territory:B
tick=0 subject=F0115 event=food_initialized result=class:high,position:13:96,territory:B
tick=0 subject=F0116 event=food_initialized result=class:low,position:106:70,territory:B
tick=0 subject=F0117 event=food_initialized result=class:medium,position:77:93,territory:B
tick=0 subject=F0118 event=food_initialized result=class:high,position:39:88,territory:B
tick=0 subject=F0119 event=food_initialized result=class:low,position:37:78,territory:B
tick=0 subject=F0120 event=food_initialized result=class:medium,position:15:107,territory:B
tick=0 subject=F0121 event=food_initialized result=class:high,position:5:107,territory:B
tick=0 subject=F0122 event=food_initialized result=class:low,position:93:104,territory:B
tick=0 subject=M01 event=agent_initialized result=position:120:51,territory:A,health:100,satiety:100,energy:100
tick=0 subject=M02 event=agent_initialized result=position:86:38,territory:A,health:100,satiety:100,energy:100
tick=0 subject=M03 event=agent_initialized result=position:127:42,territory:A,health:100,satiety:100,energy:100
tick=0 subject=M04 event=agent_initialized result=position:111:53,territory:A,health:100,satiety:100,energy:100
tick=0 subject=M05 event=agent_initialized result=position:7:19,territory:A,health:100,satiety:100,energy:100
tick=0 subject=M06 event=agent_initialized result=position:106:55,territory:A,health:100,satiety:100,energy:100
tick=0 subject=M07 event=agent_initialized result=position:11:95,territory:B,health:100,satiety:100,energy:100
tick=0 subject=M08 event=agent_initialized result=position:107:111,territory:B,health:100,satiety:100,energy:100
tick=0 subject=M09 event=agent_initialized result=position:111:111,territory:B,health:100,satiety:100,energy:100
tick=0 subject=M10 event=agent_initialized result=position:104:102,territory:B,health:100,satiety:100,energy:100
tick=0 subject=M11 event=agent_initialized result=position:102:103,territory:B,health:100,satiety:100,energy:100
tick=0 subject=M12 event=agent_initialized result=position:119:106,territory:B,health:100,satiety:100,energy:100
tick=0 subject=world event=decision_source_selected result=source:reference
tick=1 subject=M01 event=action_trace result=proposal:move:south,status:accepted,detail:position:120:52,position:120:52,territory:A,health:100,satiety:100,energy:100
tick=1 subject=M01 event=survival_changed result=health:100->100,satiety:100->99,energy:100->99
tick=1 subject=M02 event=action_trace result=proposal:move:south,status:accepted,detail:position:86:39,position:86:39,territory:A,health:100,satiety:100,energy:100
tick=1 subject=M02 event=survival_changed result=health:100->100,satiety:100->99,energy:100->99
tick=1 subject=M03 event=action_trace result=proposal:move:north,status:accepted,detail:position:127:41,position:127:41,territory:A,health:100,satiety:100,energy:100
tick=1 subject=M03 event=survival_changed result=health:100->100,satiety:100->99,energy:100->99
tick=1 subject=M04 event=action_trace result=proposal:move:south,status:accepted,detail:position:111:54,position:111:54,territory:A,health:100,satiety:100,energy:100
tick=1 subject=M04 event=survival_changed result=health:100->100,satiety:100->99,energy:100->99
tick=1 subject=M05 event=action_trace result=proposal:move:east,status:accepted,detail:position:8:19,position:8:19,territory:A,health:100,satiety:100,energy:100
tick=1 subject=M05 event=survival_changed result=health:100->100,satiety:100->99,energy:100->99
tick=1 subject=M06 event=action_trace result=proposal:move:north,status:accepted,detail:position:106:54,position:106:54,territory:A,health:100,satiety:100,energy:100
tick=1 subject=M06 event=survival_changed result=health:100->100,satiety:100->99,energy:100->99
tick=1 subject=M07 event=action_trace result=proposal:move:west,status:accepted,detail:position:10:95,position:10:95,territory:B,health:100,satiety:100,energy:100
tick=1 subject=M07 event=survival_changed result=health:100->100,satiety:100->99,energy:100->99
tick=1 subject=M08 event=action_trace result=proposal:move:west,status:accepted,detail:position:106:111,position:106:111,territory:B,health:100,satiety:100,energy:100
tick=1 subject=M08 event=survival_changed result=health:100->100,satiety:100->99,energy:100->99
tick=1 subject=M09 event=action_trace result=proposal:move:south,status:accepted,detail:position:111:112,position:111:112,territory:B,health:100,satiety:100,energy:100
tick=1 subject=M09 event=survival_changed result=health:100->100,satiety:100->99,energy:100->99
tick=1 subject=M10 event=action_trace result=proposal:move:south,status:accepted,detail:position:104:103,position:104:103,territory:B,health:100,satiety:100,energy:100
tick=1 subject=M10 event=survival_changed result=health:100->100,satiety:100->99,energy:100->99
tick=1 subject=M11 event=action_trace result=proposal:move:east,status:accepted,detail:position:103:103,position:103:103,territory:B,health:100,satiety:100,energy:100
tick=1 subject=M11 event=survival_changed result=health:100->100,satiety:100->99,energy:100->99
tick=1 subject=M12 event=action_trace result=proposal:move:west,status:accepted,detail:position:118:106,position:118:106,territory:B,health:100,satiety:100,energy:100
tick=1 subject=M12 event=survival_changed result=health:100->100,satiety:100->99,energy:100->99
tick=2 subject=M01 event=action_trace result=proposal:move:south,status:accepted,detail:position:120:53,position:120:53,territory:A,health:100,satiety:99,energy:99
tick=2 subject=M01 event=survival_changed result=health:100->100,satiety:99->98,energy:99->98
tick=2 subject=M02 event=action_trace result=proposal:move:south,status:accepted,detail:position:86:40,position:86:40,territory:A,health:100,satiety:99,energy:99
tick=2 subject=M02 event=survival_changed result=health:100->100,satiety:99->98,energy:99->98
tick=2 subject=M03 event=action_trace result=proposal:move:west,status:accepted,detail:position:126:41,position:126:41,territory:A,health:100,satiety:99,energy:99
tick=2 subject=M03 event=survival_changed result=health:100->100,satiety:99->98,energy:99->98
tick=2 subject=M04 event=action_trace result=proposal:move:north,status:accepted,detail:position:111:53,position:111:53,territory:A,health:100,satiety:99,energy:99
tick=2 subject=M04 event=survival_changed result=health:100->100,satiety:99->98,energy:99->98
tick=2 subject=M05 event=action_trace result=proposal:move:south,status:accepted,detail:position:8:20,position:8:20,territory:A,health:100,satiety:99,energy:99
tick=2 subject=M05 event=survival_changed result=health:100->100,satiety:99->98,energy:99->98
tick=2 subject=M06 event=action_trace result=proposal:move:north,status:accepted,detail:position:106:53,position:106:53,territory:A,health:100,satiety:99,energy:99
tick=2 subject=M06 event=survival_changed result=health:100->100,satiety:99->98,energy:99->98
tick=2 subject=M07 event=action_trace result=proposal:move:north,status:accepted,detail:position:10:94,position:10:94,territory:B,health:100,satiety:99,energy:99
tick=2 subject=M07 event=survival_changed result=health:100->100,satiety:99->98,energy:99->98
tick=2 subject=M08 event=action_trace result=proposal:move:north,status:accepted,detail:position:106:110,position:106:110,territory:B,health:100,satiety:99,energy:99
tick=2 subject=M08 event=survival_changed result=health:100->100,satiety:99->98,energy:99->98
tick=2 subject=M09 event=action_trace result=proposal:move:east,status:accepted,detail:position:112:112,position:112:112,territory:B,health:100,satiety:99,energy:99
tick=2 subject=M09 event=survival_changed result=health:100->100,satiety:99->98,energy:99->98
tick=2 subject=M10 event=action_trace result=proposal:move:north,status:accepted,detail:position:104:102,position:104:102,territory:B,health:100,satiety:99,energy:99
tick=2 subject=M10 event=survival_changed result=health:100->100,satiety:99->98,energy:99->98
tick=2 subject=M11 event=action_trace result=proposal:move:west,status:accepted,detail:position:102:103,position:102:103,territory:B,health:100,satiety:99,energy:99
tick=2 subject=M11 event=survival_changed result=health:100->100,satiety:99->98,energy:99->98
tick=2 subject=M12 event=action_trace result=proposal:move:north,status:accepted,detail:position:118:105,position:118:105,territory:B,health:100,satiety:99,energy:99
tick=2 subject=M12 event=survival_changed result=health:100->100,satiety:99->98,energy:99->98
tick=3 subject=M01 event=action_trace result=proposal:move:west,status:accepted,detail:position:119:53,position:119:53,territory:A,health:100,satiety:98,energy:98
tick=3 subject=M01 event=survival_changed result=health:100->100,satiety:98->97,energy:98->97
tick=3 subject=M02 event=action_trace result=proposal:move:south,status:accepted,detail:position:86:41,position:86:41,territory:A,health:100,satiety:98,energy:98
tick=3 subject=M02 event=survival_changed result=health:100->100,satiety:98->97,energy:98->97
tick=3 subject=M03 event=action_trace result=proposal:move:east,status:accepted,detail:position:127:41,position:127:41,territory:A,health:100,satiety:98,energy:98
tick=3 subject=M03 event=survival_changed result=health:100->100,satiety:98->97,energy:98->97
tick=3 subject=M04 event=action_trace result=proposal:move:north,status:accepted,detail:position:111:52,position:111:52,territory:A,health:100,satiety:98,energy:98
tick=3 subject=M04 event=survival_changed result=health:100->100,satiety:98->97,energy:98->97
tick=3 subject=M05 event=action_trace result=proposal:move:north,status:accepted,detail:position:8:19,position:8:19,territory:A,health:100,satiety:98,energy:98
tick=3 subject=M05 event=survival_changed result=health:100->100,satiety:98->97,energy:98->97
tick=3 subject=M06 event=action_trace result=proposal:move:south,status:accepted,detail:position:106:54,position:106:54,territory:A,health:100,satiety:98,energy:98
tick=3 subject=M06 event=survival_changed result=health:100->100,satiety:98->97,energy:98->97
tick=3 subject=M07 event=action_trace result=proposal:move:south,status:accepted,detail:position:10:95,position:10:95,territory:B,health:100,satiety:98,energy:98
tick=3 subject=M07 event=survival_changed result=health:100->100,satiety:98->97,energy:98->97
tick=3 subject=M08 event=action_trace result=proposal:move:west,status:accepted,detail:position:105:110,position:105:110,territory:B,health:100,satiety:98,energy:98
tick=3 subject=M08 event=survival_changed result=health:100->100,satiety:98->97,energy:98->97
tick=3 subject=M09 event=action_trace result=proposal:move:south,status:accepted,detail:position:112:113,position:112:113,territory:B,health:100,satiety:98,energy:98
tick=3 subject=M09 event=survival_changed result=health:100->100,satiety:98->97,energy:98->97
tick=3 subject=M10 event=action_trace result=proposal:move:east,status:accepted,detail:position:105:102,position:105:102,territory:B,health:100,satiety:98,energy:98
tick=3 subject=M10 event=survival_changed result=health:100->100,satiety:98->97,energy:98->97
tick=3 subject=M11 event=action_trace result=proposal:move:north,status:accepted,detail:position:102:102,position:102:102,territory:B,health:100,satiety:98,energy:98
tick=3 subject=M11 event=survival_changed result=health:100->100,satiety:98->97,energy:98->97
tick=3 subject=M12 event=action_trace result=proposal:move:east,status:accepted,detail:position:119:105,position:119:105,territory:B,health:100,satiety:98,energy:98
tick=3 subject=M12 event=survival_changed result=health:100->100,satiety:98->97,energy:98->97
tick=4 subject=M01 event=action_trace result=proposal:move:south,status:accepted,detail:position:119:54,position:119:54,territory:A,health:100,satiety:97,energy:97
tick=4 subject=M01 event=survival_changed result=health:100->100,satiety:97->96,energy:97->96
tick=4 subject=M02 event=action_trace result=proposal:move:west,status:accepted,detail:position:85:41,position:85:41,territory:A,health:100,satiety:97,energy:97
tick=4 subject=M02 event=survival_changed result=health:100->100,satiety:97->96,energy:97->96
tick=4 subject=M03 event=action_trace result=proposal:move:west,status:accepted,detail:position:126:41,position:126:41,territory:A,health:100,satiety:97,energy:97
tick=4 subject=M03 event=survival_changed result=health:100->100,satiety:97->96,energy:97->96
tick=4 subject=M04 event=action_trace result=proposal:move:east,status:accepted,detail:position:112:52,position:112:52,territory:A,health:100,satiety:97,energy:97
tick=4 subject=M04 event=survival_changed result=health:100->100,satiety:97->96,energy:97->96
tick=4 subject=M05 event=action_trace result=proposal:move:east,status:accepted,detail:position:9:19,position:9:19,territory:A,health:100,satiety:97,energy:97
tick=4 subject=M05 event=survival_changed result=health:100->100,satiety:97->96,energy:97->96
tick=4 subject=M06 event=action_trace result=proposal:move:west,status:accepted,detail:position:105:54,position:105:54,territory:A,health:100,satiety:97,energy:97
tick=4 subject=M06 event=survival_changed result=health:100->100,satiety:97->96,energy:97->96
tick=4 subject=M07 event=action_trace result=proposal:move:north,status:accepted,detail:position:10:94,position:10:94,territory:B,health:100,satiety:97,energy:97
tick=4 subject=M07 event=survival_changed result=health:100->100,satiety:97->96,energy:97->96
tick=4 subject=M08 event=action_trace result=proposal:move:west,status:accepted,detail:position:104:110,position:104:110,territory:B,health:100,satiety:97,energy:97
tick=4 subject=M08 event=survival_changed result=health:100->100,satiety:97->96,energy:97->96
tick=4 subject=M09 event=action_trace result=proposal:move:south,status:accepted,detail:position:112:114,position:112:114,territory:B,health:100,satiety:97,energy:97
tick=4 subject=M09 event=survival_changed result=health:100->100,satiety:97->96,energy:97->96
tick=4 subject=M10 event=action_trace result=proposal:move:west,status:accepted,detail:position:104:102,position:104:102,territory:B,health:100,satiety:97,energy:97
tick=4 subject=M10 event=survival_changed result=health:100->100,satiety:97->96,energy:97->96
tick=4 subject=M11 event=action_trace result=proposal:move:north,status:accepted,detail:position:102:101,position:102:101,territory:B,health:100,satiety:97,energy:97
tick=4 subject=M11 event=survival_changed result=health:100->100,satiety:97->96,energy:97->96
tick=4 subject=M12 event=action_trace result=proposal:move:north,status:accepted,detail:position:119:104,position:119:104,territory:B,health:100,satiety:97,energy:97
tick=4 subject=M12 event=survival_changed result=health:100->100,satiety:97->96,energy:97->96
tick=5 subject=M01 event=action_trace result=proposal:move:west,status:accepted,detail:position:118:54,position:118:54,territory:A,health:100,satiety:96,energy:96
tick=5 subject=M01 event=survival_changed result=health:100->100,satiety:96->95,energy:96->95
tick=5 subject=M02 event=action_trace result=proposal:move:north,status:accepted,detail:position:85:40,position:85:40,territory:A,health:100,satiety:96,energy:96
tick=5 subject=M02 event=survival_changed result=health:100->100,satiety:96->95,energy:96->95
tick=5 subject=M03 event=action_trace result=proposal:move:north,status:accepted,detail:position:126:40,position:126:40,territory:A,health:100,satiety:96,energy:96
tick=5 subject=M03 event=survival_changed result=health:100->100,satiety:96->95,energy:96->95
tick=5 subject=M04 event=action_trace result=proposal:move:north,status:accepted,detail:position:112:51,position:112:51,territory:A,health:100,satiety:96,energy:96
tick=5 subject=M04 event=survival_changed result=health:100->100,satiety:96->95,energy:96->95
tick=5 subject=M05 event=action_trace result=proposal:move:north,status:accepted,detail:position:9:18,position:9:18,territory:A,health:100,satiety:96,energy:96
tick=5 subject=M05 event=survival_changed result=health:100->100,satiety:96->95,energy:96->95
tick=5 subject=M06 event=action_trace result=proposal:move:south,status:accepted,detail:position:105:55,position:105:55,territory:A,health:100,satiety:96,energy:96
tick=5 subject=M06 event=survival_changed result=health:100->100,satiety:96->95,energy:96->95
tick=5 subject=M07 event=action_trace result=proposal:move:east,status:accepted,detail:position:11:94,position:11:94,territory:B,health:100,satiety:96,energy:96
tick=5 subject=M07 event=survival_changed result=health:100->100,satiety:96->95,energy:96->95
tick=5 subject=M08 event=action_trace result=proposal:move:east,status:accepted,detail:position:105:110,position:105:110,territory:B,health:100,satiety:96,energy:96
tick=5 subject=M08 event=survival_changed result=health:100->100,satiety:96->95,energy:96->95
tick=5 subject=M09 event=action_trace result=proposal:move:east,status:accepted,detail:position:113:114,position:113:114,territory:B,health:100,satiety:96,energy:96
tick=5 subject=M09 event=survival_changed result=health:100->100,satiety:96->95,energy:96->95
tick=5 subject=M10 event=action_trace result=proposal:move:east,status:accepted,detail:position:105:102,position:105:102,territory:B,health:100,satiety:96,energy:96
tick=5 subject=M10 event=survival_changed result=health:100->100,satiety:96->95,energy:96->95
tick=5 subject=M11 event=action_trace result=proposal:move:east,status:accepted,detail:position:103:101,position:103:101,territory:B,health:100,satiety:96,energy:96
tick=5 subject=M11 event=survival_changed result=health:100->100,satiety:96->95,energy:96->95
tick=5 subject=M12 event=action_trace result=proposal:move:east,status:accepted,detail:position:120:104,position:120:104,territory:B,health:100,satiety:96,energy:96
tick=5 subject=M12 event=survival_changed result=health:100->100,satiety:96->95,energy:96->95
tick=6 subject=M01 event=action_trace result=proposal:move:east,status:accepted,detail:position:119:54,position:119:54,territory:A,health:100,satiety:95,energy:95
tick=6 subject=M01 event=survival_changed result=health:100->100,satiety:95->94,energy:95->94
tick=6 subject=M02 event=action_trace result=proposal:move:west,status:accepted,detail:position:84:40,position:84:40,territory:A,health:100,satiety:95,energy:95
tick=6 subject=M02 event=survival_changed result=health:100->100,satiety:95->94,energy:95->94
tick=6 subject=M03 event=action_trace result=proposal:move:north,status:accepted,detail:position:126:39,position:126:39,territory:A,health:100,satiety:95,energy:95
tick=6 subject=M03 event=survival_changed result=health:100->100,satiety:95->94,energy:95->94
tick=6 subject=M04 event=action_trace result=proposal:move:north,status:accepted,detail:position:112:50,position:112:50,territory:A,health:100,satiety:95,energy:95
tick=6 subject=M04 event=survival_changed result=health:100->100,satiety:95->94,energy:95->94
tick=6 subject=M05 event=action_trace result=proposal:move:west,status:accepted,detail:position:8:18,position:8:18,territory:A,health:100,satiety:95,energy:95
tick=6 subject=M05 event=survival_changed result=health:100->100,satiety:95->94,energy:95->94
tick=6 subject=M06 event=action_trace result=proposal:move:east,status:accepted,detail:position:106:55,position:106:55,territory:A,health:100,satiety:95,energy:95
tick=6 subject=M06 event=survival_changed result=health:100->100,satiety:95->94,energy:95->94
tick=6 subject=M07 event=action_trace result=proposal:move:east,status:accepted,detail:position:12:94,position:12:94,territory:B,health:100,satiety:95,energy:95
tick=6 subject=M07 event=survival_changed result=health:100->100,satiety:95->94,energy:95->94
tick=6 subject=M08 event=action_trace result=proposal:move:east,status:accepted,detail:position:106:110,position:106:110,territory:B,health:100,satiety:95,energy:95
tick=6 subject=M08 event=survival_changed result=health:100->100,satiety:95->94,energy:95->94
tick=6 subject=M09 event=action_trace result=proposal:move:east,status:accepted,detail:position:114:114,position:114:114,territory:B,health:100,satiety:95,energy:95
tick=6 subject=M09 event=survival_changed result=health:100->100,satiety:95->94,energy:95->94
tick=6 subject=M10 event=action_trace result=proposal:move:west,status:accepted,detail:position:104:102,position:104:102,territory:B,health:100,satiety:95,energy:95
tick=6 subject=M10 event=survival_changed result=health:100->100,satiety:95->94,energy:95->94
tick=6 subject=M11 event=action_trace result=proposal:move:east,status:accepted,detail:position:104:101,position:104:101,territory:B,health:100,satiety:95,energy:95
tick=6 subject=M11 event=survival_changed result=health:100->100,satiety:95->94,energy:95->94
tick=6 subject=M12 event=action_trace result=proposal:move:east,status:accepted,detail:position:121:104,position:121:104,territory:B,health:100,satiety:95,energy:95
tick=6 subject=M12 event=survival_changed result=health:100->100,satiety:95->94,energy:95->94
tick=7 subject=M01 event=action_trace result=proposal:move:east,status:accepted,detail:position:120:54,position:120:54,territory:A,health:100,satiety:94,energy:94
tick=7 subject=M01 event=survival_changed result=health:100->100,satiety:94->93,energy:94->93
tick=7 subject=M02 event=action_trace result=proposal:move:south,status:accepted,detail:position:84:41,position:84:41,territory:A,health:100,satiety:94,energy:94
tick=7 subject=M02 event=survival_changed result=health:100->100,satiety:94->93,energy:94->93
tick=7 subject=M03 event=action_trace result=proposal:move:south,status:accepted,detail:position:126:40,position:126:40,territory:A,health:100,satiety:94,energy:94
tick=7 subject=M03 event=survival_changed result=health:100->100,satiety:94->93,energy:94->93
tick=7 subject=M04 event=action_trace result=proposal:move:north,status:accepted,detail:position:112:49,position:112:49,territory:A,health:100,satiety:94,energy:94
tick=7 subject=M04 event=survival_changed result=health:100->100,satiety:94->93,energy:94->93
tick=7 subject=M05 event=action_trace result=proposal:move:south,status:accepted,detail:position:8:19,position:8:19,territory:A,health:100,satiety:94,energy:94
tick=7 subject=M05 event=survival_changed result=health:100->100,satiety:94->93,energy:94->93
tick=7 subject=M06 event=action_trace result=proposal:move:south,status:accepted,detail:position:106:56,position:106:56,territory:A,health:100,satiety:94,energy:94
tick=7 subject=M06 event=survival_changed result=health:100->100,satiety:94->93,energy:94->93
tick=7 subject=M07 event=action_trace result=proposal:move:east,status:accepted,detail:position:13:94,position:13:94,territory:B,health:100,satiety:94,energy:94
tick=7 subject=M07 event=survival_changed result=health:100->100,satiety:94->93,energy:94->93
tick=7 subject=M08 event=action_trace result=proposal:move:south,status:accepted,detail:position:106:111,position:106:111,territory:B,health:100,satiety:94,energy:94
tick=7 subject=M08 event=survival_changed result=health:100->100,satiety:94->93,energy:94->93
tick=7 subject=M09 event=action_trace result=proposal:move:north,status:accepted,detail:position:114:113,position:114:113,territory:B,health:100,satiety:94,energy:94
tick=7 subject=M09 event=survival_changed result=health:100->100,satiety:94->93,energy:94->93
tick=7 subject=M10 event=action_trace result=proposal:move:east,status:accepted,detail:position:105:102,position:105:102,territory:B,health:100,satiety:94,energy:94
tick=7 subject=M10 event=survival_changed result=health:100->100,satiety:94->93,energy:94->93
tick=7 subject=M11 event=action_trace result=proposal:move:west,status:accepted,detail:position:103:101,position:103:101,territory:B,health:100,satiety:94,energy:94
tick=7 subject=M11 event=survival_changed result=health:100->100,satiety:94->93,energy:94->93
tick=7 subject=M12 event=action_trace result=proposal:move:south,status:accepted,detail:position:121:105,position:121:105,territory:B,health:100,satiety:94,energy:94
tick=7 subject=M12 event=survival_changed result=health:100->100,satiety:94->93,energy:94->93
tick=8 subject=M01 event=action_trace result=proposal:move:west,status:accepted,detail:position:119:54,position:119:54,territory:A,health:100,satiety:93,energy:93
tick=8 subject=M01 event=survival_changed result=health:100->100,satiety:93->92,energy:93->92
tick=8 subject=M02 event=action_trace result=proposal:move:east,status:accepted,detail:position:85:41,position:85:41,territory:A,health:100,satiety:93,energy:93
tick=8 subject=M02 event=survival_changed result=health:100->100,satiety:93->92,energy:93->92
tick=8 subject=M03 event=action_trace result=proposal:move:west,status:accepted,detail:position:125:40,position:125:40,territory:A,health:100,satiety:93,energy:93
tick=8 subject=M03 event=survival_changed result=health:100->100,satiety:93->92,energy:93->92
tick=8 subject=M04 event=action_trace result=proposal:move:west,status:accepted,detail:position:111:49,position:111:49,territory:A,health:100,satiety:93,energy:93
tick=8 subject=M04 event=survival_changed result=health:100->100,satiety:93->92,energy:93->92
tick=8 subject=M05 event=action_trace result=proposal:move:east,status:accepted,detail:position:9:19,position:9:19,territory:A,health:100,satiety:93,energy:93
tick=8 subject=M05 event=survival_changed result=health:100->100,satiety:93->92,energy:93->92
tick=8 subject=M06 event=action_trace result=proposal:move:south,status:accepted,detail:position:106:57,position:106:57,territory:A,health:100,satiety:93,energy:93
tick=8 subject=M06 event=survival_changed result=health:100->100,satiety:93->92,energy:93->92
tick=8 subject=M07 event=action_trace result=proposal:move:east,status:accepted,detail:position:14:94,position:14:94,territory:B,health:100,satiety:93,energy:93
tick=8 subject=M07 event=survival_changed result=health:100->100,satiety:93->92,energy:93->92
tick=8 subject=M08 event=action_trace result=proposal:move:east,status:accepted,detail:position:107:111,position:107:111,territory:B,health:100,satiety:93,energy:93
tick=8 subject=M08 event=survival_changed result=health:100->100,satiety:93->92,energy:93->92
tick=8 subject=M09 event=action_trace result=proposal:move:north,status:accepted,detail:position:114:112,position:114:112,territory:B,health:100,satiety:93,energy:93
tick=8 subject=M09 event=survival_changed result=health:100->100,satiety:93->92,energy:93->92
tick=8 subject=M10 event=action_trace result=proposal:move:south,status:accepted,detail:position:105:103,position:105:103,territory:B,health:100,satiety:93,energy:93
tick=8 subject=M10 event=survival_changed result=health:100->100,satiety:93->92,energy:93->92
tick=8 subject=M11 event=action_trace result=proposal:move:east,status:accepted,detail:position:104:101,position:104:101,territory:B,health:100,satiety:93,energy:93
tick=8 subject=M11 event=survival_changed result=health:100->100,satiety:93->92,energy:93->92
tick=8 subject=M12 event=action_trace result=proposal:move:north,status:accepted,detail:position:121:104,position:121:104,territory:B,health:100,satiety:93,energy:93
tick=8 subject=M12 event=survival_changed result=health:100->100,satiety:93->92,energy:93->92
tick=9 subject=M01 event=action_trace result=proposal:move:east,status:accepted,detail:position:120:54,position:120:54,territory:A,health:100,satiety:92,energy:92
tick=9 subject=M01 event=survival_changed result=health:100->100,satiety:92->91,energy:92->91
tick=9 subject=M02 event=action_trace result=proposal:move:north,status:accepted,detail:position:85:40,position:85:40,territory:A,health:100,satiety:92,energy:92
tick=9 subject=M02 event=survival_changed result=health:100->100,satiety:92->91,energy:92->91
tick=9 subject=M03 event=action_trace result=proposal:move:east,status:accepted,detail:position:126:40,position:126:40,territory:A,health:100,satiety:92,energy:92
tick=9 subject=M03 event=survival_changed result=health:100->100,satiety:92->91,energy:92->91
tick=9 subject=M04 event=action_trace result=proposal:move:west,status:accepted,detail:position:110:49,position:110:49,territory:A,health:100,satiety:92,energy:92
tick=9 subject=M04 event=survival_changed result=health:100->100,satiety:92->91,energy:92->91
tick=9 subject=M05 event=action_trace result=proposal:move:east,status:accepted,detail:position:10:19,position:10:19,territory:A,health:100,satiety:92,energy:92
tick=9 subject=M05 event=survival_changed result=health:100->100,satiety:92->91,energy:92->91
tick=9 subject=M06 event=action_trace result=proposal:move:north,status:accepted,detail:position:106:56,position:106:56,territory:A,health:100,satiety:92,energy:92
tick=9 subject=M06 event=survival_changed result=health:100->100,satiety:92->91,energy:92->91
tick=9 subject=M07 event=action_trace result=proposal:move:south,status:accepted,detail:position:14:95,position:14:95,territory:B,health:100,satiety:92,energy:92
tick=9 subject=M07 event=survival_changed result=health:100->100,satiety:92->91,energy:92->91
tick=9 subject=M08 event=action_trace result=proposal:move:south,status:accepted,detail:position:107:112,position:107:112,territory:B,health:100,satiety:92,energy:92
tick=9 subject=M08 event=survival_changed result=health:100->100,satiety:92->91,energy:92->91
tick=9 subject=M09 event=action_trace result=proposal:move:south,status:accepted,detail:position:114:113,position:114:113,territory:B,health:100,satiety:92,energy:92
tick=9 subject=M09 event=survival_changed result=health:100->100,satiety:92->91,energy:92->91
tick=9 subject=M10 event=action_trace result=proposal:move:south,status:accepted,detail:position:105:104,position:105:104,territory:B,health:100,satiety:92,energy:92
tick=9 subject=M10 event=survival_changed result=health:100->100,satiety:92->91,energy:92->91
tick=9 subject=M11 event=action_trace result=proposal:move:north,status:accepted,detail:position:104:100,position:104:100,territory:B,health:100,satiety:92,energy:92
tick=9 subject=M11 event=survival_changed result=health:100->100,satiety:92->91,energy:92->91
tick=9 subject=M12 event=action_trace result=proposal:move:east,status:accepted,detail:position:122:104,position:122:104,territory:B,health:100,satiety:92,energy:92
tick=9 subject=M12 event=survival_changed result=health:100->100,satiety:92->91,energy:92->91
tick=10 subject=M01 event=action_trace result=proposal:move:west,status:accepted,detail:position:119:54,position:119:54,territory:A,health:100,satiety:91,energy:91
tick=10 subject=M01 event=survival_changed result=health:100->100,satiety:91->90,energy:91->90
tick=10 subject=M02 event=action_trace result=proposal:move:north,status:accepted,detail:position:85:39,position:85:39,territory:A,health:100,satiety:91,energy:91
tick=10 subject=M02 event=survival_changed result=health:100->100,satiety:91->90,energy:91->90
tick=10 subject=M03 event=action_trace result=proposal:move:east,status:accepted,detail:position:127:40,position:127:40,territory:A,health:100,satiety:91,energy:91
tick=10 subject=M03 event=survival_changed result=health:100->100,satiety:91->90,energy:91->90
tick=10 subject=M04 event=action_trace result=proposal:move:north,status:accepted,detail:position:110:48,position:110:48,territory:A,health:100,satiety:91,energy:91
tick=10 subject=M04 event=survival_changed result=health:100->100,satiety:91->90,energy:91->90
tick=10 subject=M05 event=action_trace result=proposal:move:east,status:accepted,detail:position:11:19,position:11:19,territory:A,health:100,satiety:91,energy:91
tick=10 subject=M05 event=survival_changed result=health:100->100,satiety:91->90,energy:91->90
tick=10 subject=M06 event=action_trace result=proposal:move:west,status:accepted,detail:position:105:56,position:105:56,territory:A,health:100,satiety:91,energy:91
tick=10 subject=M06 event=survival_changed result=health:100->100,satiety:91->90,energy:91->90
tick=10 subject=M07 event=action_trace result=proposal:move:south,status:accepted,detail:position:14:96,position:14:96,territory:B,health:100,satiety:91,energy:91
tick=10 subject=M07 event=survival_changed result=health:100->100,satiety:91->90,energy:91->90
tick=10 subject=M08 event=action_trace result=proposal:move:south,status:accepted,detail:position:107:113,position:107:113,territory:B,health:100,satiety:91,energy:91
tick=10 subject=M08 event=survival_changed result=health:100->100,satiety:91->90,energy:91->90
tick=10 subject=M09 event=action_trace result=proposal:move:west,status:accepted,detail:position:113:113,position:113:113,territory:B,health:100,satiety:91,energy:91
tick=10 subject=M09 event=survival_changed result=health:100->100,satiety:91->90,energy:91->90
tick=10 subject=M10 event=action_trace result=proposal:move:south,status:accepted,detail:position:105:105,position:105:105,territory:B,health:100,satiety:91,energy:91
tick=10 subject=M10 event=survival_changed result=health:100->100,satiety:91->90,energy:91->90
tick=10 subject=M11 event=action_trace result=proposal:move:east,status:accepted,detail:position:105:100,position:105:100,territory:B,health:100,satiety:91,energy:91
tick=10 subject=M11 event=survival_changed result=health:100->100,satiety:91->90,energy:91->90
tick=10 subject=M12 event=action_trace result=proposal:move:south,status:accepted,detail:position:122:105,position:122:105,territory:B,health:100,satiety:91,energy:91
tick=10 subject=M12 event=survival_changed result=health:100->100,satiety:91->90,energy:91->90
tick=10 subject=A event=food_regeneration_skipped result=reason:capacity,count:61
tick=10 subject=B event=food_regeneration_skipped result=reason:capacity,count:61
tick=11 subject=M01 event=action_trace result=proposal:move:south,status:accepted,detail:position:119:55,position:119:55,territory:A,health:100,satiety:90,energy:90
tick=11 subject=M01 event=survival_changed result=health:100->100,satiety:90->89,energy:90->89
tick=11 subject=M02 event=action_trace result=proposal:move:north,status:accepted,detail:position:85:38,position:85:38,territory:A,health:100,satiety:90,energy:90
tick=11 subject=M02 event=survival_changed result=health:100->100,satiety:90->89,energy:90->89
tick=11 subject=M03 event=action_trace result=proposal:move:north,status:accepted,detail:position:127:39,position:127:39,territory:A,health:100,satiety:90,energy:90
tick=11 subject=M03 event=survival_changed result=health:100->100,satiety:90->89,energy:90->89
tick=11 subject=M04 event=action_trace result=proposal:move:west,status:accepted,detail:position:109:48,position:109:48,territory:A,health:100,satiety:90,energy:90
tick=11 subject=M04 event=survival_changed result=health:100->100,satiety:90->89,energy:90->89
tick=11 subject=M05 event=action_trace result=proposal:move:west,status:accepted,detail:position:10:19,position:10:19,territory:A,health:100,satiety:90,energy:90
tick=11 subject=M05 event=survival_changed result=health:100->100,satiety:90->89,energy:90->89
tick=11 subject=M06 event=action_trace result=proposal:move:east,status:accepted,detail:position:106:56,position:106:56,territory:A,health:100,satiety:90,energy:90
tick=11 subject=M06 event=survival_changed result=health:100->100,satiety:90->89,energy:90->89
tick=11 subject=M07 event=action_trace result=proposal:move:west,status:accepted,detail:position:13:96,position:13:96,territory:B,health:100,satiety:90,energy:90
tick=11 subject=M07 event=survival_changed result=health:100->100,satiety:90->89,energy:90->89
tick=11 subject=M08 event=action_trace result=proposal:move:west,status:accepted,detail:position:106:113,position:106:113,territory:B,health:100,satiety:90,energy:90
tick=11 subject=M08 event=survival_changed result=health:100->100,satiety:90->89,energy:90->89
tick=11 subject=M09 event=action_trace result=proposal:move:north,status:accepted,detail:position:113:112,position:113:112,territory:B,health:100,satiety:90,energy:90
tick=11 subject=M09 event=survival_changed result=health:100->100,satiety:90->89,energy:90->89
tick=11 subject=M10 event=action_trace result=proposal:move:south,status:accepted,detail:position:105:106,position:105:106,territory:B,health:100,satiety:90,energy:90
tick=11 subject=M10 event=survival_changed result=health:100->100,satiety:90->89,energy:90->89
tick=11 subject=M11 event=action_trace result=proposal:move:west,status:accepted,detail:position:104:100,position:104:100,territory:B,health:100,satiety:90,energy:90
tick=11 subject=M11 event=survival_changed result=health:100->100,satiety:90->89,energy:90->89
tick=11 subject=M12 event=action_trace result=proposal:move:south,status:accepted,detail:position:122:106,position:122:106,territory:B,health:100,satiety:90,energy:90
tick=11 subject=M12 event=survival_changed result=health:100->100,satiety:90->89,energy:90->89
tick=12 subject=M01 event=action_trace result=proposal:move:south,status:accepted,detail:position:119:56,position:119:56,territory:A,health:100,satiety:89,energy:89
tick=12 subject=M01 event=survival_changed result=health:100->100,satiety:89->88,energy:89->88
tick=12 subject=M02 event=action_trace result=proposal:move:north,status:accepted,detail:position:85:37,position:85:37,territory:A,health:100,satiety:89,energy:89
tick=12 subject=M02 event=survival_changed result=health:100->100,satiety:89->88,energy:89->88
tick=12 subject=M03 event=action_trace result=proposal:move:west,status:accepted,detail:position:126:39,position:126:39,territory:A,health:100,satiety:89,energy:89
tick=12 subject=M03 event=survival_changed result=health:100->100,satiety:89->88,energy:89->88
tick=12 subject=M04 event=action_trace result=proposal:move:north,status:accepted,detail:position:109:47,position:109:47,territory:A,health:100,satiety:89,energy:89
tick=12 subject=M04 event=survival_changed result=health:100->100,satiety:89->88,energy:89->88
tick=12 subject=M05 event=action_trace result=proposal:move:west,status:accepted,detail:position:9:19,position:9:19,territory:A,health:100,satiety:89,energy:89
tick=12 subject=M05 event=survival_changed result=health:100->100,satiety:89->88,energy:89->88
tick=12 subject=M06 event=action_trace result=proposal:move:north,status:accepted,detail:position:106:55,position:106:55,territory:A,health:100,satiety:89,energy:89
tick=12 subject=M06 event=survival_changed result=health:100->100,satiety:89->88,energy:89->88
tick=12 subject=M07 event=action_trace result=proposal:move:south,status:accepted,detail:position:13:97,position:13:97,territory:B,health:100,satiety:89,energy:89
tick=12 subject=M07 event=survival_changed result=health:100->100,satiety:89->88,energy:89->88
tick=12 subject=M08 event=action_trace result=proposal:move:north,status:accepted,detail:position:106:112,position:106:112,territory:B,health:100,satiety:89,energy:89
tick=12 subject=M08 event=survival_changed result=health:100->100,satiety:89->88,energy:89->88
tick=12 subject=M09 event=action_trace result=proposal:move:north,status:accepted,detail:position:113:111,position:113:111,territory:B,health:100,satiety:89,energy:89
tick=12 subject=M09 event=survival_changed result=health:100->100,satiety:89->88,energy:89->88
tick=12 subject=M10 event=action_trace result=proposal:move:north,status:accepted,detail:position:105:105,position:105:105,territory:B,health:100,satiety:89,energy:89
tick=12 subject=M10 event=survival_changed result=health:100->100,satiety:89->88,energy:89->88
tick=12 subject=M11 event=action_trace result=proposal:move:north,status:accepted,detail:position:104:99,position:104:99,territory:B,health:100,satiety:89,energy:89
tick=12 subject=M11 event=survival_changed result=health:100->100,satiety:89->88,energy:89->88
tick=12 subject=M12 event=action_trace result=proposal:move:west,status:accepted,detail:position:121:106,position:121:106,territory:B,health:100,satiety:89,energy:89
tick=12 subject=M12 event=survival_changed result=health:100->100,satiety:89->88,energy:89->88
tick=13 subject=M01 event=action_trace result=proposal:move:north,status:accepted,detail:position:119:55,position:119:55,territory:A,health:100,satiety:88,energy:88
tick=13 subject=M01 event=survival_changed result=health:100->100,satiety:88->87,energy:88->87
tick=13 subject=M02 event=action_trace result=proposal:move:north,status:accepted,detail:position:85:36,position:85:36,territory:A,health:100,satiety:88,energy:88
tick=13 subject=M02 event=survival_changed result=health:100->100,satiety:88->87,energy:88->87
tick=13 subject=M03 event=action_trace result=proposal:move:north,status:accepted,detail:position:126:38,position:126:38,territory:A,health:100,satiety:88,energy:88
tick=13 subject=M03 event=survival_changed result=health:100->100,satiety:88->87,energy:88->87
tick=13 subject=M04 event=action_trace result=proposal:move:east,status:accepted,detail:position:110:47,position:110:47,territory:A,health:100,satiety:88,energy:88
tick=13 subject=M04 event=survival_changed result=health:100->100,satiety:88->87,energy:88->87
tick=13 subject=M05 event=action_trace result=proposal:move:north,status:accepted,detail:position:9:18,position:9:18,territory:A,health:100,satiety:88,energy:88
tick=13 subject=M05 event=survival_changed result=health:100->100,satiety:88->87,energy:88->87
tick=13 subject=M06 event=action_trace result=proposal:move:east,status:accepted,detail:position:107:55,position:107:55,territory:A,health:100,satiety:88,energy:88
tick=13 subject=M06 event=survival_changed result=health:100->100,satiety:88->87,energy:88->87
tick=13 subject=M07 event=action_trace result=proposal:move:south,status:accepted,detail:position:13:98,position:13:98,territory:B,health:100,satiety:88,energy:88
tick=13 subject=M07 event=survival_changed result=health:100->100,satiety:88->87,energy:88->87
tick=13 subject=M08 event=action_trace result=proposal:move:east,status:accepted,detail:position:107:112,position:107:112,territory:B,health:100,satiety:88,energy:88
tick=13 subject=M08 event=survival_changed result=health:100->100,satiety:88->87,energy:88->87
tick=13 subject=M09 event=action_trace result=proposal:move:east,status:accepted,detail:position:114:111,position:114:111,territory:B,health:100,satiety:88,energy:88
tick=13 subject=M09 event=survival_changed result=health:100->100,satiety:88->87,energy:88->87
tick=13 subject=M10 event=action_trace result=proposal:move:east,status:accepted,detail:position:106:105,position:106:105,territory:B,health:100,satiety:88,energy:88
tick=13 subject=M10 event=survival_changed result=health:100->100,satiety:88->87,energy:88->87
tick=13 subject=M11 event=action_trace result=proposal:move:west,status:accepted,detail:position:103:99,position:103:99,territory:B,health:100,satiety:88,energy:88
tick=13 subject=M11 event=survival_changed result=health:100->100,satiety:88->87,energy:88->87
tick=13 subject=M12 event=action_trace result=proposal:move:west,status:accepted,detail:position:120:106,position:120:106,territory:B,health:100,satiety:88,energy:88
tick=13 subject=M12 event=survival_changed result=health:100->100,satiety:88->87,energy:88->87
tick=14 subject=M01 event=action_trace result=proposal:move:north,status:accepted,detail:position:119:54,position:119:54,territory:A,health:100,satiety:87,energy:87
tick=14 subject=M01 event=survival_changed result=health:100->100,satiety:87->86,energy:87->86
tick=14 subject=M02 event=action_trace result=proposal:move:south,status:accepted,detail:position:85:37,position:85:37,territory:A,health:100,satiety:87,energy:87
tick=14 subject=M02 event=survival_changed result=health:100->100,satiety:87->86,energy:87->86
tick=14 subject=M03 event=action_trace result=proposal:move:north,status:accepted,detail:position:126:37,position:126:37,territory:A,health:100,satiety:87,energy:87
tick=14 subject=M03 event=survival_changed result=health:100->100,satiety:87->86,energy:87->86
tick=14 subject=M04 event=action_trace result=proposal:move:south,status:accepted,detail:position:110:48,position:110:48,territory:A,health:100,satiety:87,energy:87
tick=14 subject=M04 event=survival_changed result=health:100->100,satiety:87->86,energy:87->86
tick=14 subject=M05 event=action_trace result=proposal:move:south,status:accepted,detail:position:9:19,position:9:19,territory:A,health:100,satiety:87,energy:87
tick=14 subject=M05 event=survival_changed result=health:100->100,satiety:87->86,energy:87->86
tick=14 subject=M06 event=action_trace result=proposal:move:north,status:accepted,detail:position:107:54,position:107:54,territory:A,health:100,satiety:87,energy:87
tick=14 subject=M06 event=survival_changed result=health:100->100,satiety:87->86,energy:87->86
tick=14 subject=M07 event=action_trace result=proposal:move:north,status:accepted,detail:position:13:97,position:13:97,territory:B,health:100,satiety:87,energy:87
tick=14 subject=M07 event=survival_changed result=health:100->100,satiety:87->86,energy:87->86
tick=14 subject=M08 event=action_trace result=proposal:move:east,status:accepted,detail:position:108:112,position:108:112,territory:B,health:100,satiety:87,energy:87
tick=14 subject=M08 event=survival_changed result=health:100->100,satiety:87->86,energy:87->86
tick=14 subject=M09 event=action_trace result=proposal:move:east,status:accepted,detail:position:115:111,position:115:111,territory:B,health:100,satiety:87,energy:87
tick=14 subject=M09 event=survival_changed result=health:100->100,satiety:87->86,energy:87->86
tick=14 subject=M10 event=action_trace result=proposal:move:east,status:accepted,detail:position:107:105,position:107:105,territory:B,health:100,satiety:87,energy:87
tick=14 subject=M10 event=survival_changed result=health:100->100,satiety:87->86,energy:87->86
tick=14 subject=M11 event=action_trace result=proposal:move:south,status:accepted,detail:position:103:100,position:103:100,territory:B,health:100,satiety:87,energy:87
tick=14 subject=M11 event=survival_changed result=health:100->100,satiety:87->86,energy:87->86
tick=14 subject=M12 event=action_trace result=proposal:move:west,status:accepted,detail:position:119:106,position:119:106,territory:B,health:100,satiety:87,energy:87
tick=14 subject=M12 event=survival_changed result=health:100->100,satiety:87->86,energy:87->86
tick=15 subject=M01 event=action_trace result=proposal:move:north,status:accepted,detail:position:119:53,position:119:53,territory:A,health:100,satiety:86,energy:86
tick=15 subject=M01 event=survival_changed result=health:100->100,satiety:86->85,energy:86->85
tick=15 subject=M02 event=action_trace result=proposal:move:west,status:accepted,detail:position:84:37,position:84:37,territory:A,health:100,satiety:86,energy:86
tick=15 subject=M02 event=survival_changed result=health:100->100,satiety:86->85,energy:86->85
tick=15 subject=M03 event=action_trace result=proposal:move:east,status:accepted,detail:position:127:37,position:127:37,territory:A,health:100,satiety:86,energy:86
tick=15 subject=M03 event=survival_changed result=health:100->100,satiety:86->85,energy:86->85
tick=15 subject=M04 event=action_trace result=proposal:move:west,status:accepted,detail:position:109:48,position:109:48,territory:A,health:100,satiety:86,energy:86
tick=15 subject=M04 event=survival_changed result=health:100->100,satiety:86->85,energy:86->85
tick=15 subject=M05 event=action_trace result=proposal:move:north,status:accepted,detail:position:9:18,position:9:18,territory:A,health:100,satiety:86,energy:86
tick=15 subject=M05 event=survival_changed result=health:100->100,satiety:86->85,energy:86->85
tick=15 subject=M06 event=action_trace result=proposal:move:north,status:accepted,detail:position:107:53,position:107:53,territory:A,health:100,satiety:86,energy:86
tick=15 subject=M06 event=survival_changed result=health:100->100,satiety:86->85,energy:86->85
tick=15 subject=M07 event=action_trace result=proposal:move:north,status:accepted,detail:position:13:96,position:13:96,territory:B,health:100,satiety:86,energy:86
tick=15 subject=M07 event=survival_changed result=health:100->100,satiety:86->85,energy:86->85
tick=15 subject=M08 event=action_trace result=proposal:move:north,status:accepted,detail:position:108:111,position:108:111,territory:B,health:100,satiety:86,energy:86
tick=15 subject=M08 event=survival_changed result=health:100->100,satiety:86->85,energy:86->85
tick=15 subject=M09 event=action_trace result=proposal:move:north,status:accepted,detail:position:115:110,position:115:110,territory:B,health:100,satiety:86,energy:86
tick=15 subject=M09 event=survival_changed result=health:100->100,satiety:86->85,energy:86->85
tick=15 subject=M10 event=action_trace result=proposal:move:west,status:accepted,detail:position:106:105,position:106:105,territory:B,health:100,satiety:86,energy:86
tick=15 subject=M10 event=survival_changed result=health:100->100,satiety:86->85,energy:86->85
tick=15 subject=M11 event=action_trace result=proposal:move:south,status:accepted,detail:position:103:101,position:103:101,territory:B,health:100,satiety:86,energy:86
tick=15 subject=M11 event=survival_changed result=health:100->100,satiety:86->85,energy:86->85
tick=15 subject=M12 event=action_trace result=proposal:move:east,status:accepted,detail:position:120:106,position:120:106,territory:B,health:100,satiety:86,energy:86
tick=15 subject=M12 event=survival_changed result=health:100->100,satiety:86->85,energy:86->85
tick=16 subject=M01 event=action_trace result=proposal:move:east,status:accepted,detail:position:120:53,position:120:53,territory:A,health:100,satiety:85,energy:85
tick=16 subject=M01 event=survival_changed result=health:100->100,satiety:85->84,energy:85->84
tick=16 subject=M02 event=action_trace result=proposal:move:west,status:accepted,detail:position:83:37,position:83:37,territory:A,health:100,satiety:85,energy:85
tick=16 subject=M02 event=survival_changed result=health:100->100,satiety:85->84,energy:85->84
tick=16 subject=M03 event=action_trace result=proposal:move:west,status:accepted,detail:position:126:37,position:126:37,territory:A,health:100,satiety:85,energy:85
tick=16 subject=M03 event=survival_changed result=health:100->100,satiety:85->84,energy:85->84
tick=16 subject=M04 event=action_trace result=proposal:move:west,status:accepted,detail:position:108:48,position:108:48,territory:A,health:100,satiety:85,energy:85
tick=16 subject=M04 event=survival_changed result=health:100->100,satiety:85->84,energy:85->84
tick=16 subject=M05 event=action_trace result=proposal:move:east,status:accepted,detail:position:10:18,position:10:18,territory:A,health:100,satiety:85,energy:85
tick=16 subject=M05 event=survival_changed result=health:100->100,satiety:85->84,energy:85->84
tick=16 subject=M06 event=action_trace result=proposal:move:west,status:accepted,detail:position:106:53,position:106:53,territory:A,health:100,satiety:85,energy:85
tick=16 subject=M06 event=survival_changed result=health:100->100,satiety:85->84,energy:85->84
tick=16 subject=M07 event=action_trace result=proposal:move:west,status:accepted,detail:position:12:96,position:12:96,territory:B,health:100,satiety:85,energy:85
tick=16 subject=M07 event=survival_changed result=health:100->100,satiety:85->84,energy:85->84
tick=16 subject=M08 event=action_trace result=proposal:move:east,status:accepted,detail:position:109:111,position:109:111,territory:B,health:100,satiety:85,energy:85
tick=16 subject=M08 event=survival_changed result=health:100->100,satiety:85->84,energy:85->84
tick=16 subject=M09 event=action_trace result=proposal:move:west,status:accepted,detail:position:114:110,position:114:110,territory:B,health:100,satiety:85,energy:85
tick=16 subject=M09 event=survival_changed result=health:100->100,satiety:85->84,energy:85->84
tick=16 subject=M10 event=action_trace result=proposal:move:east,status:accepted,detail:position:107:105,position:107:105,territory:B,health:100,satiety:85,energy:85
tick=16 subject=M10 event=survival_changed result=health:100->100,satiety:85->84,energy:85->84
tick=16 subject=M11 event=action_trace result=proposal:move:east,status:accepted,detail:position:104:101,position:104:101,territory:B,health:100,satiety:85,energy:85
tick=16 subject=M11 event=survival_changed result=health:100->100,satiety:85->84,energy:85->84
tick=16 subject=M12 event=action_trace result=proposal:move:west,status:accepted,detail:position:119:106,position:119:106,territory:B,health:100,satiety:85,energy:85
tick=16 subject=M12 event=survival_changed result=health:100->100,satiety:85->84,energy:85->84
tick=17 subject=M01 event=action_trace result=proposal:move:east,status:accepted,detail:position:121:53,position:121:53,territory:A,health:100,satiety:84,energy:84
tick=17 subject=M01 event=survival_changed result=health:100->100,satiety:84->83,energy:84->83
tick=17 subject=M02 event=action_trace result=proposal:move:west,status:accepted,detail:position:82:37,position:82:37,territory:A,health:100,satiety:84,energy:84
tick=17 subject=M02 event=survival_changed result=health:100->100,satiety:84->83,energy:84->83
tick=17 subject=M03 event=action_trace result=proposal:move:west,status:accepted,detail:position:125:37,position:125:37,territory:A,health:100,satiety:84,energy:84
tick=17 subject=M03 event=survival_changed result=health:100->100,satiety:84->83,energy:84->83
tick=17 subject=M04 event=action_trace result=proposal:move:west,status:accepted,detail:position:107:48,position:107:48,territory:A,health:100,satiety:84,energy:84
tick=17 subject=M04 event=survival_changed result=health:100->100,satiety:84->83,energy:84->83
tick=17 subject=M05 event=action_trace result=proposal:move:east,status:accepted,detail:position:11:18,position:11:18,territory:A,health:100,satiety:84,energy:84
tick=17 subject=M05 event=survival_changed result=health:100->100,satiety:84->83,energy:84->83
tick=17 subject=M06 event=action_trace result=proposal:move:west,status:accepted,detail:position:105:53,position:105:53,territory:A,health:100,satiety:84,energy:84
tick=17 subject=M06 event=survival_changed result=health:100->100,satiety:84->83,energy:84->83
tick=17 subject=M07 event=action_trace result=proposal:move:west,status:accepted,detail:position:11:96,position:11:96,territory:B,health:100,satiety:84,energy:84
tick=17 subject=M07 event=survival_changed result=health:100->100,satiety:84->83,energy:84->83
tick=17 subject=M08 event=action_trace result=proposal:move:east,status:accepted,detail:position:110:111,position:110:111,territory:B,health:100,satiety:84,energy:84
tick=17 subject=M08 event=survival_changed result=health:100->100,satiety:84->83,energy:84->83
tick=17 subject=M09 event=action_trace result=proposal:move:west,status:accepted,detail:position:113:110,position:113:110,territory:B,health:100,satiety:84,energy:84
tick=17 subject=M09 event=survival_changed result=health:100->100,satiety:84->83,energy:84->83
tick=17 subject=M10 event=action_trace result=proposal:move:east,status:accepted,detail:position:108:105,position:108:105,territory:B,health:100,satiety:84,energy:84
tick=17 subject=M10 event=survival_changed result=health:100->100,satiety:84->83,energy:84->83
tick=17 subject=M11 event=action_trace result=proposal:move:east,status:accepted,detail:position:105:101,position:105:101,territory:B,health:100,satiety:84,energy:84
tick=17 subject=M11 event=survival_changed result=health:100->100,satiety:84->83,energy:84->83
tick=17 subject=M12 event=action_trace result=proposal:move:west,status:accepted,detail:position:118:106,position:118:106,territory:B,health:100,satiety:84,energy:84
tick=17 subject=M12 event=survival_changed result=health:100->100,satiety:84->83,energy:84->83
tick=18 subject=M01 event=action_trace result=proposal:move:east,status:accepted,detail:position:122:53,position:122:53,territory:A,health:100,satiety:83,energy:83
tick=18 subject=M01 event=survival_changed result=health:100->100,satiety:83->82,energy:83->82
tick=18 subject=M02 event=action_trace result=proposal:move:west,status:accepted,detail:position:81:37,position:81:37,territory:A,health:100,satiety:83,energy:83
tick=18 subject=M02 event=survival_changed result=health:100->100,satiety:83->82,energy:83->82
tick=18 subject=M03 event=action_trace result=proposal:move:south,status:accepted,detail:position:125:38,position:125:38,territory:A,health:100,satiety:83,energy:83
tick=18 subject=M03 event=survival_changed result=health:100->100,satiety:83->82,energy:83->82
tick=18 subject=M04 event=action_trace result=proposal:move:west,status:accepted,detail:position:106:48,position:106:48,territory:A,health:100,satiety:83,energy:83
tick=18 subject=M04 event=survival_changed result=health:100->100,satiety:83->82,energy:83->82
tick=18 subject=M05 event=action_trace result=proposal:move:east,status:accepted,detail:position:12:18,position:12:18,territory:A,health:100,satiety:83,energy:83
tick=18 subject=M05 event=survival_changed result=health:100->100,satiety:83->82,energy:83->82
tick=18 subject=M06 event=action_trace result=proposal:move:west,status:accepted,detail:position:104:53,position:104:53,territory:A,health:100,satiety:83,energy:83
tick=18 subject=M06 event=survival_changed result=health:100->100,satiety:83->82,energy:83->82
tick=18 subject=M07 event=action_trace result=proposal:move:west,status:accepted,detail:position:10:96,position:10:96,territory:B,health:100,satiety:83,energy:83
tick=18 subject=M07 event=survival_changed result=health:100->100,satiety:83->82,energy:83->82
tick=18 subject=M08 event=action_trace result=proposal:move:east,status:accepted,detail:position:111:111,position:111:111,territory:B,health:100,satiety:83,energy:83
tick=18 subject=M08 event=survival_changed result=health:100->100,satiety:83->82,energy:83->82
tick=18 subject=M09 event=action_trace result=proposal:move:west,status:accepted,detail:position:112:110,position:112:110,territory:B,health:100,satiety:83,energy:83
tick=18 subject=M09 event=survival_changed result=health:100->100,satiety:83->82,energy:83->82
tick=18 subject=M10 event=action_trace result=proposal:move:east,status:accepted,detail:position:109:105,position:109:105,territory:B,health:100,satiety:83,energy:83
tick=18 subject=M10 event=survival_changed result=health:100->100,satiety:83->82,energy:83->82
tick=18 subject=M11 event=action_trace result=proposal:move:east,status:accepted,detail:position:106:101,position:106:101,territory:B,health:100,satiety:83,energy:83
tick=18 subject=M11 event=survival_changed result=health:100->100,satiety:83->82,energy:83->82
tick=18 subject=M12 event=action_trace result=proposal:move:west,status:accepted,detail:position:117:106,position:117:106,territory:B,health:100,satiety:83,energy:83
tick=18 subject=M12 event=survival_changed result=health:100->100,satiety:83->82,energy:83->82
tick=19 subject=M01 event=action_trace result=proposal:move:east,status:accepted,detail:position:123:53,position:123:53,territory:A,health:100,satiety:82,energy:82
tick=19 subject=M01 event=survival_changed result=health:100->100,satiety:82->81,energy:82->81
tick=19 subject=M02 event=action_trace result=proposal:move:west,status:accepted,detail:position:80:37,position:80:37,territory:A,health:100,satiety:82,energy:82
tick=19 subject=M02 event=survival_changed result=health:100->100,satiety:82->81,energy:82->81
tick=19 subject=M03 event=action_trace result=proposal:move:south,status:accepted,detail:position:125:39,position:125:39,territory:A,health:100,satiety:82,energy:82
tick=19 subject=M03 event=survival_changed result=health:100->100,satiety:82->81,energy:82->81
tick=19 subject=M04 event=action_trace result=proposal:move:west,status:accepted,detail:position:105:48,position:105:48,territory:A,health:100,satiety:82,energy:82
tick=19 subject=M04 event=survival_changed result=health:100->100,satiety:82->81,energy:82->81
tick=19 subject=M05 event=action_trace result=proposal:move:east,status:accepted,detail:position:13:18,position:13:18,territory:A,health:100,satiety:82,energy:82
tick=19 subject=M05 event=survival_changed result=health:100->100,satiety:82->81,energy:82->81
tick=19 subject=M06 event=action_trace result=proposal:move:north,status:accepted,detail:position:104:52,position:104:52,territory:A,health:100,satiety:82,energy:82
tick=19 subject=M06 event=survival_changed result=health:100->100,satiety:82->81,energy:82->81
tick=19 subject=M07 event=action_trace result=proposal:move:west,status:accepted,detail:position:9:96,position:9:96,territory:B,health:100,satiety:82,energy:82
tick=19 subject=M07 event=survival_changed result=health:100->100,satiety:82->81,energy:82->81
tick=19 subject=M08 event=action_trace result=proposal:move:south,status:accepted,detail:position:111:112,position:111:112,territory:B,health:100,satiety:82,energy:82
tick=19 subject=M08 event=survival_changed result=health:100->100,satiety:82->81,energy:82->81
tick=19 subject=M09 event=action_trace result=proposal:move:west,status:accepted,detail:position:111:110,position:111:110,territory:B,health:100,satiety:82,energy:82
tick=19 subject=M09 event=survival_changed result=health:100->100,satiety:82->81,energy:82->81
tick=19 subject=M10 event=action_trace result=proposal:move:north,status:accepted,detail:position:109:104,position:109:104,territory:B,health:100,satiety:82,energy:82
tick=19 subject=M10 event=survival_changed result=health:100->100,satiety:82->81,energy:82->81
tick=19 subject=M11 event=action_trace result=proposal:move:east,status:accepted,detail:position:107:101,position:107:101,territory:B,health:100,satiety:82,energy:82
tick=19 subject=M11 event=survival_changed result=health:100->100,satiety:82->81,energy:82->81
tick=19 subject=M12 event=action_trace result=proposal:move:west,status:accepted,detail:position:116:106,position:116:106,territory:B,health:100,satiety:82,energy:82
tick=19 subject=M12 event=survival_changed result=health:100->100,satiety:82->81,energy:82->81
tick=20 subject=M01 event=action_trace result=proposal:move:east,status:accepted,detail:position:124:53,position:124:53,territory:A,health:100,satiety:81,energy:81
tick=20 subject=M01 event=survival_changed result=health:100->100,satiety:81->80,energy:81->80
tick=20 subject=M02 event=action_trace result=proposal:move:west,status:accepted,detail:position:79:37,position:79:37,territory:A,health:100,satiety:81,energy:81
tick=20 subject=M02 event=survival_changed result=health:100->100,satiety:81->80,energy:81->80
tick=20 subject=M03 event=action_trace result=proposal:move:south,status:accepted,detail:position:125:40,position:125:40,territory:A,health:100,satiety:81,energy:81
tick=20 subject=M03 event=survival_changed result=health:100->100,satiety:81->80,energy:81->80
tick=20 subject=M04 event=action_trace result=proposal:move:west,status:accepted,detail:position:104:48,position:104:48,territory:A,health:100,satiety:81,energy:81
tick=20 subject=M04 event=survival_changed result=health:100->100,satiety:81->80,energy:81->80
tick=20 subject=M05 event=action_trace result=proposal:move:east,status:accepted,detail:position:14:18,position:14:18,territory:A,health:100,satiety:81,energy:81
tick=20 subject=M05 event=survival_changed result=health:100->100,satiety:81->80,energy:81->80
tick=20 subject=M06 event=action_trace result=proposal:move:north,status:accepted,detail:position:104:51,position:104:51,territory:A,health:100,satiety:81,energy:81
tick=20 subject=M06 event=survival_changed result=health:100->100,satiety:81->80,energy:81->80
tick=20 subject=M07 event=action_trace result=proposal:move:west,status:accepted,detail:position:8:96,position:8:96,territory:B,health:100,satiety:81,energy:81
tick=20 subject=M07 event=survival_changed result=health:100->100,satiety:81->80,energy:81->80
tick=20 subject=M08 event=action_trace result=proposal:move:south,status:accepted,detail:position:111:113,position:111:113,territory:B,health:100,satiety:81,energy:81
tick=20 subject=M08 event=survival_changed result=health:100->100,satiety:81->80,energy:81->80
tick=20 subject=M09 event=action_trace result=proposal:move:south,status:accepted,detail:position:111:111,position:111:111,territory:B,health:100,satiety:81,energy:81
tick=20 subject=M09 event=survival_changed result=health:100->100,satiety:81->80,energy:81->80
tick=20 subject=M10 event=action_trace result=proposal:move:north,status:accepted,detail:position:109:103,position:109:103,territory:B,health:100,satiety:81,energy:81
tick=20 subject=M10 event=survival_changed result=health:100->100,satiety:81->80,energy:81->80
tick=20 subject=M11 event=action_trace result=proposal:move:east,status:accepted,detail:position:108:101,position:108:101,territory:B,health:100,satiety:81,energy:81
tick=20 subject=M11 event=survival_changed result=health:100->100,satiety:81->80,energy:81->80
tick=20 subject=M12 event=action_trace result=proposal:move:west,status:accepted,detail:position:115:106,position:115:106,territory:B,health:100,satiety:81,energy:81
tick=20 subject=M12 event=survival_changed result=health:100->100,satiety:81->80,energy:81->80
tick=20 subject=A event=food_regeneration_skipped result=reason:capacity,count:61
tick=20 subject=B event=food_regeneration_skipped result=reason:capacity,count:61
tick=20 subject=world event=simulation_ended result=reason:tick_limit
# retained=621 truncated=false
