tick=0 subject=world event=world_initialized result=width:128,height:128,territories:2
tick=0 subject=F0001 event=food_initialized result=class:low,position:65:39,territory:A
tick=0 subject=F0002 event=food_initialized result=class:medium,position:94:11,territory:A
tick=0 subject=F0003 event=food_initialized result=class:high,position:57:0,territory:A
tick=0 subject=F0004 event=food_initialized result=class:low,position:37:53,territory:A
tick=0 subject=F0005 event=food_initialized result=class:medium,position:40:22,territory:A
tick=0 subject=F0006 event=food_initialized result=class:high,position:97:62,territory:A
tick=0 subject=F0007 event=food_initialized result=class:low,position:64:10,territory:A
tick=0 subject=F0008 event=food_initialized result=class:medium,position:40:59,territory:A
tick=0 subject=F0009 event=food_initialized result=class:high,position:99:49,territory:A
tick=0 subject=F0010 event=food_initialized result=class:low,position:110:8,territory:A
tick=0 subject=F0011 event=food_initialized result=class:medium,position:70:28,territory:A
tick=0 subject=F0012 event=food_initialized result=class:high,position:77:44,territory:A
tick=0 subject=F0013 event=food_initialized result=class:low,position:31:55,territory:A
tick=0 subject=F0014 event=food_initialized result=class:medium,position:53:43,territory:A
tick=0 subject=F0015 event=food_initialized result=class:high,position:39:10,territory:A
tick=0 subject=F0016 event=food_initialized result=class:low,position:4:58,territory:A
tick=0 subject=F0017 event=food_initialized result=class:medium,position:109:28,territory:A
tick=0 subject=F0018 event=food_initialized result=class:high,position:23:12,territory:A
tick=0 subject=F0019 event=food_initialized result=class:low,position:117:1,territory:A
tick=0 subject=F0020 event=food_initialized result=class:medium,position:24:60,territory:A
tick=0 subject=F0021 event=food_initialized result=class:high,position:6:7,territory:A
tick=0 subject=F0022 event=food_initialized result=class:low,position:99:50,territory:A
tick=0 subject=F0023 event=food_initialized result=class:medium,position:1:56,territory:A
tick=0 subject=F0024 event=food_initialized result=class:high,position:94:22,territory:A
tick=0 subject=F0025 event=food_initialized result=class:low,position:115:58,territory:A
tick=0 subject=F0026 event=food_initialized result=class:medium,position:116:37,territory:A
tick=0 subject=F0027 event=food_initialized result=class:high,position:120:16,territory:A
tick=0 subject=F0028 event=food_initialized result=class:low,position:15:47,territory:A
tick=0 subject=F0029 event=food_initialized result=class:medium,position:47:12,territory:A
tick=0 subject=F0030 event=food_initialized result=class:high,position:82:18,territory:A
tick=0 subject=F0031 event=food_initialized result=class:low,position:20:63,territory:A
tick=0 subject=F0032 event=food_initialized result=class:medium,position:60:27,territory:A
tick=0 subject=F0033 event=food_initialized result=class:high,position:98:44,territory:A
tick=0 subject=F0034 event=food_initialized result=class:low,position:115:43,territory:A
tick=0 subject=F0035 event=food_initialized result=class:medium,position:41:59,territory:A
tick=0 subject=F0036 event=food_initialized result=class:high,position:97:7,territory:A
tick=0 subject=F0037 event=food_initialized result=class:low,position:117:51,territory:A
tick=0 subject=F0038 event=food_initialized result=class:medium,position:14:3,territory:A
tick=0 subject=F0039 event=food_initialized result=class:high,position:83:62,territory:A
tick=0 subject=F0040 event=food_initialized result=class:low,position:85:29,territory:A
tick=0 subject=F0041 event=food_initialized result=class:medium,position:57:33,territory:A
tick=0 subject=F0042 event=food_initialized result=class:high,position:87:50,territory:A
tick=0 subject=F0043 event=food_initialized result=class:low,position:9:49,territory:A
tick=0 subject=F0044 event=food_initialized result=class:medium,position:121:46,territory:A
tick=0 subject=F0045 event=food_initialized result=class:high,position:92:0,territory:A
tick=0 subject=F0046 event=food_initialized result=class:low,position:40:62,territory:A
tick=0 subject=F0047 event=food_initialized result=class:medium,position:66:11,territory:A
tick=0 subject=F0048 event=food_initialized result=class:high,position:46:56,territory:A
tick=0 subject=F0049 event=food_initialized result=class:low,position:1:16,territory:A
tick=0 subject=F0050 event=food_initialized result=class:medium,position:114:17,territory:A
tick=0 subject=F0051 event=food_initialized result=class:high,position:1:19,territory:A
tick=0 subject=F0052 event=food_initialized result=class:low,position:91:18,territory:A
tick=0 subject=F0053 event=food_initialized result=class:medium,position:37:11,territory:A
tick=0 subject=F0054 event=food_initialized result=class:high,position:111:22,territory:A
tick=0 subject=F0055 event=food_initialized result=class:low,position:108:59,territory:A
tick=0 subject=F0056 event=food_initialized result=class:medium,position:90:38,territory:A
tick=0 subject=F0057 event=food_initialized result=class:high,position:94:34,territory:A
tick=0 subject=F0058 event=food_initialized result=class:low,position:23:18,territory:A
tick=0 subject=F0059 event=food_initialized result=class:medium,position:47:4,territory:A
tick=0 subject=F0060 event=food_initialized result=class:high,position:2:59,territory:A
tick=0 subject=F0061 event=food_initialized result=class:low,position:34:30,territory:A
tick=0 subject=F0062 event=food_initialized result=class:low,position:31:112,territory:B
tick=0 subject=F0063 event=food_initialized result=class:medium,position:112:83,territory:B
tick=0 subject=F0064 event=food_initialized result=class:high,position:29:68,territory:B
tick=0 subject=F0065 event=food_initialized result=class:low,position:5:120,territory:B
tick=0 subject=F0066 event=food_initialized result=class:medium,position:109:86,territory:B
tick=0 subject=F0067 event=food_initialized result=class:high,position:112:64,territory:B
tick=0 subject=F0068 event=food_initialized result=class:low,position:21:86,territory:B
tick=0 subject=F0069 event=food_initialized result=class:medium,position:82:83,territory:B
tick=0 subject=F0070 event=food_initialized result=class:high,position:108:114,territory:B
tick=0 subject=F0071 event=food_initialized result=class:low,position:106:115,territory:B
tick=0 subject=F0072 event=food_initialized result=class:medium,position:35:85,territory:B
tick=0 subject=F0073 event=food_initialized result=class:high,position:13:100,territory:B
tick=0 subject=F0074 event=food_initialized result=class:low,position:61:127,territory:B
tick=0 subject=F0075 event=food_initialized result=class:medium,position:4:86,territory:B
tick=0 subject=F0076 event=food_initialized result=class:high,position:31:113,territory:B
tick=0 subject=F0077 event=food_initialized result=class:low,position:70:108,territory:B
tick=0 subject=F0078 event=food_initialized result=class:medium,position:104:86,territory:B
tick=0 subject=F0079 event=food_initialized result=class:high,position:77:105,territory:B
tick=0 subject=F0080 event=food_initialized result=class:low,position:116:100,territory:B
tick=0 subject=F0081 event=food_initialized result=class:medium,position:80:64,territory:B
tick=0 subject=F0082 event=food_initialized result=class:high,position:43:79,territory:B
tick=0 subject=F0083 event=food_initialized result=class:low,position:90:103,territory:B
tick=0 subject=F0084 event=food_initialized result=class:medium,position:37:115,territory:B
tick=0 subject=F0085 event=food_initialized result=class:high,position:69:117,territory:B
tick=0 subject=F0086 event=food_initialized result=class:low,position:121:92,territory:B
tick=0 subject=F0087 event=food_initialized result=class:medium,position:54:79,territory:B
tick=0 subject=F0088 event=food_initialized result=class:high,position:102:91,territory:B
tick=0 subject=F0089 event=food_initialized result=class:low,position:91:99,territory:B
tick=0 subject=F0090 event=food_initialized result=class:medium,position:90:124,territory:B
tick=0 subject=F0091 event=food_initialized result=class:high,position:91:109,territory:B
tick=0 subject=F0092 event=food_initialized result=class:low,position:41:86,territory:B
tick=0 subject=F0093 event=food_initialized result=class:medium,position:5:98,territory:B
tick=0 subject=F0094 event=food_initialized result=class:high,position:57:87,territory:B
tick=0 subject=F0095 event=food_initialized result=class:low,position:25:64,territory:B
tick=0 subject=F0096 event=food_initialized result=class:medium,position:110:112,territory:B
tick=0 subject=F0097 event=food_initialized result=class:high,position:38:66,territory:B
tick=0 subject=F0098 event=food_initialized result=class:low,position:56:80,territory:B
tick=0 subject=F0099 event=food_initialized result=class:medium,position:69:69,territory:B
tick=0 subject=F0100 event=food_initialized result=class:high,position:26:93,territory:B
tick=0 subject=F0101 event=food_initialized result=class:low,position:46:96,territory:B
tick=0 subject=F0102 event=food_initialized result=class:medium,position:103:93,territory:B
tick=0 subject=F0103 event=food_initialized result=class:high,position:115:127,territory:B
tick=0 subject=F0104 event=food_initialized result=class:low,position:59:101,territory:B
tick=0 subject=F0105 event=food_initialized result=class:medium,position:68:89,territory:B
tick=0 subject=F0106 event=food_initialized result=class:high,position:11:97,territory:B
tick=0 subject=F0107 event=food_initialized result=class:low,position:13:88,territory:B
tick=0 subject=F0108 event=food_initialized result=class:medium,position:109:100,territory:B
tick=0 subject=F0109 event=food_initialized result=class:high,position:19:77,territory:B
tick=0 subject=F0110 event=food_initialized result=class:low,position:57:81,territory:B
tick=0 subject=F0111 event=food_initialized result=class:medium,position:30:81,territory:B
tick=0 subject=F0112 event=food_initialized result=class:high,position:71:107,territory:B
tick=0 subject=F0113 event=food_initialized result=class:low,position:107:117,territory:B
tick=0 subject=F0114 event=food_initialized result=class:medium,position:97:121,territory:B
tick=0 subject=F0115 event=food_initialized result=class:high,position:111:81,territory:B
tick=0 subject=F0116 event=food_initialized result=class:low,position:71:106,territory:B
tick=0 subject=F0117 event=food_initialized result=class:medium,position:80:92,territory:B
tick=0 subject=F0118 event=food_initialized result=class:high,position:64:107,territory:B
tick=0 subject=F0119 event=food_initialized result=class:low,position:62:88,territory:B
tick=0 subject=F0120 event=food_initialized result=class:medium,position:10:94,territory:B
tick=0 subject=F0121 event=food_initialized result=class:high,position:32:68,territory:B
tick=0 subject=F0122 event=food_initialized result=class:low,position:55:97,territory:B
tick=0 subject=M01 event=agent_initialized result=position:67:51,territory:A,health:100,satiety:100,energy:100
tick=0 subject=M02 event=agent_initialized result=position:84:42,territory:A,health:100,satiety:100,energy:100
tick=0 subject=M03 event=agent_initialized result=position:30:44,territory:A,health:100,satiety:100,energy:100
tick=0 subject=M04 event=agent_initialized result=position:27:33,territory:A,health:100,satiety:100,energy:100
tick=0 subject=M05 event=agent_initialized result=position:119:5,territory:A,health:100,satiety:100,energy:100
tick=0 subject=M06 event=agent_initialized result=position:118:42,territory:A,health:100,satiety:100,energy:100
tick=0 subject=M07 event=agent_initialized result=position:83:121,territory:B,health:100,satiety:100,energy:100
tick=0 subject=M08 event=agent_initialized result=position:115:112,territory:B,health:100,satiety:100,energy:100
tick=0 subject=M09 event=agent_initialized result=position:94:72,territory:B,health:100,satiety:100,energy:100
tick=0 subject=M10 event=agent_initialized result=position:8:73,territory:B,health:100,satiety:100,energy:100
tick=0 subject=M11 event=agent_initialized result=position:103:122,territory:B,health:100,satiety:100,energy:100
tick=0 subject=M12 event=agent_initialized result=position:117:106,territory:B,health:100,satiety:100,energy:100
tick=0 subject=world event=decision_source_selected result=source:reference
tick=1 subject=M01 event=action_trace result=proposal:move:east,status:accepted,detail:position:68:51,position:68:51,territory:A,health:100,satiety:100,energy:100
tick=1 subject=M01 event=survival_changed result=health:100->100,satiety:100->99,energy:100->99
tick=1 subject=M02 event=action_trace result=proposal:move:east,status:accepted,detail:position:85:42,position:85:42,territory:A,health:100,satiety:100,energy:100
tick=1 subject=M02 event=survival_changed result=health:100->100,satiety:100->99,energy:100->99
tick=1 subject=M03 event=action_trace result=proposal:move:east,status:accepted,detail:position:31:44,position:31:44,territory:A,health:100,satiety:100,energy:100
tick=1 subject=M03 event=survival_changed result=health:100->100,satiety:100->99,energy:100->99
tick=1 subject=M04 event=action_trace result=proposal:move:east,status:accepted,detail:position:28:33,position:28:33,territory:A,health:100,satiety:100,energy:100
tick=1 subject=M04 event=survival_changed result=health:100->100,satiety:100->99,energy:100->99
tick=1 subject=M05 event=action_trace result=proposal:move:south,status:accepted,detail:position:119:6,position:119:6,territory:A,health:100,satiety:100,energy:100
tick=1 subject=M05 event=survival_changed result=health:100->100,satiety:100->99,energy:100->99
tick=1 subject=M06 event=action_trace result=proposal:move:north,status:accepted,detail:position:118:41,position:118:41,territory:A,health:100,satiety:100,energy:100
tick=1 subject=M06 event=survival_changed result=health:100->100,satiety:100->99,energy:100->99
tick=1 subject=M07 event=action_trace result=proposal:move:east,status:accepted,detail:position:84:121,position:84:121,territory:B,health:100,satiety:100,energy:100
tick=1 subject=M07 event=survival_changed result=health:100->100,satiety:100->99,energy:100->99
tick=1 subject=M08 event=action_trace result=proposal:move:east,status:accepted,detail:position:116:112,position:116:112,territory:B,health:100,satiety:100,energy:100
tick=1 subject=M08 event=survival_changed result=health:100->100,satiety:100->99,energy:100->99
tick=1 subject=M09 event=action_trace result=proposal:move:south,status:accepted,detail:position:94:73,position:94:73,territory:B,health:100,satiety:100,energy:100
tick=1 subject=M09 event=survival_changed result=health:100->100,satiety:100->99,energy:100->99
tick=1 subject=M10 event=action_trace result=proposal:move:east,status:accepted,detail:position:9:73,position:9:73,territory:B,health:100,satiety:100,energy:100
tick=1 subject=M10 event=survival_changed result=health:100->100,satiety:100->99,energy:100->99
tick=1 subject=M11 event=action_trace result=proposal:move:north,status:accepted,detail:position:103:121,position:103:121,territory:B,health:100,satiety:100,energy:100
tick=1 subject=M11 event=survival_changed result=health:100->100,satiety:100->99,energy:100->99
tick=1 subject=M12 event=action_trace result=proposal:move:west,status:accepted,detail:position:116:106,position:116:106,territory:B,health:100,satiety:100,energy:100
tick=1 subject=M12 event=survival_changed result=health:100->100,satiety:100->99,energy:100->99
tick=2 subject=M01 event=action_trace result=proposal:move:west,status:accepted,detail:position:67:51,position:67:51,territory:A,health:100,satiety:99,energy:99
tick=2 subject=M01 event=survival_changed result=health:100->100,satiety:99->98,energy:99->98
tick=2 subject=M02 event=action_trace result=proposal:move:south,status:accepted,detail:position:85:43,position:85:43,territory:A,health:100,satiety:99,energy:99
tick=2 subject=M02 event=survival_changed result=health:100->100,satiety:99->98,energy:99->98
tick=2 subject=M03 event=action_trace result=proposal:move:north,status:accepted,detail:position:31:43,position:31:43,territory:A,health:100,satiety:99,energy:99
tick=2 subject=M03 event=survival_changed result=health:100->100,satiety:99->98,energy:99->98
tick=2 subject=M04 event=action_trace result=proposal:move:south,status:accepted,detail:position:28:34,position:28:34,territory:A,health:100,satiety:99,energy:99
tick=2 subject=M04 event=survival_changed result=health:100->100,satiety:99->98,energy:99->98
tick=2 subject=M05 event=action_trace result=proposal:move:south,status:accepted,detail:position:119:7,position:119:7,territory:A,health:100,satiety:99,energy:99
tick=2 subject=M05 event=survival_changed result=health:100->100,satiety:99->98,energy:99->98
tick=2 subject=M06 event=action_trace result=proposal:move:north,status:accepted,detail:position:118:40,position:118:40,territory:A,health:100,satiety:99,energy:99
tick=2 subject=M06 event=survival_changed result=health:100->100,satiety:99->98,energy:99->98
tick=2 subject=M07 event=action_trace result=proposal:move:north,status:accepted,detail:position:84:120,position:84:120,territory:B,health:100,satiety:99,energy:99
tick=2 subject=M07 event=survival_changed result=health:100->100,satiety:99->98,energy:99->98
tick=2 subject=M08 event=action_trace result=proposal:move:south,status:accepted,detail:position:116:113,position:116:113,territory:B,health:100,satiety:99,energy:99
tick=2 subject=M08 event=survival_changed result=health:100->100,satiety:99->98,energy:99->98
tick=2 subject=M09 event=action_trace result=proposal:move:south,status:accepted,detail:position:94:74,position:94:74,territory:B,health:100,satiety:99,energy:99
tick=2 subject=M09 event=survival_changed result=health:100->100,satiety:99->98,energy:99->98
tick=2 subject=M10 event=action_trace result=proposal:move:north,status:accepted,detail:position:9:72,position:9:72,territory:B,health:100,satiety:99,energy:99
tick=2 subject=M10 event=survival_changed result=health:100->100,satiety:99->98,energy:99->98
tick=2 subject=M11 event=action_trace result=proposal:move:south,status:accepted,detail:position:103:122,position:103:122,territory:B,health:100,satiety:99,energy:99
tick=2 subject=M11 event=survival_changed result=health:100->100,satiety:99->98,energy:99->98
tick=2 subject=M12 event=action_trace result=proposal:move:north,status:accepted,detail:position:116:105,position:116:105,territory:B,health:100,satiety:99,energy:99
tick=2 subject=M12 event=survival_changed result=health:100->100,satiety:99->98,energy:99->98
tick=3 subject=M01 event=action_trace result=proposal:move:north,status:accepted,detail:position:67:50,position:67:50,territory:A,health:100,satiety:98,energy:98
tick=3 subject=M01 event=survival_changed result=health:100->100,satiety:98->97,energy:98->97
tick=3 subject=M02 event=action_trace result=proposal:move:west,status:accepted,detail:position:84:43,position:84:43,territory:A,health:100,satiety:98,energy:98
tick=3 subject=M02 event=survival_changed result=health:100->100,satiety:98->97,energy:98->97
tick=3 subject=M03 event=action_trace result=proposal:move:east,status:accepted,detail:position:32:43,position:32:43,territory:A,health:100,satiety:98,energy:98
tick=3 subject=M03 event=survival_changed result=health:100->100,satiety:98->97,energy:98->97
tick=3 subject=M04 event=action_trace result=proposal:move:north,status:accepted,detail:position:28:33,position:28:33,territory:A,health:100,satiety:98,energy:98
tick=3 subject=M04 event=survival_changed result=health:100->100,satiety:98->97,energy:98->97
tick=3 subject=M05 event=action_trace result=proposal:move:west,status:accepted,detail:position:118:7,position:118:7,territory:A,health:100,satiety:98,energy:98
tick=3 subject=M05 event=survival_changed result=health:100->100,satiety:98->97,energy:98->97
tick=3 subject=M06 event=action_trace result=proposal:move:east,status:accepted,detail:position:119:40,position:119:40,territory:A,health:100,satiety:98,energy:98
tick=3 subject=M06 event=survival_changed result=health:100->100,satiety:98->97,energy:98->97
tick=3 subject=M07 event=action_trace result=proposal:move:west,status:accepted,detail:position:83:120,position:83:120,territory:B,health:100,satiety:98,energy:98
tick=3 subject=M07 event=survival_changed result=health:100->100,satiety:98->97,energy:98->97
tick=3 subject=M08 event=action_trace result=proposal:move:east,status:accepted,detail:position:117:113,position:117:113,territory:B,health:100,satiety:98,energy:98
tick=3 subject=M08 event=survival_changed result=health:100->100,satiety:98->97,energy:98->97
tick=3 subject=M09 event=action_trace result=proposal:move:north,status:accepted,detail:position:94:73,position:94:73,territory:B,health:100,satiety:98,energy:98
tick=3 subject=M09 event=survival_changed result=health:100->100,satiety:98->97,energy:98->97
tick=3 subject=M10 event=action_trace result=proposal:move:east,status:accepted,detail:position:10:72,position:10:72,territory:B,health:100,satiety:98,energy:98
tick=3 subject=M10 event=survival_changed result=health:100->100,satiety:98->97,energy:98->97
tick=3 subject=M11 event=action_trace result=proposal:move:north,status:accepted,detail:position:103:121,position:103:121,territory:B,health:100,satiety:98,energy:98
tick=3 subject=M11 event=survival_changed result=health:100->100,satiety:98->97,energy:98->97
tick=3 subject=M12 event=action_trace result=proposal:move:south,status:accepted,detail:position:116:106,position:116:106,territory:B,health:100,satiety:98,energy:98
tick=3 subject=M12 event=survival_changed result=health:100->100,satiety:98->97,energy:98->97
tick=4 subject=M01 event=action_trace result=proposal:move:east,status:accepted,detail:position:68:50,position:68:50,territory:A,health:100,satiety:97,energy:97
tick=4 subject=M01 event=survival_changed result=health:100->100,satiety:97->96,energy:97->96
tick=4 subject=M02 event=action_trace result=proposal:move:north,status:accepted,detail:position:84:42,position:84:42,territory:A,health:100,satiety:97,energy:97
tick=4 subject=M02 event=survival_changed result=health:100->100,satiety:97->96,energy:97->96
tick=4 subject=M03 event=action_trace result=proposal:move:south,status:accepted,detail:position:32:44,position:32:44,territory:A,health:100,satiety:97,energy:97
tick=4 subject=M03 event=survival_changed result=health:100->100,satiety:97->96,energy:97->96
tick=4 subject=M04 event=action_trace result=proposal:move:west,status:accepted,detail:position:27:33,position:27:33,territory:A,health:100,satiety:97,energy:97
tick=4 subject=M04 event=survival_changed result=health:100->100,satiety:97->96,energy:97->96
tick=4 subject=M05 event=action_trace result=proposal:move:west,status:accepted,detail:position:117:7,position:117:7,territory:A,health:100,satiety:97,energy:97
tick=4 subject=M05 event=survival_changed result=health:100->100,satiety:97->96,energy:97->96
tick=4 subject=M06 event=action_trace result=proposal:move:south,status:accepted,detail:position:119:41,position:119:41,territory:A,health:100,satiety:97,energy:97
tick=4 subject=M06 event=survival_changed result=health:100->100,satiety:97->96,energy:97->96
tick=4 subject=M07 event=action_trace result=proposal:move:west,status:accepted,detail:position:82:120,position:82:120,territory:B,health:100,satiety:97,energy:97
tick=4 subject=M07 event=survival_changed result=health:100->100,satiety:97->96,energy:97->96
tick=4 subject=M08 event=action_trace result=proposal:move:east,status:accepted,detail:position:118:113,position:118:113,territory:B,health:100,satiety:97,energy:97
tick=4 subject=M08 event=survival_changed result=health:100->100,satiety:97->96,energy:97->96
tick=4 subject=M09 event=action_trace result=proposal:move:west,status:accepted,detail:position:93:73,position:93:73,territory:B,health:100,satiety:97,energy:97
tick=4 subject=M09 event=survival_changed result=health:100->100,satiety:97->96,energy:97->96
tick=4 subject=M10 event=action_trace result=proposal:move:south,status:accepted,detail:position:10:73,position:10:73,territory:B,health:100,satiety:97,energy:97
tick=4 subject=M10 event=survival_changed result=health:100->100,satiety:97->96,energy:97->96
tick=4 subject=M11 event=action_trace result=proposal:move:north,status:accepted,detail:position:103:120,position:103:120,territory:B,health:100,satiety:97,energy:97
tick=4 subject=M11 event=survival_changed result=health:100->100,satiety:97->96,energy:97->96
tick=4 subject=M12 event=action_trace result=proposal:move:north,status:accepted,detail:position:116:105,position:116:105,territory:B,health:100,satiety:97,energy:97
tick=4 subject=M12 event=survival_changed result=health:100->100,satiety:97->96,energy:97->96
tick=5 subject=M01 event=action_trace result=proposal:move:north,status:accepted,detail:position:68:49,position:68:49,territory:A,health:100,satiety:96,energy:96
tick=5 subject=M01 event=survival_changed result=health:100->100,satiety:96->95,energy:96->95
tick=5 subject=M02 event=action_trace result=proposal:move:south,status:accepted,detail:position:84:43,position:84:43,territory:A,health:100,satiety:96,energy:96
tick=5 subject=M02 event=survival_changed result=health:100->100,satiety:96->95,energy:96->95
tick=5 subject=M03 event=action_trace result=proposal:move:west,status:accepted,detail:position:31:44,position:31:44,territory:A,health:100,satiety:96,energy:96
tick=5 subject=M03 event=survival_changed result=health:100->100,satiety:96->95,energy:96->95
tick=5 subject=M04 event=action_trace result=proposal:move:east,status:accepted,detail:position:28:33,position:28:33,territory:A,health:100,satiety:96,energy:96
tick=5 subject=M04 event=survival_changed result=health:100->100,satiety:96->95,energy:96->95
tick=5 subject=M05 event=action_trace result=proposal:move:west,status:accepted,detail:position:116:7,position:116:7,territory:A,health:100,satiety:96,energy:96
tick=5 subject=M05 event=survival_changed result=health:100->100,satiety:96->95,energy:96->95
tick=5 subject=M06 event=action_trace result=proposal:move:west,status:accepted,detail:position:118:41,position:118:41,territory:A,health:100,satiety:96,energy:96
tick=5 subject=M06 event=survival_changed result=health:100->100,satiety:96->95,energy:96->95
tick=5 subject=M07 event=action_trace result=proposal:move:west,status:accepted,detail:position:81:120,position:81:120,territory:B,health:100,satiety:96,energy:96
tick=5 subject=M07 event=survival_changed result=health:100->100,satiety:96->95,energy:96->95
tick=5 subject=M08 event=action_trace result=proposal:move:east,status:accepted,detail:position:119:113,position:119:113,territory:B,health:100,satiety:96,energy:96
tick=5 subject=M08 event=survival_changed result=health:100->100,satiety:96->95,energy:96->95
tick=5 subject=M09 event=action_trace result=proposal:move:north,status:accepted,detail:position:93:72,position:93:72,territory:B,health:100,satiety:96,energy:96
tick=5 subject=M09 event=survival_changed result=health:100->100,satiety:96->95,energy:96->95
tick=5 subject=M10 event=action_trace result=proposal:move:south,status:accepted,detail:position:10:74,position:10:74,territory:B,health:100,satiety:96,energy:96
tick=5 subject=M10 event=survival_changed result=health:100->100,satiety:96->95,energy:96->95
tick=5 subject=M11 event=action_trace result=proposal:move:south,status:accepted,detail:position:103:121,position:103:121,territory:B,health:100,satiety:96,energy:96
tick=5 subject=M11 event=survival_changed result=health:100->100,satiety:96->95,energy:96->95
tick=5 subject=M12 event=action_trace result=proposal:move:south,status:accepted,detail:position:116:106,position:116:106,territory:B,health:100,satiety:96,energy:96
tick=5 subject=M12 event=survival_changed result=health:100->100,satiety:96->95,energy:96->95
tick=6 subject=M01 event=action_trace result=proposal:move:south,status:accepted,detail:position:68:50,position:68:50,territory:A,health:100,satiety:95,energy:95
tick=6 subject=M01 event=survival_changed result=health:100->100,satiety:95->94,energy:95->94
tick=6 subject=M02 event=action_trace result=proposal:move:north,status:accepted,detail:position:84:42,position:84:42,territory:A,health:100,satiety:95,energy:95
tick=6 subject=M02 event=survival_changed result=health:100->100,satiety:95->94,energy:95->94
tick=6 subject=M03 event=action_trace result=proposal:move:south,status:accepted,detail:position:31:45,position:31:45,territory:A,health:100,satiety:95,energy:95
tick=6 subject=M03 event=survival_changed result=health:100->100,satiety:95->94,energy:95->94
tick=6 subject=M04 event=action_trace result=proposal:move:east,status:accepted,detail:position:29:33,position:29:33,territory:A,health:100,satiety:95,energy:95
tick=6 subject=M04 event=survival_changed result=health:100->100,satiety:95->94,energy:95->94
tick=6 subject=M05 event=action_trace result=proposal:move:south,status:accepted,detail:position:116:8,position:116:8,territory:A,health:100,satiety:95,energy:95
tick=6 subject=M05 event=survival_changed result=health:100->100,satiety:95->94,energy:95->94
tick=6 subject=M06 event=action_trace result=proposal:move:east,status:accepted,detail:position:119:41,position:119:41,territory:A,health:100,satiety:95,energy:95
tick=6 subject=M06 event=survival_changed result=health:100->100,satiety:95->94,energy:95->94
tick=6 subject=M07 event=action_trace result=proposal:move:south,status:accepted,detail:position:81:121,position:81:121,territory:B,health:100,satiety:95,energy:95
tick=6 subject=M07 event=survival_changed result=health:100->100,satiety:95->94,energy:95->94
tick=6 subject=M08 event=action_trace result=proposal:move:east,status:accepted,detail:position:120:113,position:120:113,territory:B,health:100,satiety:95,energy:95
tick=6 subject=M08 event=survival_changed result=health:100->100,satiety:95->94,energy:95->94
tick=6 subject=M09 event=action_trace result=proposal:move:south,status:accepted,detail:position:93:73,position:93:73,territory:B,health:100,satiety:95,energy:95
tick=6 subject=M09 event=survival_changed result=health:100->100,satiety:95->94,energy:95->94
tick=6 subject=M10 event=action_trace result=proposal:move:east,status:accepted,detail:position:11:74,position:11:74,territory:B,health:100,satiety:95,energy:95
tick=6 subject=M10 event=survival_changed result=health:100->100,satiety:95->94,energy:95->94
tick=6 subject=M11 event=action_trace result=proposal:move:north,status:accepted,detail:position:103:120,position:103:120,territory:B,health:100,satiety:95,energy:95
tick=6 subject=M11 event=survival_changed result=health:100->100,satiety:95->94,energy:95->94
tick=6 subject=M12 event=action_trace result=proposal:move:south,status:accepted,detail:position:116:107,position:116:107,territory:B,health:100,satiety:95,energy:95
tick=6 subject=M12 event=survival_changed result=health:100->100,satiety:95->94,energy:95->94
tick=7 subject=M01 event=action_trace result=proposal:move:north,status:accepted,detail:position:68:49,position:68:49,territory:A,health:100,satiety:94,energy:94
tick=7 subject=M01 event=survival_changed result=health:100->100,satiety:94->93,energy:94->93
tick=7 subject=M02 event=action_trace result=proposal:move:east,status:accepted,detail:position:85:42,position:85:42,territory:A,health:100,satiety:94,energy:94
tick=7 subject=M02 event=survival_changed result=health:100->100,satiety:94->93,energy:94->93
tick=7 subject=M03 event=action_trace result=proposal:move:south,status:accepted,detail:position:31:46,position:31:46,territory:A,health:100,satiety:94,energy:94
tick=7 subject=M03 event=survival_changed result=health:100->100,satiety:94->93,energy:94->93
tick=7 subject=M04 event=action_trace result=proposal:move:west,status:accepted,detail:position:28:33,position:28:33,territory:A,health:100,satiety:94,energy:94
tick=7 subject=M04 event=survival_changed result=health:100->100,satiety:94->93,energy:94->93
tick=7 subject=M05 event=action_trace result=proposal:move:east,status:accepted,detail:position:117:8,position:117:8,territory:A,health:100,satiety:94,energy:94
tick=7 subject=M05 event=survival_changed result=health:100->100,satiety:94->93,energy:94->93
tick=7 subject=M06 event=action_trace result=proposal:move:west,status:accepted,detail:position:118:41,position:118:41,territory:A,health:100,satiety:94,energy:94
tick=7 subject=M06 event=survival_changed result=health:100->100,satiety:94->93,energy:94->93
tick=7 subject=M07 event=action_trace result=proposal:move:west,status:accepted,detail:position:80:121,position:80:121,territory:B,health:100,satiety:94,energy:94
tick=7 subject=M07 event=survival_changed result=health:100->100,satiety:94->93,energy:94->93
tick=7 subject=M08 event=action_trace result=proposal:move:south,status:accepted,detail:position:120:114,position:120:114,territory:B,health:100,satiety:94,energy:94
tick=7 subject=M08 event=survival_changed result=health:100->100,satiety:94->93,energy:94->93
tick=7 subject=M09 event=action_trace result=proposal:move:east,status:accepted,detail:position:94:73,position:94:73,territory:B,health:100,satiety:94,energy:94
tick=7 subject=M09 event=survival_changed result=health:100->100,satiety:94->93,energy:94->93
tick=7 subject=M10 event=action_trace result=proposal:move:south,status:accepted,detail:position:11:75,position:11:75,territory:B,health:100,satiety:94,energy:94
tick=7 subject=M10 event=survival_changed result=health:100->100,satiety:94->93,energy:94->93
tick=7 subject=M11 event=action_trace result=proposal:move:west,status:accepted,detail:position:102:120,position:102:120,territory:B,health:100,satiety:94,energy:94
tick=7 subject=M11 event=survival_changed result=health:100->100,satiety:94->93,energy:94->93
tick=7 subject=M12 event=action_trace result=proposal:move:north,status:accepted,detail:position:116:106,position:116:106,territory:B,health:100,satiety:94,energy:94
tick=7 subject=M12 event=survival_changed result=health:100->100,satiety:94->93,energy:94->93
tick=8 subject=M01 event=action_trace result=proposal:move:west,status:accepted,detail:position:67:49,position:67:49,territory:A,health:100,satiety:93,energy:93
tick=8 subject=M01 event=survival_changed result=health:100->100,satiety:93->92,energy:93->92
tick=8 subject=M02 event=action_trace result=proposal:move:north,status:accepted,detail:position:85:41,position:85:41,territory:A,health:100,satiety:93,energy:93
tick=8 subject=M02 event=survival_changed result=health:100->100,satiety:93->92,energy:93->92
tick=8 subject=M03 event=action_trace result=proposal:move:east,status:accepted,detail:position:32:46,position:32:46,territory:A,health:100,satiety:93,energy:93
tick=8 subject=M03 event=survival_changed result=health:100->100,satiety:93->92,energy:93->92
tick=8 subject=M04 event=action_trace result=proposal:move:east,status:accepted,detail:position:29:33,position:29:33,territory:A,health:100,satiety:93,energy:93
tick=8 subject=M04 event=survival_changed result=health:100->100,satiety:93->92,energy:93->92
tick=8 subject=M05 event=action_trace result=proposal:move:east,status:accepted,detail:position:118:8,position:118:8,territory:A,health:100,satiety:93,energy:93
tick=8 subject=M05 event=survival_changed result=health:100->100,satiety:93->92,energy:93->92
tick=8 subject=M06 event=action_trace result=proposal:move:south,status:accepted,detail:position:118:42,position:118:42,territory:A,health:100,satiety:93,energy:93
tick=8 subject=M06 event=survival_changed result=health:100->100,satiety:93->92,energy:93->92
tick=8 subject=M07 event=action_trace result=proposal:move:east,status:accepted,detail:position:81:121,position:81:121,territory:B,health:100,satiety:93,energy:93
tick=8 subject=M07 event=survival_changed result=health:100->100,satiety:93->92,energy:93->92
tick=8 subject=M08 event=action_trace result=proposal:move:south,status:accepted,detail:position:120:115,position:120:115,territory:B,health:100,satiety:93,energy:93
tick=8 subject=M08 event=survival_changed result=health:100->100,satiety:93->92,energy:93->92
tick=8 subject=M09 event=action_trace result=proposal:move:west,status:accepted,detail:position:93:73,position:93:73,territory:B,health:100,satiety:93,energy:93
tick=8 subject=M09 event=survival_changed result=health:100->100,satiety:93->92,energy:93->92
tick=8 subject=M10 event=action_trace result=proposal:move:south,status:accepted,detail:position:11:76,position:11:76,territory:B,health:100,satiety:93,energy:93
tick=8 subject=M10 event=survival_changed result=health:100->100,satiety:93->92,energy:93->92
tick=8 subject=M11 event=action_trace result=proposal:move:east,status:accepted,detail:position:103:120,position:103:120,territory:B,health:100,satiety:93,energy:93
tick=8 subject=M11 event=survival_changed result=health:100->100,satiety:93->92,energy:93->92
tick=8 subject=M12 event=action_trace result=proposal:move:north,status:accepted,detail:position:116:105,position:116:105,territory:B,health:100,satiety:93,energy:93
tick=8 subject=M12 event=survival_changed result=health:100->100,satiety:93->92,energy:93->92
tick=9 subject=M01 event=action_trace result=proposal:move:north,status:accepted,detail:position:67:48,position:67:48,territory:A,health:100,satiety:92,energy:92
tick=9 subject=M01 event=survival_changed result=health:100->100,satiety:92->91,energy:92->91
tick=9 subject=M02 event=action_trace result=proposal:move:east,status:accepted,detail:position:86:41,position:86:41,territory:A,health:100,satiety:92,energy:92
tick=9 subject=M02 event=survival_changed result=health:100->100,satiety:92->91,energy:92->91
tick=9 subject=M03 event=action_trace result=proposal:move:west,status:accepted,detail:position:31:46,position:31:46,territory:A,health:100,satiety:92,energy:92
tick=9 subject=M03 event=survival_changed result=health:100->100,satiety:92->91,energy:92->91
tick=9 subject=M04 event=action_trace result=proposal:move:north,status:accepted,detail:position:29:32,position:29:32,territory:A,health:100,satiety:92,energy:92
tick=9 subject=M04 event=survival_changed result=health:100->100,satiety:92->91,energy:92->91
tick=9 subject=M05 event=action_trace result=proposal:move:east,status:accepted,detail:position:119:8,position:119:8,territory:A,health:100,satiety:92,energy:92
tick=9 subject=M05 event=survival_changed result=health:100->100,satiety:92->91,energy:92->91
tick=9 subject=M06 event=action_trace result=proposal:move:east,status:accepted,detail:position:119:42,position:119:42,territory:A,health:100,satiety:92,energy:92
tick=9 subject=M06 event=survival_changed result=health:100->100,satiety:92->91,energy:92->91
tick=9 subject=M07 event=action_trace result=proposal:move:south,status:accepted,detail:position:81:122,position:81:122,territory:B,health:100,satiety:92,energy:92
tick=9 subject=M07 event=survival_changed result=health:100->100,satiety:92->91,energy:92->91
tick=9 subject=M08 event=action_trace result=proposal:move:west,status:accepted,detail:position:119:115,position:119:115,territory:B,health:100,satiety:92,energy:92
tick=9 subject=M08 event=survival_changed result=health:100->100,satiety:92->91,energy:92->91
tick=9 subject=M09 event=action_trace result=proposal:move:west,status:accepted,detail:position:92:73,position:92:73,territory:B,health:100,satiety:92,energy:92
tick=9 subject=M09 event=survival_changed result=health:100->100,satiety:92->91,energy:92->91
tick=9 subject=M10 event=action_trace result=proposal:move:north,status:accepted,detail:position:11:75,position:11:75,territory:B,health:100,satiety:92,energy:92
tick=9 subject=M10 event=survival_changed result=health:100->100,satiety:92->91,energy:92->91
tick=9 subject=M11 event=action_trace result=proposal:move:south,status:accepted,detail:position:103:121,position:103:121,territory:B,health:100,satiety:92,energy:92
tick=9 subject=M11 event=survival_changed result=health:100->100,satiety:92->91,energy:92->91
tick=9 subject=M12 event=action_trace result=proposal:move:north,status:accepted,detail:position:116:104,position:116:104,territory:B,health:100,satiety:92,energy:92
tick=9 subject=M12 event=survival_changed result=health:100->100,satiety:92->91,energy:92->91
tick=10 subject=M01 event=action_trace result=proposal:move:west,status:accepted,detail:position:66:48,position:66:48,territory:A,health:100,satiety:91,energy:91
tick=10 subject=M01 event=survival_changed result=health:100->100,satiety:91->90,energy:91->90
tick=10 subject=M02 event=action_trace result=proposal:move:east,status:accepted,detail:position:87:41,position:87:41,territory:A,health:100,satiety:91,energy:91
tick=10 subject=M02 event=survival_changed result=health:100->100,satiety:91->90,energy:91->90
tick=10 subject=M03 event=action_trace result=proposal:move:south,status:accepted,detail:position:31:47,position:31:47,territory:A,health:100,satiety:91,energy:91
tick=10 subject=M03 event=survival_changed result=health:100->100,satiety:91->90,energy:91->90
tick=10 subject=M04 event=action_trace result=proposal:move:south,status:accepted,detail:position:29:33,position:29:33,territory:A,health:100,satiety:91,energy:91
tick=10 subject=M04 event=survival_changed result=health:100->100,satiety:91->90,energy:91->90
tick=10 subject=M05 event=action_trace result=proposal:move:west,status:accepted,detail:position:118:8,position:118:8,territory:A,health:100,satiety:91,energy:91
tick=10 subject=M05 event=survival_changed result=health:100->100,satiety:91->90,energy:91->90
tick=10 subject=M06 event=action_trace result=proposal:move:east,status:accepted,detail:position:120:42,position:120:42,territory:A,health:100,satiety:91,energy:91
tick=10 subject=M06 event=survival_changed result=health:100->100,satiety:91->90,energy:91->90
tick=10 subject=M07 event=action_trace result=proposal:move:east,status:accepted,detail:position:82:122,position:82:122,territory:B,health:100,satiety:91,energy:91
tick=10 subject=M07 event=survival_changed result=health:100->100,satiety:91->90,energy:91->90
tick=10 subject=M08 event=action_trace result=proposal:move:north,status:accepted,detail:position:119:114,position:119:114,territory:B,health:100,satiety:91,energy:91
tick=10 subject=M08 event=survival_changed result=health:100->100,satiety:91->90,energy:91->90
tick=10 subject=M09 event=action_trace result=proposal:move:south,status:accepted,detail:position:92:74,position:92:74,territory:B,health:100,satiety:91,energy:91
tick=10 subject=M09 event=survival_changed result=health:100->100,satiety:91->90,energy:91->90
tick=10 subject=M10 event=action_trace result=proposal:move:east,status:accepted,detail:position:12:75,position:12:75,territory:B,health:100,satiety:91,energy:91
tick=10 subject=M10 event=survival_changed result=health:100->100,satiety:91->90,energy:91->90
tick=10 subject=M11 event=action_trace result=proposal:move:west,status:accepted,detail:position:102:121,position:102:121,territory:B,health:100,satiety:91,energy:91
tick=10 subject=M11 event=survival_changed result=health:100->100,satiety:91->90,energy:91->90
tick=10 subject=M12 event=action_trace result=proposal:move:west,status:accepted,detail:position:115:104,position:115:104,territory:B,health:100,satiety:91,energy:91
tick=10 subject=M12 event=survival_changed result=health:100->100,satiety:91->90,energy:91->90
tick=10 subject=A event=food_regeneration_skipped result=reason:capacity,count:61
tick=10 subject=B event=food_regeneration_skipped result=reason:capacity,count:61
tick=11 subject=M01 event=action_trace result=proposal:move:north,status:accepted,detail:position:66:47,position:66:47,territory:A,health:100,satiety:90,energy:90
tick=11 subject=M01 event=survival_changed result=health:100->100,satiety:90->89,energy:90->89
tick=11 subject=M02 event=action_trace result=proposal:move:west,status:accepted,detail:position:86:41,position:86:41,territory:A,health:100,satiety:90,energy:90
tick=11 subject=M02 event=survival_changed result=health:100->100,satiety:90->89,energy:90->89
tick=11 subject=M03 event=action_trace result=proposal:move:south,status:accepted,detail:position:31:48,position:31:48,territory:A,health:100,satiety:90,energy:90
tick=11 subject=M03 event=survival_changed result=health:100->100,satiety:90->89,energy:90->89
tick=11 subject=M04 event=action_trace result=proposal:move:east,status:accepted,detail:position:30:33,position:30:33,territory:A,health:100,satiety:90,energy:90
tick=11 subject=M04 event=survival_changed result=health:100->100,satiety:90->89,energy:90->89
tick=11 subject=M05 event=action_trace result=proposal:move:west,status:accepted,detail:position:117:8,position:117:8,territory:A,health:100,satiety:90,energy:90
tick=11 subject=M05 event=survival_changed result=health:100->100,satiety:90->89,energy:90->89
tick=11 subject=M06 event=action_trace result=proposal:move:north,status:accepted,detail:position:120:41,position:120:41,territory:A,health:100,satiety:90,energy:90
tick=11 subject=M06 event=survival_changed result=health:100->100,satiety:90->89,energy:90->89
tick=11 subject=M07 event=action_trace result=proposal:move:south,status:accepted,detail:position:82:123,position:82:123,territory:B,health:100,satiety:90,energy:90
tick=11 subject=M07 event=survival_changed result=health:100->100,satiety:90->89,energy:90->89
tick=11 subject=M08 event=action_trace result=proposal:move:east,status:accepted,detail:position:120:114,position:120:114,territory:B,health:100,satiety:90,energy:90
tick=11 subject=M08 event=survival_changed result=health:100->100,satiety:90->89,energy:90->89
tick=11 subject=M09 event=action_trace result=proposal:move:west,status:accepted,detail:position:91:74,position:91:74,territory:B,health:100,satiety:90,energy:90
tick=11 subject=M09 event=survival_changed result=health:100->100,satiety:90->89,energy:90->89
tick=11 subject=M10 event=action_trace result=proposal:move:north,status:accepted,detail:position:12:74,position:12:74,territory:B,health:100,satiety:90,energy:90
tick=11 subject=M10 event=survival_changed result=health:100->100,satiety:90->89,energy:90->89
tick=11 subject=M11 event=action_trace result=proposal:move:east,status:accepted,detail:position:103:121,position:103:121,territory:B,health:100,satiety:90,energy:90
tick=11 subject=M11 event=survival_changed result=health:100->100,satiety:90->89,energy:90->89
tick=11 subject=M12 event=action_trace result=proposal:move:west,status:accepted,detail:position:114:104,position:114:104,territory:B,health:100,satiety:90,energy:90
tick=11 subject=M12 event=survival_changed result=health:100->100,satiety:90->89,energy:90->89
tick=12 subject=M01 event=action_trace result=proposal:move:south,status:accepted,detail:position:66:48,position:66:48,territory:A,health:100,satiety:89,energy:89
tick=12 subject=M01 event=survival_changed result=health:100->100,satiety:89->88,energy:89->88
tick=12 subject=M02 event=action_trace result=proposal:move:west,status:accepted,detail:position:85:41,position:85:41,territory:A,health:100,satiety:89,energy:89
tick=12 subject=M02 event=survival_changed result=health:100->100,satiety:89->88,energy:89->88
tick=12 subject=M03 event=action_trace result=proposal:move:north,status:accepted,detail:position:31:47,position:31:47,territory:A,health:100,satiety:89,energy:89
tick=12 subject=M03 event=survival_changed result=health:100->100,satiety:89->88,energy:89->88
tick=12 subject=M04 event=action_trace result=proposal:move:north,status:accepted,detail:position:30:32,position:30:32,territory:A,health:100,satiety:89,energy:89
tick=12 subject=M04 event=survival_changed result=health:100->100,satiety:89->88,energy:89->88
tick=12 subject=M05 event=action_trace result=proposal:move:north,status:accepted,detail:position:117:7,position:117:7,territory:A,health:100,satiety:89,energy:89
tick=12 subject=M05 event=survival_changed result=health:100->100,satiety:89->88,energy:89->88
tick=12 subject=M06 event=action_trace result=proposal:move:east,status:accepted,detail:position:121:41,position:121:41,territory:A,health:100,satiety:89,energy:89
tick=12 subject=M06 event=survival_changed result=health:100->100,satiety:89->88,energy:89->88
tick=12 subject=M07 event=action_trace result=proposal:move:north,status:accepted,detail:position:82:122,position:82:122,territory:B,health:100,satiety:89,energy:89
tick=12 subject=M07 event=survival_changed result=health:100->100,satiety:89->88,energy:89->88
tick=12 subject=M08 event=action_trace result=proposal:move:north,status:accepted,detail:position:120:113,position:120:113,territory:B,health:100,satiety:89,energy:89
tick=12 subject=M08 event=survival_changed result=health:100->100,satiety:89->88,energy:89->88
tick=12 subject=M09 event=action_trace result=proposal:move:south,status:accepted,detail:position:91:75,position:91:75,territory:B,health:100,satiety:89,energy:89
tick=12 subject=M09 event=survival_changed result=health:100->100,satiety:89->88,energy:89->88
tick=12 subject=M10 event=action_trace result=proposal:move:east,status:accepted,detail:position:13:74,position:13:74,territory:B,health:100,satiety:89,energy:89
tick=12 subject=M10 event=survival_changed result=health:100->100,satiety:89->88,energy:89->88
tick=12 subject=M11 event=action_trace result=proposal:move:east,status:accepted,detail:position:104:121,position:104:121,territory:B,health:100,satiety:89,energy:89
tick=12 subject=M11 event=survival_changed result=health:100->100,satiety:89->88,energy:89->88
tick=12 subject=M12 event=action_trace result=proposal:move:south,status:accepted,detail:position:114:105,position:114:105,territory:B,health:100,satiety:89,energy:89
tick=12 subject=M12 event=survival_changed result=health:100->100,satiety:89->88,energy:89->88
tick=13 subject=M01 event=action_trace result=proposal:move:north,status:accepted,detail:position:66:47,position:66:47,territory:A,health:100,satiety:88,energy:88
tick=13 subject=M01 event=survival_changed result=health:100->100,satiety:88->87,energy:88->87
tick=13 subject=M02 event=action_trace result=proposal:move:west,status:accepted,detail:position:84:41,position:84:41,territory:A,health:100,satiety:88,energy:88
tick=13 subject=M02 event=survival_changed result=health:100->100,satiety:88->87,energy:88->87
tick=13 subject=M03 event=action_trace result=proposal:move:north,status:accepted,detail:position:31:46,position:31:46,territory:A,health:100,satiety:88,energy:88
tick=13 subject=M03 event=survival_changed result=health:100->100,satiety:88->87,energy:88->87
tick=13 subject=M04 event=action_trace result=proposal:move:east,status:accepted,detail:position:31:32,position:31:32,territory:A,health:100,satiety:88,energy:88
tick=13 subject=M04 event=survival_changed result=health:100->100,satiety:88->87,energy:88->87
tick=13 subject=M05 event=action_trace result=proposal:move:north,status:accepted,detail:position:117:6,position:117:6,territory:A,health:100,satiety:88,energy:88
tick=13 subject=M05 event=survival_changed result=health:100->100,satiety:88->87,energy:88->87
tick=13 subject=M06 event=action_trace result=proposal:move:south,status:accepted,detail:position:121:42,position:121:42,territory:A,health:100,satiety:88,energy:88
tick=13 subject=M06 event=survival_changed result=health:100->100,satiety:88->87,energy:88->87
tick=13 subject=M07 event=action_trace result=proposal:move:east,status:accepted,detail:position:83:122,position:83:122,territory:B,health:100,satiety:88,energy:88
tick=13 subject=M07 event=survival_changed result=health:100->100,satiety:88->87,energy:88->87
tick=13 subject=M08 event=action_trace result=proposal:move:south,status:accepted,detail:position:120:114,position:120:114,territory:B,health:100,satiety:88,energy:88
tick=13 subject=M08 event=survival_changed result=health:100->100,satiety:88->87,energy:88->87
tick=13 subject=M09 event=action_trace result=proposal:move:south,status:accepted,detail:position:91:76,position:91:76,territory:B,health:100,satiety:88,energy:88
tick=13 subject=M09 event=survival_changed result=health:100->100,satiety:88->87,energy:88->87
tick=13 subject=M10 event=action_trace result=proposal:move:west,status:accepted,detail:position:12:74,position:12:74,territory:B,health:100,satiety:88,energy:88
tick=13 subject=M10 event=survival_changed result=health:100->100,satiety:88->87,energy:88->87
tick=13 subject=M11 event=action_trace result=proposal:move:east,status:accepted,detail:position:105:121,position:105:121,territory:B,health:100,satiety:88,energy:88
tick=13 subject=M11 event=survival_changed result=health:100->100,satiety:88->87,energy:88->87
tick=13 subject=M12 event=action_trace result=proposal:move:south,status:accepted,detail:position:114:106,position:114:106,territory:B,health:100,satiety:88,energy:88
tick=13 subject=M12 event=survival_changed result=health:100->100,satiety:88->87,energy:88->87
tick=14 subject=M01 event=action_trace result=proposal:move:north,status:accepted,detail:position:66:46,position:66:46,territory:A,health:100,satiety:87,energy:87
tick=14 subject=M01 event=survival_changed result=health:100->100,satiety:87->86,energy:87->86
tick=14 subject=M02 event=action_trace result=proposal:move:north,status:accepted,detail:position:84:40,position:84:40,territory:A,health:100,satiety:87,energy:87
tick=14 subject=M02 event=survival_changed result=health:100->100,satiety:87->86,energy:87->86
tick=14 subject=M03 event=action_trace result=proposal:move:west,status:accepted,detail:position:30:46,position:30:46,territory:A,health:100,satiety:87,energy:87
tick=14 subject=M03 event=survival_changed result=health:100->100,satiety:87->86,energy:87->86
tick=14 subject=M04 event=action_trace result=proposal:move:east,status:accepted,detail:position:32:32,position:32:32,territory:A,health:100,satiety:87,energy:87
tick=14 subject=M04 event=survival_changed result=health:100->100,satiety:87->86,energy:87->86
tick=14 subject=M05 event=action_trace result=proposal:move:north,status:accepted,detail:position:117:5,position:117:5,territory:A,health:100,satiety:87,energy:87
tick=14 subject=M05 event=survival_changed result=health:100->100,satiety:87->86,energy:87->86
tick=14 subject=M06 event=action_trace result=proposal:move:west,status:accepted,detail:position:120:42,position:120:42,territory:A,health:100,satiety:87,energy:87
tick=14 subject=M06 event=survival_changed result=health:100->100,satiety:87->86,energy:87->86
tick=14 subject=M07 event=action_trace result=proposal:move:east,status:accepted,detail:position:84:122,position:84:122,territory:B,health:100,satiety:87,energy:87
tick=14 subject=M07 event=survival_changed result=health:100->100,satiety:87->86,energy:87->86
tick=14 subject=M08 event=action_trace result=proposal:move:west,status:accepted,detail:position:119:114,position:119:114,territory:B,health:100,satiety:87,energy:87
tick=14 subject=M08 event=survival_changed result=health:100->100,satiety:87->86,energy:87->86
tick=14 subject=M09 event=action_trace result=proposal:move:west,status:accepted,detail:position:90:76,position:90:76,territory:B,health:100,satiety:87,energy:87
tick=14 subject=M09 event=survival_changed result=health:100->100,satiety:87->86,energy:87->86
tick=14 subject=M10 event=action_trace result=proposal:move:west,status:accepted,detail:position:11:74,position:11:74,territory:B,health:100,satiety:87,energy:87
tick=14 subject=M10 event=survival_changed result=health:100->100,satiety:87->86,energy:87->86
tick=14 subject=M11 event=action_trace result=proposal:move:south,status:accepted,detail:position:105:122,position:105:122,territory:B,health:100,satiety:87,energy:87
tick=14 subject=M11 event=survival_changed result=health:100->100,satiety:87->86,energy:87->86
tick=14 subject=M12 event=action_trace result=proposal:move:west,status:accepted,detail:position:113:106,position:113:106,territory:B,health:100,satiety:87,energy:87
tick=14 subject=M12 event=survival_changed result=health:100->100,satiety:87->86,energy:87->86
tick=15 subject=M01 event=action_trace result=proposal:move:north,status:accepted,detail:position:66:45,position:66:45,territory:A,health:100,satiety:86,energy:86
tick=15 subject=M01 event=survival_changed result=health:100->100,satiety:86->85,energy:86->85
tick=15 subject=M02 event=action_trace result=proposal:move:north,status:accepted,detail:position:84:39,position:84:39,territory:A,health:100,satiety:86,energy:86
tick=15 subject=M02 event=survival_changed result=health:100->100,satiety:86->85,energy:86->85
tick=15 subject=M03 event=action_trace result=proposal:move:east,status:accepted,detail:position:31:46,position:31:46,territory:A,health:100,satiety:86,energy:86
tick=15 subject=M03 event=survival_changed result=health:100->100,satiety:86->85,energy:86->85
tick=15 subject=M04 event=action_trace result=proposal:move:east,status:accepted,detail:position:33:32,position:33:32,territory:A,health:100,satiety:86,energy:86
tick=15 subject=M04 event=survival_changed result=health:100->100,satiety:86->85,energy:86->85
tick=15 subject=M05 event=action_trace result=proposal:move:west,status:accepted,detail:position:116:5,position:116:5,territory:A,health:100,satiety:86,energy:86
tick=15 subject=M05 event=survival_changed result=health:100->100,satiety:86->85,energy:86->85
tick=15 subject=M06 event=action_trace result=proposal:move:north,status:accepted,detail:position:120:41,position:120:41,territory:A,health:100,satiety:86,energy:86
tick=15 subject=M06 event=survival_changed result=health:100->100,satiety:86->85,energy:86->85
tick=15 subject=M07 event=action_trace result=proposal:move:west,status:accepted,detail:position:83:122,position:83:122,territory:B,health:100,satiety:86,energy:86
tick=15 subject=M07 event=survival_changed result=health:100->100,satiety:86->85,energy:86->85
tick=15 subject=M08 event=action_trace result=proposal:move:east,status:accepted,detail:position:120:114,position:120:114,territory:B,health:100,satiety:86,energy:86
tick=15 subject=M08 event=survival_changed result=health:100->100,satiety:86->85,energy:86->85
tick=15 subject=M09 event=action_trace result=proposal:move:north,status:accepted,detail:position:90:75,position:90:75,territory:B,health:100,satiety:86,energy:86
tick=15 subject=M09 event=survival_changed result=health:100->100,satiety:86->85,energy:86->85
tick=15 subject=M10 event=action_trace result=proposal:move:north,status:accepted,detail:position:11:73,position:11:73,territory:B,health:100,satiety:86,energy:86
tick=15 subject=M10 event=survival_changed result=health:100->100,satiety:86->85,energy:86->85
tick=15 subject=M11 event=action_trace result=proposal:move:north,status:accepted,detail:position:105:121,position:105:121,territory:B,health:100,satiety:86,energy:86
tick=15 subject=M11 event=survival_changed result=health:100->100,satiety:86->85,energy:86->85
tick=15 subject=M12 event=action_trace result=proposal:move:east,status:accepted,detail:position:114:106,position:114:106,territory:B,health:100,satiety:86,energy:86
tick=15 subject=M12 event=survival_changed result=health:100->100,satiety:86->85,energy:86->85
tick=16 subject=M01 event=action_trace result=proposal:move:west,status:accepted,detail:position:65:45,position:65:45,territory:A,health:100,satiety:85,energy:85
tick=16 subject=M01 event=survival_changed result=health:100->100,satiety:85->84,energy:85->84
tick=16 subject=M02 event=action_trace result=proposal:move:east,status:accepted,detail:position:85:39,position:85:39,territory:A,health:100,satiety:85,energy:85
tick=16 subject=M02 event=survival_changed result=health:100->100,satiety:85->84,energy:85->84
tick=16 subject=M03 event=action_trace result=proposal:move:east,status:accepted,detail:position:32:46,position:32:46,territory:A,health:100,satiety:85,energy:85
tick=16 subject=M03 event=survival_changed result=health:100->100,satiety:85->84,energy:85->84
tick=16 subject=M04 event=action_trace result=proposal:move:east,status:accepted,detail:position:34:32,position:34:32,territory:A,health:100,satiety:85,energy:85
tick=16 subject=M04 event=survival_changed result=health:100->100,satiety:85->84,energy:85->84
tick=16 subject=M05 event=action_trace result=proposal:move:east,status:accepted,detail:position:117:5,position:117:5,territory:A,health:100,satiety:85,energy:85
tick=16 subject=M05 event=survival_changed result=health:100->100,satiety:85->84,energy:85->84
tick=16 subject=M06 event=action_trace result=proposal:move:west,status:accepted,detail:position:119:41,position:119:41,territory:A,health:100,satiety:85,energy:85
tick=16 subject=M06 event=survival_changed result=health:100->100,satiety:85->84,energy:85->84
tick=16 subject=M07 event=action_trace result=proposal:move:west,status:accepted,detail:position:82:122,position:82:122,territory:B,health:100,satiety:85,energy:85
tick=16 subject=M07 event=survival_changed result=health:100->100,satiety:85->84,energy:85->84
tick=16 subject=M08 event=action_trace result=proposal:move:west,status:accepted,detail:position:119:114,position:119:114,territory:B,health:100,satiety:85,energy:85
tick=16 subject=M08 event=survival_changed result=health:100->100,satiety:85->84,energy:85->84
tick=16 subject=M09 event=action_trace result=proposal:move:south,status:accepted,detail:position:90:76,position:90:76,territory:B,health:100,satiety:85,energy:85
tick=16 subject=M09 event=survival_changed result=health:100->100,satiety:85->84,energy:85->84
tick=16 subject=M10 event=action_trace result=proposal:move:east,status:accepted,detail:position:12:73,position:12:73,territory:B,health:100,satiety:85,energy:85
tick=16 subject=M10 event=survival_changed result=health:100->100,satiety:85->84,energy:85->84
tick=16 subject=M11 event=action_trace result=proposal:move:east,status:accepted,detail:position:106:121,position:106:121,territory:B,health:100,satiety:85,energy:85
tick=16 subject=M11 event=survival_changed result=health:100->100,satiety:85->84,energy:85->84
tick=16 subject=M12 event=action_trace result=proposal:move:east,status:accepted,detail:position:115:106,position:115:106,territory:B,health:100,satiety:85,energy:85
tick=16 subject=M12 event=survival_changed result=health:100->100,satiety:85->84,energy:85->84
tick=17 subject=M01 event=action_trace result=proposal:move:north,status:accepted,detail:position:65:44,position:65:44,territory:A,health:100,satiety:84,energy:84
tick=17 subject=M01 event=survival_changed result=health:100->100,satiety:84->83,energy:84->83
tick=17 subject=M02 event=action_trace result=proposal:move:north,status:accepted,detail:position:85:38,position:85:38,territory:A,health:100,satiety:84,energy:84
tick=17 subject=M02 event=survival_changed result=health:100->100,satiety:84->83,energy:84->83
tick=17 subject=M03 event=action_trace result=proposal:move:east,status:accepted,detail:position:33:46,position:33:46,territory:A,health:100,satiety:84,energy:84
tick=17 subject=M03 event=survival_changed result=health:100->100,satiety:84->83,energy:84->83
tick=17 subject=M04 event=action_trace result=proposal:move:north,status:accepted,detail:position:34:31,position:34:31,territory:A,health:100,satiety:84,energy:84
tick=17 subject=M04 event=survival_changed result=health:100->100,satiety:84->83,energy:84->83
tick=17 subject=M05 event=action_trace result=proposal:move:north,status:accepted,detail:position:117:4,position:117:4,territory:A,health:100,satiety:84,energy:84
tick=17 subject=M05 event=survival_changed result=health:100->100,satiety:84->83,energy:84->83
tick=17 subject=M06 event=action_trace result=proposal:move:west,status:accepted,detail:position:118:41,position:118:41,territory:A,health:100,satiety:84,energy:84
tick=17 subject=M06 event=survival_changed result=health:100->100,satiety:84->83,energy:84->83
tick=17 subject=M07 event=action_trace result=proposal:move:west,status:accepted,detail:position:81:122,position:81:122,territory:B,health:100,satiety:84,energy:84
tick=17 subject=M07 event=survival_changed result=health:100->100,satiety:84->83,energy:84->83
tick=17 subject=M08 event=action_trace result=proposal:move:west,status:accepted,detail:position:118:114,position:118:114,territory:B,health:100,satiety:84,energy:84
tick=17 subject=M08 event=survival_changed result=health:100->100,satiety:84->83,energy:84->83
tick=17 subject=M09 event=action_trace result=proposal:move:south,status:accepted,detail:position:90:77,position:90:77,territory:B,health:100,satiety:84,energy:84
tick=17 subject=M09 event=survival_changed result=health:100->100,satiety:84->83,energy:84->83
tick=17 subject=M10 event=action_trace result=proposal:move:east,status:accepted,detail:position:13:73,position:13:73,territory:B,health:100,satiety:84,energy:84
tick=17 subject=M10 event=survival_changed result=health:100->100,satiety:84->83,energy:84->83
tick=17 subject=M11 event=action_trace result=proposal:move:east,status:accepted,detail:position:107:121,position:107:121,territory:B,health:100,satiety:84,energy:84
tick=17 subject=M11 event=survival_changed result=health:100->100,satiety:84->83,energy:84->83
tick=17 subject=M12 event=action_trace result=proposal:move:east,status:accepted,detail:position:116:106,position:116:106,territory:B,health:100,satiety:84,energy:84
tick=17 subject=M12 event=survival_changed result=health:100->100,satiety:84->83,energy:84->83
tick=18 subject=M01 event=action_trace result=proposal:move:north,status:accepted,detail:position:65:43,position:65:43,territory:A,health:100,satiety:83,energy:83
tick=18 subject=M01 event=survival_changed result=health:100->100,satiety:83->82,energy:83->82
tick=18 subject=M02 event=action_trace result=proposal:move:north,status:accepted,detail:position:85:37,position:85:37,territory:A,health:100,satiety:83,energy:83
tick=18 subject=M02 event=survival_changed result=health:100->100,satiety:83->82,energy:83->82
tick=18 subject=M03 event=action_trace result=proposal:move:east,status:accepted,detail:position:34:46,position:34:46,territory:A,health:100,satiety:83,energy:83
tick=18 subject=M03 event=survival_changed result=health:100->100,satiety:83->82,energy:83->82
tick=18 subject=M04 event=action_trace result=proposal:move:north,status:accepted,detail:position:34:30,position:34:30,territory:A,health:100,satiety:83,energy:83
tick=18 subject=M04 event=survival_changed result=health:100->100,satiety:83->82,energy:83->82
tick=18 subject=M05 event=action_trace result=proposal:move:north,status:accepted,detail:position:117:3,position:117:3,territory:A,health:100,satiety:83,energy:83
tick=18 subject=M05 event=survival_changed result=health:100->100,satiety:83->82,energy:83->82
tick=18 subject=M06 event=action_trace result=proposal:move:west,status:accepted,detail:position:117:41,position:117:41,territory:A,health:100,satiety:83,energy:83
tick=18 subject=M06 event=survival_changed result=health:100->100,satiety:83->82,energy:83->82
tick=18 subject=M07 event=action_trace result=proposal:move:west,status:accepted,detail:position:80:122,position:80:122,territory:B,health:100,satiety:83,energy:83
tick=18 subject=M07 event=survival_changed result=health:100->100,satiety:83->82,energy:83->82
tick=18 subject=M08 event=action_trace result=proposal:move:west,status:accepted,detail:position:117:114,position:117:114,territory:B,health:100,satiety:83,energy:83
tick=18 subject=M08 event=survival_changed result=health:100->100,satiety:83->82,energy:83->82
tick=18 subject=M09 event=action_trace result=proposal:move:east,status:accepted,detail:position:91:77,position:91:77,territory:B,health:100,satiety:83,energy:83
tick=18 subject=M09 event=survival_changed result=health:100->100,satiety:83->82,energy:83->82
tick=18 subject=M10 event=action_trace result=proposal:move:east,status:accepted,detail:position:14:73,position:14:73,territory:B,health:100,satiety:83,energy:83
tick=18 subject=M10 event=survival_changed result=health:100->100,satiety:83->82,energy:83->82
tick=18 subject=M11 event=action_trace result=proposal:move:north,status:accepted,detail:position:107:120,position:107:120,territory:B,health:100,satiety:83,energy:83
tick=18 subject=M11 event=survival_changed result=health:100->100,satiety:83->82,energy:83->82
tick=18 subject=M12 event=action_trace result=proposal:move:north,status:accepted,detail:position:116:105,position:116:105,territory:B,health:100,satiety:83,energy:83
tick=18 subject=M12 event=survival_changed result=health:100->100,satiety:83->82,energy:83->82
tick=19 subject=M01 event=action_trace result=proposal:move:north,status:accepted,detail:position:65:42,position:65:42,territory:A,health:100,satiety:82,energy:82
tick=19 subject=M01 event=survival_changed result=health:100->100,satiety:82->81,energy:82->81
tick=19 subject=M02 event=action_trace result=proposal:move:north,status:accepted,detail:position:85:36,position:85:36,territory:A,health:100,satiety:82,energy:82
tick=19 subject=M02 event=survival_changed result=health:100->100,satiety:82->81,energy:82->81
tick=19 subject=M03 event=action_trace result=proposal:move:east,status:accepted,detail:position:35:46,position:35:46,territory:A,health:100,satiety:82,energy:82
tick=19 subject=M03 event=survival_changed result=health:100->100,satiety:82->81,energy:82->81
tick=19 subject=M04 event=food_consumed result=food:F0061,class:low,satiety:82->97,energy:82->87
tick=19 subject=M04 event=action_trace result=proposal:eat:F0061,status:accepted,detail:food:F0061;class:low,position:34:30,territory:A,health:100,satiety:97,energy:87
tick=19 subject=M04 event=survival_changed result=health:100->100,satiety:97->96,energy:87->86
tick=19 subject=M05 event=action_trace result=proposal:move:north,status:accepted,detail:position:117:2,position:117:2,territory:A,health:100,satiety:82,energy:82
tick=19 subject=M05 event=survival_changed result=health:100->100,satiety:82->81,energy:82->81
tick=19 subject=M06 event=action_trace result=proposal:move:west,status:accepted,detail:position:116:41,position:116:41,territory:A,health:100,satiety:82,energy:82
tick=19 subject=M06 event=survival_changed result=health:100->100,satiety:82->81,energy:82->81
tick=19 subject=M07 event=action_trace result=proposal:move:west,status:accepted,detail:position:79:122,position:79:122,territory:B,health:100,satiety:82,energy:82
tick=19 subject=M07 event=survival_changed result=health:100->100,satiety:82->81,energy:82->81
tick=19 subject=M08 event=action_trace result=proposal:move:west,status:accepted,detail:position:116:114,position:116:114,territory:B,health:100,satiety:82,energy:82
tick=19 subject=M08 event=survival_changed result=health:100->100,satiety:82->81,energy:82->81
tick=19 subject=M09 event=action_trace result=proposal:move:south,status:accepted,detail:position:91:78,position:91:78,territory:B,health:100,satiety:82,energy:82
tick=19 subject=M09 event=survival_changed result=health:100->100,satiety:82->81,energy:82->81
tick=19 subject=M10 event=action_trace result=proposal:move:east,status:accepted,detail:position:15:73,position:15:73,territory:B,health:100,satiety:82,energy:82
tick=19 subject=M10 event=survival_changed result=health:100->100,satiety:82->81,energy:82->81
tick=19 subject=M11 event=action_trace result=proposal:move:north,status:accepted,detail:position:107:119,position:107:119,territory:B,health:100,satiety:82,energy:82
tick=19 subject=M11 event=survival_changed result=health:100->100,satiety:82->81,energy:82->81
tick=19 subject=M12 event=action_trace result=proposal:move:north,status:accepted,detail:position:116:104,position:116:104,territory:B,health:100,satiety:82,energy:82
tick=19 subject=M12 event=survival_changed result=health:100->100,satiety:82->81,energy:82->81
tick=20 subject=M01 event=action_trace result=proposal:move:north,status:accepted,detail:position:65:41,position:65:41,territory:A,health:100,satiety:81,energy:81
tick=20 subject=M01 event=survival_changed result=health:100->100,satiety:81->80,energy:81->80
tick=20 subject=M02 event=action_trace result=proposal:move:north,status:accepted,detail:position:85:35,position:85:35,territory:A,health:100,satiety:81,energy:81
tick=20 subject=M02 event=survival_changed result=health:100->100,satiety:81->80,energy:81->80
tick=20 subject=M03 event=action_trace result=proposal:move:east,status:accepted,detail:position:36:46,position:36:46,territory:A,health:100,satiety:81,energy:81
tick=20 subject=M03 event=survival_changed result=health:100->100,satiety:81->80,energy:81->80
tick=20 subject=M04 event=action_trace result=proposal:move:east,status:accepted,detail:position:35:30,position:35:30,territory:A,health:100,satiety:96,energy:86
tick=20 subject=M04 event=survival_changed result=health:100->100,satiety:96->95,energy:86->85
tick=20 subject=M05 event=action_trace result=proposal:move:north,status:accepted,detail:position:117:1,position:117:1,territory:A,health:100,satiety:81,energy:81
tick=20 subject=M05 event=survival_changed result=health:100->100,satiety:81->80,energy:81->80
tick=20 subject=M06 event=action_trace result=proposal:move:west,status:accepted,detail:position:115:41,position:115:41,territory:A,health:100,satiety:81,energy:81
tick=20 subject=M06 event=survival_changed result=health:100->100,satiety:81->80,energy:81->80
tick=20 subject=M07 event=action_trace result=proposal:move:west,status:accepted,detail:position:78:122,position:78:122,territory:B,health:100,satiety:81,energy:81
tick=20 subject=M07 event=survival_changed result=health:100->100,satiety:81->80,energy:81->80
tick=20 subject=M08 event=action_trace result=proposal:move:west,status:accepted,detail:position:115:114,position:115:114,territory:B,health:100,satiety:81,energy:81
tick=20 subject=M08 event=survival_changed result=health:100->100,satiety:81->80,energy:81->80
tick=20 subject=M09 event=action_trace result=proposal:move:east,status:accepted,detail:position:92:78,position:92:78,territory:B,health:100,satiety:81,energy:81
tick=20 subject=M09 event=survival_changed result=health:100->100,satiety:81->80,energy:81->80
tick=20 subject=M10 event=action_trace result=proposal:move:east,status:accepted,detail:position:16:73,position:16:73,territory:B,health:100,satiety:81,energy:81
tick=20 subject=M10 event=survival_changed result=health:100->100,satiety:81->80,energy:81->80
tick=20 subject=M11 event=action_trace result=proposal:move:north,status:accepted,detail:position:107:118,position:107:118,territory:B,health:100,satiety:81,energy:81
tick=20 subject=M11 event=survival_changed result=health:100->100,satiety:81->80,energy:81->80
tick=20 subject=M12 event=action_trace result=proposal:move:north,status:accepted,detail:position:116:103,position:116:103,territory:B,health:100,satiety:81,energy:81
tick=20 subject=M12 event=survival_changed result=health:100->100,satiety:81->80,energy:81->80
tick=20 subject=A event=food_regenerated result=food:F0123,class:medium,position:21:63
tick=20 subject=B event=food_regeneration_skipped result=reason:capacity,count:61
tick=20 subject=world event=simulation_ended result=reason:tick_limit
# retained=622 truncated=false
