tick=0 subject=world event=world_initialized result=width:128,height:128,territories:2
tick=0 subject=F0001 event=food_initialized result=class:low,position:47:52,territory:A
tick=0 subject=F0002 event=food_initialized result=class:medium,position:79:44,territory:A
tick=0 subject=F0003 event=food_initialized result=class:high,position:27:42,territory:A
tick=0 subject=F0004 event=food_initialized result=class:low,position:97:60,territory:A
tick=0 subject=F0005 event=food_initialized result=class:medium,position:67:38,territory:A
tick=0 subject=F0006 event=food_initialized result=class:high,position:9:54,territory:A
tick=0 subject=F0007 event=food_initialized result=class:low,position:123:47,territory:A
tick=0 subject=F0008 event=food_initialized result=class:medium,position:25:43,territory:A
tick=0 subject=F0009 event=food_initialized result=class:high,position:85:6,territory:A
tick=0 subject=F0010 event=food_initialized result=class:low,position:100:44,territory:A
tick=0 subject=F0011 event=food_initialized result=class:medium,position:87:13,territory:A
tick=0 subject=F0012 event=food_initialized result=class:high,position:106:12,territory:A
tick=0 subject=F0013 event=food_initialized result=class:low,position:105:59,territory:A
tick=0 subject=F0014 event=food_initialized result=class:medium,position:0:16,territory:A
tick=0 subject=F0015 event=food_initialized result=class:high,position:22:50,territory:A
tick=0 subject=F0016 event=food_initialized result=class:low,position:79:37,territory:A
tick=0 subject=F0017 event=food_initialized result=class:medium,position:48:41,territory:A
tick=0 subject=F0018 event=food_initialized result=class:high,position:119:3,territory:A
tick=0 subject=F0019 event=food_initialized result=class:low,position:3:33,territory:A
tick=0 subject=F0020 event=food_initialized result=class:medium,position:95:41,territory:A
tick=0 subject=F0021 event=food_initialized result=class:high,position:42:14,territory:A
tick=0 subject=F0022 event=food_initialized result=class:low,position:40:55,territory:A
tick=0 subject=F0023 event=food_initialized result=class:medium,position:56:55,territory:A
tick=0 subject=F0024 event=food_initialized result=class:high,position:45:9,territory:A
tick=0 subject=F0025 event=food_initialized result=class:low,position:97:26,territory:A
tick=0 subject=F0026 event=food_initialized result=class:medium,position:49:22,territory:A
tick=0 subject=F0027 event=food_initialized result=class:high,position:119:49,territory:A
tick=0 subject=F0028 event=food_initialized result=class:low,position:20:5,territory:A
tick=0 subject=F0029 event=food_initialized result=class:medium,position:65:24,territory:A
tick=0 subject=F0030 event=food_initialized result=class:high,position:86:15,territory:A
tick=0 subject=F0031 event=food_initialized result=class:low,position:123:48,territory:A
tick=0 subject=F0032 event=food_initialized result=class:medium,position:29:59,territory:A
tick=0 subject=F0033 event=food_initialized result=class:high,position:14:3,territory:A
tick=0 subject=F0034 event=food_initialized result=class:low,position:114:25,territory:A
tick=0 subject=F0035 event=food_initialized result=class:medium,position:124:0,territory:A
tick=0 subject=F0036 event=food_initialized result=class:high,position:64:47,territory:A
tick=0 subject=F0037 event=food_initialized result=class:low,position:40:6,territory:A
tick=0 subject=F0038 event=food_initialized result=class:medium,position:81:31,territory:A
tick=0 subject=F0039 event=food_initialized result=class:high,position:8:55,territory:A
tick=0 subject=F0040 event=food_initialized result=class:low,position:97:18,territory:A
tick=0 subject=F0041 event=food_initialized result=class:medium,position:104:8,territory:A
tick=0 subject=F0042 event=food_initialized result=class:high,position:52:33,territory:A
tick=0 subject=F0043 event=food_initialized result=class:low,position:125:39,territory:A
tick=0 subject=F0044 event=food_initialized result=class:medium,position:74:14,territory:A
tick=0 subject=F0045 event=food_initialized result=class:high,position:109:40,territory:A
tick=0 subject=F0046 event=food_initialized result=class:low,position:101:47,territory:A
tick=0 subject=F0047 event=food_initialized result=class:medium,position:53:51,territory:A
tick=0 subject=F0048 event=food_initialized result=class:high,position:103:38,territory:A
tick=0 subject=F0049 event=food_initialized result=class:low,position:7:3,territory:A
tick=0 subject=F0050 event=food_initialized result=class:medium,position:4:6,territory:A
tick=0 subject=F0051 event=food_initialized result=class:high,position:80:60,territory:A
tick=0 subject=F0052 event=food_initialized result=class:low,position:90:44,territory:A
tick=0 subject=F0053 event=food_initialized result=class:medium,position:73:12,territory:A
tick=0 subject=F0054 event=food_initialized result=class:high,position:2:27,territory:A
tick=0 subject=F0055 event=food_initialized result=class:low,position:20:55,territory:A
tick=0 subject=F0056 event=food_initialized result=class:medium,position:112:21,territory:A
tick=0 subject=F0057 event=food_initialized result=class:high,position:97:50,territory:A
tick=0 subject=F0058 event=food_initialized result=class:low,position:64:41,territory:A
tick=0 subject=F0059 event=food_initialized result=class:medium,position:88:31,territory:A
tick=0 subject=F0060 event=food_initialized result=class:high,position:46:22,territory:A
tick=0 subject=F0061 event=food_initialized result=class:low,position:89:28,territory:A
tick=0 subject=F0062 event=food_initialized result=class:low,position:80:99,territory:B
tick=0 subject=F0063 event=food_initialized result=class:medium,position:66:89,territory:B
tick=0 subject=F0064 event=food_initialized result=class:high,position:65:120,territory:B
tick=0 subject=F0065 event=food_initialized result=class:low,position:67:100,territory:B
tick=0 subject=F0066 event=food_initialized result=class:medium,position:61:100,territory:B
tick=0 subject=F0067 event=food_initialized result=class:high,position:104:114,territory:B
tick=0 subject=F0068 event=food_initialized result=class:low,position:97:109,territory:B
tick=0 subject=F0069 event=food_initialized result=class:medium,position:108:77,territory:B
tick=0 subject=F0070 event=food_initialized result=class:high,position:52:96,territory:B
tick=0 subject=F0071 event=food_initialized result=class:low,position:127:127,territory:B
tick=0 subject=F0072 event=food_initialized result=class:medium,position:99:80,territory:B
tick=0 subject=F0073 event=food_initialized result=class:high,position:10:97,territory:B
tick=0 subject=F0074 event=food_initialized result=class:low,position:104:98,territory:B
tick=0 subject=F0075 event=food_initialized result=class:medium,position:11:69,territory:B
tick=0 subject=F0076 event=food_initialized result=class:high,position:27:64,territory:B
tick=0 subject=F0077 event=food_initialized result=class:low,position:11:79,territory:B
tick=0 subject=F0078 event=food_initialized result=class:medium,position:117:119,territory:B
tick=0 subject=F0079 event=food_initialized result=class:high,position:46:105,territory:B
tick=0 subject=F0080 event=food_initialized result=class:low,position:17:69,territory:B
tick=0 subject=F0081 event=food_initialized result=class:medium,position:112:97,territory:B
tick=0 subject=F0082 event=food_initialized result=class:high,position:118:105,territory:B
tick=0 subject=F0083 event=food_initialized result=class:low,position:19:71,territory:B
tick=0 subject=F0084 event=food_initialized result=class:medium,position:42:107,territory:B
tick=0 subject=F0085 event=food_initialized result=class:high,position:82:109,territory:B
tick=0 subject=F0086 event=food_initialized result=class:low,position:124:109,territory:B
tick=0 subject=F0087 event=food_initialized result=class:medium,position:9:93,territory:B
tick=0 subject=F0088 event=food_initialized result=class:high,position:48:67,territory:B
tick=0 subject=F0089 event=food_initialized result=class:low,position:25:96,territory:B
tick=0 subject=F0090 event=food_initialized result=class:medium,position:120:110,territory:B
tick=0 subject=F0091 event=food_initialized result=class:high,position:58:82,territory:B
tick=0 subject=F0092 event=food_initialized result=class:low,position:76:104,territory:B
tick=0 subject=F0093 event=food_initialized result=class:medium,position:123:92,territory:B
tick=0 subject=F0094 event=food_initialized result=class:high,position:31:103,territory:B
tick=0 subject=F0095 event=food_initialized result=class:low,position:112:65,territory:B
tick=0 subject=F0096 event=food_initialized result=class:medium,position:90:84,territory:B
tick=0 subject=F0097 event=food_initialized result=class:high,position:81:78,territory:B
tick=0 subject=F0098 event=food_initialized result=class:low,position:112:96,territory:B
tick=0 subject=F0099 event=food_initialized result=class:medium,position:21:108,territory:B
tick=0 subject=F0100 event=food_initialized result=class:high,position:21:97,territory:B
tick=0 subject=F0101 event=food_initialized result=class:low,position:46:108,territory:B
tick=0 subject=F0102 event=food_initialized result=class:medium,position:61:103,territory:B
tick=0 subject=F0103 event=food_initialized result=class:high,position:41:125,territory:B
tick=0 subject=F0104 event=food_initialized result=class:low,position:87:88,territory:B
tick=0 subject=F0105 event=food_initialized result=class:medium,position:25:111,territory:B
tick=0 subject=F0106 event=food_initialized result=class:high,position:92:114,territory:B
tick=0 subject=F0107 event=food_initialized result=class:low,position:122:121,territory:B
tick=0 subject=F0108 event=food_initialized result=class:medium,position:104:109,territory:B
tick=0 subject=F0109 event=food_initialized result=class:high,position:14:110,territory:B
tick=0 subject=F0110 event=food_initialized result=class:low,position:69:124,territory:B
tick=0 subject=F0111 event=food_initialized result=class:medium,position:115:122,territory:B
tick=0 subject=F0112 event=food_initialized result=class:high,position:43:104,territory:B
tick=0 subject=F0113 event=food_initialized result=class:low,position:84:97,territory:B
tick=0 subject=F0114 event=food_initialized result=class:medium,position:73:89,territory:B
tick=0 subject=F0115 event=food_initialized result=class:high,position:50:112,territory:B
tick=0 subject=F0116 event=food_initialized result=class:low,position:49:88,territory:B
tick=0 subject=F0117 event=food_initialized result=class:medium,position:35:121,territory:B
tick=0 subject=F0118 event=food_initialized result=class:high,position:39:101,territory:B
tick=0 subject=F0119 event=food_initialized result=class:low,position:19:91,territory:B
tick=0 subject=F0120 event=food_initialized result=class:medium,position:32:123,territory:B
tick=0 subject=F0121 event=food_initialized result=class:high,position:7:116,territory:B
tick=0 subject=F0122 event=food_initialized result=class:low,position:100:118,territory:B
tick=0 subject=M01 event=agent_initialized result=position:89:34,territory:A,health:100,satiety:100,energy:100
tick=0 subject=M02 event=agent_initialized result=position:68:54,territory:A,health:100,satiety:100,energy:100
tick=0 subject=M03 event=agent_initialized result=position:43:51,territory:A,health:100,satiety:100,energy:100
tick=0 subject=M04 event=agent_initialized result=position:76:40,territory:A,health:100,satiety:100,energy:100
tick=0 subject=M05 event=agent_initialized result=position:62:30,territory:A,health:100,satiety:100,energy:100
tick=0 subject=M06 event=agent_initialized result=position:77:17,territory:A,health:100,satiety:100,energy:100
tick=0 subject=M07 event=agent_initialized result=position:19:114,territory:B,health:100,satiety:100,energy:100
tick=0 subject=M08 event=agent_initialized result=position:43:125,territory:B,health:100,satiety:100,energy:100
tick=0 subject=M09 event=agent_initialized result=position:101:122,territory:B,health:100,satiety:100,energy:100
tick=0 subject=M10 event=agent_initialized result=position:41:68,territory:B,health:100,satiety:100,energy:100
tick=0 subject=M11 event=agent_initialized result=position:8:88,territory:B,health:100,satiety:100,energy:100
tick=0 subject=M12 event=agent_initialized result=position:99:116,territory:B,health:100,satiety:100,energy:100
tick=0 subject=world event=decision_source_selected result=source:reference
tick=1 subject=M01 event=action_trace result=proposal:move:west,status:accepted,detail:position:88:34,position:88:34,territory:A,health:100,satiety:100,energy:100
tick=1 subject=M01 event=survival_changed result=health:100->100,satiety:100->99,energy:100->99
tick=1 subject=M02 event=action_trace result=proposal:move:east,status:accepted,detail:position:69:54,position:69:54,territory:A,health:100,satiety:100,energy:100
tick=1 subject=M02 event=survival_changed result=health:100->100,satiety:100->99,energy:100->99
tick=1 subject=M03 event=action_trace result=proposal:move:west,status:accepted,detail:position:42:51,position:42:51,territory:A,health:100,satiety:100,energy:100
tick=1 subject=M03 event=survival_changed result=health:100->100,satiety:100->99,energy:100->99
tick=1 subject=M04 event=action_trace result=proposal:move:south,status:accepted,detail:position:76:41,position:76:41,territory:A,health:100,satiety:100,energy:100
tick=1 subject=M04 event=survival_changed result=health:100->100,satiety:100->99,energy:100->99
tick=1 subject=M05 event=action_trace result=proposal:move:east,status:accepted,detail:position:63:30,position:63:30,territory:A,health:100,satiety:100,energy:100
tick=1 subject=M05 event=survival_changed result=health:100->100,satiety:100->99,energy:100->99
tick=1 subject=M06 event=action_trace result=proposal:move:south,status:accepted,detail:position:77:18,position:77:18,territory:A,health:100,satiety:100,energy:100
tick=1 subject=M06 event=survival_changed result=health:100->100,satiety:100->99,energy:100->99
tick=1 subject=M07 event=action_trace result=proposal:move:west,status:accepted,detail:position:18:114,position:18:114,territory:B,health:100,satiety:100,energy:100
tick=1 subject=M07 event=survival_changed result=health:100->100,satiety:100->99,energy:100->99
tick=1 subject=M08 event=action_trace result=proposal:move:west,status:accepted,detail:position:42:125,position:42:125,territory:B,health:100,satiety:100,energy:100
tick=1 subject=M08 event=survival_changed result=health:100->100,satiety:100->99,energy:100->99
tick=1 subject=M09 event=action_trace result=proposal:move:west,status:accepted,detail:position:100:122,position:100:122,territory:B,health:100,satiety:100,energy:100
tick=1 subject=M09 event=survival_changed result=health:100->100,satiety:100->99,energy:100->99
tick=1 subject=M10 event=action_trace result=proposal:move:south,status:accepted,detail:position:41:69,position:41:69,territory:B,health:100,satiety:100,energy:100
tick=1 subject=M10 event=survival_changed result=health:100->100,satiety:100->99,energy:100->99
tick=1 subject=M11 event=action_trace result=proposal:move:north,status:accepted,detail:position:8:87,position:8:87,territory:B,health:100,satiety:100,energy:100
tick=1 subject=M11 event=survival_changed result=health:100->100,satiety:100->99,energy:100->99
tick=1 subject=M12 event=action_trace result=proposal:move:east,status:accepted,detail:position:100:116,position:100:116,territory:B,health:100,satiety:100,energy:100
tick=1 subject=M12 event=survival_changed result=health:100->100,satiety:100->99,energy:100->99
tick=2 subject=M01 event=action_trace result=proposal:move:east,status:accepted,detail:position:89:34,position:89:34,territory:A,health:100,satiety:99,energy:99
tick=2 subject=M01 event=survival_changed result=health:100->100,satiety:99->98,energy:99->98
tick=2 subject=M02 event=action_trace result=proposal:move:north,status:accepted,detail:position:69:53,position:69:53,territory:A,health:100,satiety:99,energy:99
tick=2 subject=M02 event=survival_changed result=health:100->100,satiety:99->98,energy:99->98
tick=2 subject=M03 event=action_trace result=proposal:move:east,status:accepted,detail:position:43:51,position:43:51,territory:A,health:100,satiety:99,energy:99
tick=2 subject=M03 event=survival_changed result=health:100->100,satiety:99->98,energy:99->98
tick=2 subject=M04 event=action_trace result=proposal:move:south,status:accepted,detail:position:76:42,position:76:42,territory:A,health:100,satiety:99,energy:99
tick=2 subject=M04 event=survival_changed result=health:100->100,satiety:99->98,energy:99->98
tick=2 subject=M05 event=action_trace result=proposal:move:west,status:accepted,detail:position:62:30,position:62:30,territory:A,health:100,satiety:99,energy:99
tick=2 subject=M05 event=survival_changed result=health:100->100,satiety:99->98,energy:99->98
tick=2 subject=M06 event=action_trace result=proposal:move:west,status:accepted,detail:position:76:18,position:76:18,territory:A,health:100,satiety:99,energy:99
tick=2 subject=M06 event=survival_changed result=health:100->100,satiety:99->98,energy:99->98
tick=2 subject=M07 event=action_trace result=proposal:move:west,status:accepted,detail:position:17:114,position:17:114,territory:B,health:100,satiety:99,energy:99
tick=2 subject=M07 event=survival_changed result=health:100->100,satiety:99->98,energy:99->98
tick=2 subject=M08 event=action_trace result=proposal:move:east,status:accepted,detail:position:43:125,position:43:125,territory:B,health:100,satiety:99,energy:99
tick=2 subject=M08 event=survival_changed result=health:100->100,satiety:99->98,energy:99->98
tick=2 subject=M09 event=action_trace result=proposal:move:west,status:accepted,detail:position:99:122,position:99:122,territory:B,health:100,satiety:99,energy:99
tick=2 subject=M09 event=survival_changed result=health:100->100,satiety:99->98,energy:99->98
tick=2 subject=M10 event=action_trace result=proposal:move:north,status:accepted,detail:position:41:68,position:41:68,territory:B,health:100,satiety:99,energy:99
tick=2 subject=M10 event=survival_changed result=health:100->100,satiety:99->98,energy:99->98
tick=2 subject=M11 event=action_trace result=proposal:move:west,status:accepted,detail:position:7:87,position:7:87,territory:B,health:100,satiety:99,energy:99
tick=2 subject=M11 event=survival_changed result=health:100->100,satiety:99->98,energy:99->98
tick=2 subject=M12 event=action_trace result=proposal:move:east,status:accepted,detail:position:101:116,position:101:116,territory:B,health:100,satiety:99,energy:99
tick=2 subject=M12 event=survival_changed result=health:100->100,satiety:99->98,energy:99->98
tick=3 subject=M01 event=action_trace result=proposal:move:west,status:accepted,detail:position:88:34,position:88:34,territory:A,health:100,satiety:98,energy:98
tick=3 subject=M01 event=survival_changed result=health:100->100,satiety:98->97,energy:98->97
tick=3 subject=M02 event=action_trace result=proposal:move:south,status:accepted,detail:position:69:54,position:69:54,territory:A,health:100,satiety:98,energy:98
tick=3 subject=M02 event=survival_changed result=health:100->100,satiety:98->97,energy:98->97
tick=3 subject=M03 event=action_trace result=proposal:move:north,status:accepted,detail:position:43:50,position:43:50,territory:A,health:100,satiety:98,energy:98
tick=3 subject=M03 event=survival_changed result=health:100->100,satiety:98->97,energy:98->97
tick=3 subject=M04 event=action_trace result=proposal:move:east,status:accepted,detail:position:77:42,position:77:42,territory:A,health:100,satiety:98,energy:98
tick=3 subject=M04 event=survival_changed result=health:100->100,satiety:98->97,energy:98->97
tick=3 subject=M05 event=action_trace result=proposal:move:east,status:accepted,detail:position:63:30,position:63:30,territory:A,health:100,satiety:98,energy:98
tick=3 subject=M05 event=survival_changed result=health:100->100,satiety:98->97,energy:98->97
tick=3 subject=M06 event=action_trace result=proposal:move:south,status:accepted,detail:position:76:19,position:76:19,territory:A,health:100,satiety:98,energy:98
tick=3 subject=M06 event=survival_changed result=health:100->100,satiety:98->97,energy:98->97
tick=3 subject=M07 event=action_trace result=proposal:move:east,status:accepted,detail:position:18:114,position:18:114,territory:B,health:100,satiety:98,energy:98
tick=3 subject=M07 event=survival_changed result=health:100->100,satiety:98->97,energy:98->97
tick=3 subject=M08 event=action_trace result=proposal:move:west,status:accepted,detail:position:42:125,position:42:125,territory:B,health:100,satiety:98,energy:98
tick=3 subject=M08 event=survival_changed result=health:100->100,satiety:98->97,energy:98->97
tick=3 subject=M09 event=action_trace result=proposal:move:east,status:accepted,detail:position:100:122,position:100:122,territory:B,health:100,satiety:98,energy:98
tick=3 subject=M09 event=survival_changed result=health:100->100,satiety:98->97,energy:98->97
tick=3 subject=M10 event=action_trace result=proposal:move:east,status:accepted,detail:position:42:68,position:42:68,territory:B,health:100,satiety:98,energy:98
tick=3 subject=M10 event=survival_changed result=health:100->100,satiety:98->97,energy:98->97
tick=3 subject=M11 event=action_trace result=proposal:move:north,status:accepted,detail:position:7:86,position:7:86,territory:B,health:100,satiety:98,energy:98
tick=3 subject=M11 event=survival_changed result=health:100->100,satiety:98->97,energy:98->97
tick=3 subject=M12 event=action_trace result=proposal:move:east,status:accepted,detail:position:102:116,position:102:116,territory:B,health:100,satiety:98,energy:98
tick=3 subject=M12 event=survival_changed result=health:100->100,satiety:98->97,energy:98->97
tick=4 subject=M01 event=action_trace result=proposal:move:north,status:accepted,detail:position:88:33,position:88:33,territory:A,health:100,satiety:97,energy:97
tick=4 subject=M01 event=survival_changed result=health:100->100,satiety:97->96,energy:97->96
tick=4 subject=M02 event=action_trace result=proposal:move:east,status:accepted,detail:position:70:54,position:70:54,territory:A,health:100,satiety:97,energy:97
tick=4 subject=M02 event=survival_changed result=health:100->100,satiety:97->96,energy:97->96
tick=4 subject=M03 event=action_trace result=proposal:move:west,status:accepted,detail:position:42:50,position:42:50,territory:A,health:100,satiety:97,energy:97
tick=4 subject=M03 event=survival_changed result=health:100->100,satiety:97->96,energy:97->96
tick=4 subject=M04 event=action_trace result=proposal:move:west,status:accepted,detail:position:76:42,position:76:42,territory:A,health:100,satiety:97,energy:97
tick=4 subject=M04 event=survival_changed result=health:100->100,satiety:97->96,energy:97->96
tick=4 subject=M05 event=action_trace result=proposal:move:east,status:accepted,detail:position:64:30,position:64:30,territory:A,health:100,satiety:97,energy:97
tick=4 subject=M05 event=survival_changed result=health:100->100,satiety:97->96,energy:97->96
tick=4 subject=M06 event=action_trace result=proposal:move:south,status:accepted,detail:position:76:20,position:76:20,territory:A,health:100,satiety:97,energy:97
tick=4 subject=M06 event=survival_changed result=health:100->100,satiety:97->96,energy:97->96
tick=4 subject=M07 event=action_trace result=proposal:move:north,status:accepted,detail:position:18:113,position:18:113,territory:B,health:100,satiety:97,energy:97
tick=4 subject=M07 event=survival_changed result=health:100->100,satiety:97->96,energy:97->96
tick=4 subject=M08 event=action_trace result=proposal:move:west,status:accepted,detail:position:41:125,position:41:125,territory:B,health:100,satiety:97,energy:97
tick=4 subject=M08 event=survival_changed result=health:100->100,satiety:97->96,energy:97->96
tick=4 subject=M09 event=action_trace result=proposal:move:west,status:accepted,detail:position:99:122,position:99:122,territory:B,health:100,satiety:97,energy:97
tick=4 subject=M09 event=survival_changed result=health:100->100,satiety:97->96,energy:97->96
tick=4 subject=M10 event=action_trace result=proposal:move:west,status:accepted,detail:position:41:68,position:41:68,territory:B,health:100,satiety:97,energy:97
tick=4 subject=M10 event=survival_changed result=health:100->100,satiety:97->96,energy:97->96
tick=4 subject=M11 event=action_trace result=proposal:move:east,status:accepted,detail:position:8:86,position:8:86,territory:B,health:100,satiety:97,energy:97
tick=4 subject=M11 event=survival_changed result=health:100->100,satiety:97->96,energy:97->96
tick=4 subject=M12 event=action_trace result=proposal:move:west,status:accepted,detail:position:101:116,position:101:116,territory:B,health:100,satiety:97,energy:97
tick=4 subject=M12 event=survival_changed result=health:100->100,satiety:97->96,energy:97->96
tick=5 subject=M01 event=action_trace result=proposal:move:south,status:accepted,detail:position:88:34,position:88:34,territory:A,health:100,satiety:96,energy:96
tick=5 subject=M01 event=survival_changed result=health:100->100,satiety:96->95,energy:96->95
tick=5 subject=M02 event=action_trace result=proposal:move:west,status:accepted,detail:position:69:54,position:69:54,territory:A,health:100,satiety:96,energy:96
tick=5 subject=M02 event=survival_changed result=health:100->100,satiety:96->95,energy:96->95
tick=5 subject=M03 event=action_trace result=proposal:move:east,status:accepted,detail:position:43:50,position:43:50,territory:A,health:100,satiety:96,energy:96
tick=5 subject=M03 event=survival_changed result=health:100->100,satiety:96->95,energy:96->95
tick=5 subject=M04 event=action_trace result=proposal:move:west,status:accepted,detail:position:75:42,position:75:42,territory:A,health:100,satiety:96,energy:96
tick=5 subject=M04 event=survival_changed result=health:100->100,satiety:96->95,energy:96->95
tick=5 subject=M05 event=action_trace result=proposal:move:east,status:accepted,detail:position:65:30,position:65:30,territory:A,health:100,satiety:96,energy:96
tick=5 subject=M05 event=survival_changed result=health:100->100,satiety:96->95,energy:96->95
tick=5 subject=M06 event=action_trace result=proposal:move:west,status:accepted,detail:position:75:20,position:75:20,territory:A,health:100,satiety:96,energy:96
tick=5 subject=M06 event=survival_changed result=health:100->100,satiety:96->95,energy:96->95
tick=5 subject=M07 event=action_trace result=proposal:move:east,status:accepted,detail:position:19:113,position:19:113,territory:B,health:100,satiety:96,energy:96
tick=5 subject=M07 event=survival_changed result=health:100->100,satiety:96->95,energy:96->95
tick=5 subject=M08 event=action_trace result=proposal:move:south,status:accepted,detail:position:41:126,position:41:126,territory:B,health:100,satiety:96,energy:96
tick=5 subject=M08 event=survival_changed result=health:100->100,satiety:96->95,energy:96->95
tick=5 subject=M09 event=action_trace result=proposal:move:west,status:accepted,detail:position:98:122,position:98:122,territory:B,health:100,satiety:96,energy:96
tick=5 subject=M09 event=survival_changed result=health:100->100,satiety:96->95,energy:96->95
tick=5 subject=M10 event=action_trace result=proposal:move:south,status:accepted,detail:position:41:69,position:41:69,territory:B,health:100,satiety:96,energy:96
tick=5 subject=M10 event=survival_changed result=health:100->100,satiety:96->95,energy:96->95
tick=5 subject=M11 event=action_trace result=proposal:move:north,status:accepted,detail:position:8:85,position:8:85,territory:B,health:100,satiety:96,energy:96
tick=5 subject=M11 event=survival_changed result=health:100->100,satiety:96->95,energy:96->95
tick=5 subject=M12 event=action_trace result=proposal:move:west,status:accepted,detail:position:100:116,position:100:116,territory:B,health:100,satiety:96,energy:96
tick=5 subject=M12 event=survival_changed result=health:100->100,satiety:96->95,energy:96->95
tick=6 subject=M01 event=action_trace result=proposal:move:west,status:accepted,detail:position:87:34,position:87:34,territory:A,health:100,satiety:95,energy:95
tick=6 subject=M01 event=survival_changed result=health:100->100,satiety:95->94,energy:95->94
tick=6 subject=M02 event=action_trace result=proposal:move:east,status:accepted,detail:position:70:54,position:70:54,territory:A,health:100,satiety:95,energy:95
tick=6 subject=M02 event=survival_changed result=health:100->100,satiety:95->94,energy:95->94
tick=6 subject=M03 event=action_trace result=proposal:move:east,status:accepted,detail:position:44:50,position:44:50,territory:A,health:100,satiety:95,energy:95
tick=6 subject=M03 event=survival_changed result=health:100->100,satiety:95->94,energy:95->94
tick=6 subject=M04 event=action_trace result=proposal:move:west,status:accepted,detail:position:74:42,position:74:42,territory:A,health:100,satiety:95,energy:95
tick=6 subject=M04 event=survival_changed result=health:100->100,satiety:95->94,energy:95->94
tick=6 subject=M05 event=action_trace result=proposal:move:east,status:accepted,detail:position:66:30,position:66:30,territory:A,health:100,satiety:95,energy:95
tick=6 subject=M05 event=survival_changed result=health:100->100,satiety:95->94,energy:95->94
tick=6 subject=M06 event=action_trace result=proposal:move:west,status:accepted,detail:position:74:20,position:74:20,territory:A,health:100,satiety:95,energy:95
tick=6 subject=M06 event=survival_changed result=health:100->100,satiety:95->94,energy:95->94
tick=6 subject=M07 event=action_trace result=proposal:move:east,status:accepted,detail:position:20:113,position:20:113,territory:B,health:100,satiety:95,energy:95
tick=6 subject=M07 event=survival_changed result=health:100->100,satiety:95->94,energy:95->94
tick=6 subject=M08 event=action_trace result=proposal:move:east,status:accepted,detail:position:42:126,position:42:126,territory:B,health:100,satiety:95,energy:95
tick=6 subject=M08 event=survival_changed result=health:100->100,satiety:95->94,energy:95->94
tick=6 subject=M09 event=action_trace result=proposal:move:south,status:accepted,detail:position:98:123,position:98:123,territory:B,health:100,satiety:95,energy:95
tick=6 subject=M09 event=survival_changed result=health:100->100,satiety:95->94,energy:95->94
tick=6 subject=M10 event=action_trace result=proposal:move:south,status:accepted,detail:position:41:70,position:41:70,territory:B,health:100,satiety:95,energy:95
tick=6 subject=M10 event=survival_changed result=health:100->100,satiety:95->94,energy:95->94
tick=6 subject=M11 event=action_trace result=proposal:move:west,status:accepted,detail:position:7:85,position:7:85,territory:B,health:100,satiety:95,energy:95
tick=6 subject=M11 event=survival_changed result=health:100->100,satiety:95->94,energy:95->94
tick=6 subject=M12 event=action_trace result=proposal:move:east,status:accepted,detail:position:101:116,position:101:116,territory:B,health:100,satiety:95,energy:95
tick=6 subject=M12 event=survival_changed result=health:100->100,satiety:95->94,energy:95->94
tick=7 subject=M01 event=action_trace result=proposal:move:west,status:accepted,detail:position:86:34,position:86:34,territory:A,health:100,satiety:94,energy:94
tick=7 subject=M01 event=survival_changed result=health:100->100,satiety:94->93,energy:94->93
tick=7 subject=M02 event=action_trace result=proposal:move:west,status:accepted,detail:position:69:54,position:69:54,territory:A,health:100,satiety:94,energy:94
tick=7 subject=M02 event=survival_changed result=health:100->100,satiety:94->93,energy:94->93
tick=7 subject=M03 event=action_trace result=proposal:move:east,status:accepted,detail:position:45:50,position:45:50,territory:A,health:100,satiety:94,energy:94
tick=7 subject=M03 event=survival_changed result=health:100->100,satiety:94->93,energy:94->93
tick=7 subject=M04 event=action_trace result=proposal:move:south,status:accepted,detail:position:74:43,position:74:43,territory:A,health:100,satiety:94,energy:94
tick=7 subject=M04 event=survival_changed result=health:100->100,satiety:94->93,energy:94->93
tick=7 subject=M05 event=action_trace result=proposal:move:west,status:accepted,detail:position:65:30,position:65:30,territory:A,health:100,satiety:94,energy:94
tick=7 subject=M05 event=survival_changed result=health:100->100,satiety:94->93,energy:94->93
tick=7 subject=M06 event=action_trace result=proposal:move:north,status:accepted,detail:position:74:19,position:74:19,territory:A,health:100,satiety:94,energy:94
tick=7 subject=M06 event=survival_changed result=health:100->100,satiety:94->93,energy:94->93
tick=7 subject=M07 event=action_trace result=proposal:move:north,status:accepted,detail:position:20:112,position:20:112,territory:B,health:100,satiety:94,energy:94
tick=7 subject=M07 event=survival_changed result=health:100->100,satiety:94->93,energy:94->93
tick=7 subject=M08 event=action_trace result=proposal:move:west,status:accepted,detail:position:41:126,position:41:126,territory:B,health:100,satiety:94,energy:94
tick=7 subject=M08 event=survival_changed result=health:100->100,satiety:94->93,energy:94->93
tick=7 subject=M09 event=action_trace result=proposal:move:west,status:accepted,detail:position:97:123,position:97:123,territory:B,health:100,satiety:94,energy:94
tick=7 subject=M09 event=survival_changed result=health:100->100,satiety:94->93,energy:94->93
tick=7 subject=M10 event=action_trace result=proposal:move:south,status:accepted,detail:position:41:71,position:41:71,territory:B,health:100,satiety:94,energy:94
tick=7 subject=M10 event=survival_changed result=health:100->100,satiety:94->93,energy:94->93
tick=7 subject=M11 event=action_trace result=proposal:move:south,status:accepted,detail:position:7:86,position:7:86,territory:B,health:100,satiety:94,energy:94
tick=7 subject=M11 event=survival_changed result=health:100->100,satiety:94->93,energy:94->93
tick=7 subject=M12 event=action_trace result=proposal:move:north,status:accepted,detail:position:101:115,position:101:115,territory:B,health:100,satiety:94,energy:94
tick=7 subject=M12 event=survival_changed result=health:100->100,satiety:94->93,energy:94->93
tick=8 subject=M01 event=action_trace result=proposal:move:east,status:accepted,detail:position:87:34,position:87:34,territory:A,health:100,satiety:93,energy:93
tick=8 subject=M01 event=survival_changed result=health:100->100,satiety:93->92,energy:93->92
tick=8 subject=M02 event=action_trace result=proposal:move:east,status:accepted,detail:position:70:54,position:70:54,territory:A,health:100,satiety:93,energy:93
tick=8 subject=M02 event=survival_changed result=health:100->100,satiety:93->92,energy:93->92
tick=8 subject=M03 event=action_trace result=proposal:move:north,status:accepted,detail:position:45:49,position:45:49,territory:A,health:100,satiety:93,energy:93
tick=8 subject=M03 event=survival_changed result=health:100->100,satiety:93->92,energy:93->92
tick=8 subject=M04 event=action_trace result=proposal:move:south,status:accepted,detail:position:74:44,position:74:44,territory:A,health:100,satiety:93,energy:93
tick=8 subject=M04 event=survival_changed result=health:100->100,satiety:93->92,energy:93->92
tick=8 subject=M05 event=action_trace result=proposal:move:east,status:accepted,detail:position:66:30,position:66:30,territory:A,health:100,satiety:93,energy:93
tick=8 subject=M05 event=survival_changed result=health:100->100,satiety:93->92,energy:93->92
tick=8 subject=M06 event=action_trace result=proposal:move:east,status:accepted,detail:position:75:19,position:75:19,territory:A,health:100,satiety:93,energy:93
tick=8 subject=M06 event=survival_changed result=health:100->100,satiety:93->92,energy:93->92
tick=8 subject=M07 event=action_trace result=proposal:move:south,status:accepted,detail:position:20:113,position:20:113,territory:B,health:100,satiety:93,energy:93
tick=8 subject=M07 event=survival_changed result=health:100->100,satiety:93->92,energy:93->92
tick=8 subject=M08 event=action_trace result=proposal:move:west,status:accepted,detail:position:40:126,position:40:126,territory:B,health:100,satiety:93,energy:93
tick=8 subject=M08 event=survival_changed result=health:100->100,satiety:93->92,energy:93->92
tick=8 subject=M09 event=action_trace result=proposal:move:north,status:accepted,detail:position:97:122,position:97:122,territory:B,health:100,satiety:93,energy:93
tick=8 subject=M09 event=survival_changed result=health:100->100,satiety:93->92,energy:93->92
tick=8 subject=M10 event=action_trace result=proposal:move:east,status:accepted,detail:position:42:71,position:42:71,territory:B,health:100,satiety:93,energy:93
tick=8 subject=M10 event=survival_changed result=health:100->100,satiety:93->92,energy:93->92
tick=8 subject=M11 event=action_trace result=proposal:move:west,status:accepted,detail:position:6:86,position:6:86,territory:B,health:100,satiety:93,energy:93
tick=8 subject=M11 event=survival_changed result=health:100->100,satiety:93->92,energy:93->92
tick=8 subject=M12 event=action_trace result=proposal:move:east,status:accepted,detail:position:102:115,position:102:115,territory:B,health:100,satiety:93,energy:93
tick=8 subject=M12 event=survival_changed result=health:100->100,satiety:93->92,energy:93->92
tick=9 subject=M01 event=action_trace result=proposal:move:south,status:accepted,detail:position:87:35,position:87:35,territory:A,health:100,satiety:92,energy:92
tick=9 subject=M01 event=survival_changed result=health:100->100,satiety:92->91,energy:92->91
tick=9 subject=M02 event=action_trace result=proposal:move:east,status:accepted,detail:position:71:54,position:71:54,territory:A,health:100,satiety:92,energy:92
tick=9 subject=M02 event=survival_changed result=health:100->100,satiety:92->91,energy:92->91
tick=9 subject=M03 event=action_trace result=proposal:move:east,status:accepted,detail:position:46:49,position:46:49,territory:A,health:100,satiety:92,energy:92
tick=9 subject=M03 event=survival_changed result=health:100->100,satiety:92->91,energy:92->91
tick=9 subject=M04 event=action_trace result=proposal:move:north,status:accepted,detail:position:74:43,position:74:43,territory:A,health:100,satiety:92,energy:92
tick=9 subject=M04 event=survival_changed result=health:100->100,satiety:92->91,energy:92->91
tick=9 subject=M05 event=action_trace result=proposal:move:east,status:accepted,detail:position:67:30,position:67:30,territory:A,health:100,satiety:92,energy:92
tick=9 subject=M05 event=survival_changed result=health:100->100,satiety:92->91,energy:92->91
tick=9 subject=M06 event=action_trace result=proposal:move:south,status:accepted,detail:position:75:20,position:75:20,territory:A,health:100,satiety:92,energy:92
tick=9 subject=M06 event=survival_changed result=health:100->100,satiety:92->91,energy:92->91
tick=9 subject=M07 event=action_trace result=proposal:move:east,status:accepted,detail:position:21:113,position:21:113,territory:B,health:100,satiety:92,energy:92
tick=9 subject=M07 event=survival_changed result=health:100->100,satiety:92->91,energy:92->91
tick=9 subject=M08 event=action_trace result=proposal:move:south,status:accepted,detail:position:40:127,position:40:127,territory:B,health:100,satiety:92,energy:92
tick=9 subject=M08 event=survival_changed result=health:100->100,satiety:92->91,energy:92->91
tick=9 subject=M09 event=action_trace result=proposal:move:east,status:accepted,detail:position:98:122,position:98:122,territory:B,health:100,satiety:92,energy:92
tick=9 subject=M09 event=survival_changed result=health:100->100,satiety:92->91,energy:92->91
tick=9 subject=M10 event=action_trace result=proposal:move:west,status:accepted,detail:position:41:71,position:41:71,territory:B,health:100,satiety:92,energy:92
tick=9 subject=M10 event=survival_changed result=health:100->100,satiety:92->91,energy:92->91
tick=9 subject=M11 event=action_trace result=proposal:move:east,status:accepted,detail:position:7:86,position:7:86,territory:B,health:100,satiety:92,energy:92
tick=9 subject=M11 event=survival_changed result=health:100->100,satiety:92->91,energy:92->91
tick=9 subject=M12 event=action_trace result=proposal:move:west,status:accepted,detail:position:101:115,position:101:115,territory:B,health:100,satiety:92,energy:92
tick=9 subject=M12 event=survival_changed result=health:100->100,satiety:92->91,energy:92->91
tick=10 subject=M01 event=action_trace result=proposal:move:south,status:accepted,detail:position:87:36,position:87:36,territory:A,health:100,satiety:91,energy:91
tick=10 subject=M01 event=survival_changed result=health:100->100,satiety:91->90,energy:91->90
tick=10 subject=M02 event=action_trace result=proposal:move:south,status:accepted,detail:position:71:55,position:71:55,territory:A,health:100,satiety:91,energy:91
tick=10 subject=M02 event=survival_changed result=health:100->100,satiety:91->90,energy:91->90
tick=10 subject=M03 event=action_trace result=proposal:move:north,status:accepted,detail:position:46:48,position:46:48,territory:A,health:100,satiety:91,energy:91
tick=10 subject=M03 event=survival_changed result=health:100->100,satiety:91->90,energy:91->90
tick=10 subject=M04 event=action_trace result=proposal:move:north,status:accepted,detail:position:74:42,position:74:42,territory:A,health:100,satiety:91,energy:91
tick=10 subject=M04 event=survival_changed result=health:100->100,satiety:91->90,energy:91->90
tick=10 subject=M05 event=action_trace result=proposal:move:east,status:accepted,detail:position:68:30,position:68:30,territory:A,health:100,satiety:91,energy:91
tick=10 subject=M05 event=survival_changed result=health:100->100,satiety:91->90,energy:91->90
tick=10 subject=M06 event=action_trace result=proposal:move:east,status:accepted,detail:position:76:20,position:76:20,territory:A,health:100,satiety:91,energy:91
tick=10 subject=M06 event=survival_changed result=health:100->100,satiety:91->90,energy:91->90
tick=10 subject=M07 event=action_trace result=proposal:move:north,status:accepted,detail:position:21:112,position:21:112,territory:B,health:100,satiety:91,energy:91
tick=10 subject=M07 event=survival_changed result=health:100->100,satiety:91->90,energy:91->90
tick=10 subject=M08 event=action_trace result=proposal:move:west,status:accepted,detail:position:39:127,position:39:127,territory:B,health:100,satiety:91,energy:91
tick=10 subject=M08 event=survival_changed result=health:100->100,satiety:91->90,energy:91->90
tick=10 subject=M09 event=action_trace result=proposal:move:east,status:accepted,detail:position:99:122,position:99:122,territory:B,health:100,satiety:91,energy:91
tick=10 subject=M09 event=survival_changed result=health:100->100,satiety:91->90,energy:91->90
tick=10 subject=M10 event=action_trace result=proposal:move:south,status:accepted,detail:position:41:72,position:41:72,territory:B,health:100,satiety:91,energy:91
tick=10 subject=M10 event=survival_changed result=health:100->100,satiety:91->90,energy:91->90
tick=10 subject=M11 event=action_trace result=proposal:move:west,status:accepted,detail:position:6:86,position:6:86,territory:B,health:100,satiety:91,energy:91
tick=10 subject=M11 event=survival_changed result=health:100->100,satiety:91->90,energy:91->90
tick=10 subject=M12 event=action_trace result=proposal:move:east,status:accepted,detail:position:102:115,position:102:115,territory:B,health:100,satiety:91,energy:91
tick=10 subject=M12 event=survival_changed result=health:100->100,satiety:91->90,energy:91->90
tick=10 subject=A event=food_regeneration_skipped result=reason:capacity,count:61
tick=10 subject=B event=food_regeneration_skipped result=reason:capacity,count:61
tick=11 subject=M01 event=action_trace result=proposal:move:west,status:accepted,detail:position:86:36,position:86:36,territory:A,health:100,satiety:90,energy:90
tick=11 subject=M01 event=survival_changed result=health:100->100,satiety:90->89,energy:90->89
tick=11 subject=M02 event=action_trace result=proposal:move:north,status:accepted,detail:position:71:54,position:71:54,territory:A,health:100,satiety:90,energy:90
tick=11 subject=M02 event=survival_changed result=health:100->100,satiety:90->89,energy:90->89
tick=11 subject=M03 event=action_trace result=proposal:move:west,status:accepted,detail:position:45:48,position:45:48,territory:A,health:100,satiety:90,energy:90
tick=11 subject=M03 event=survival_changed result=health:100->100,satiety:90->89,energy:90->89
tick=11 subject=M04 event=action_trace result=proposal:move:west,status:accepted,detail:position:73:42,position:73:42,territory:A,health:100,satiety:90,energy:90
tick=11 subject=M04 event=survival_changed result=health:100->100,satiety:90->89,energy:90->89
tick=11 subject=M05 event=action_trace result=proposal:move:north,status:accepted,detail:position:68:29,position:68:29,territory:A,health:100,satiety:90,energy:90
tick=11 subject=M05 event=survival_changed result=health:100->100,satiety:90->89,energy:90->89
tick=11 subject=M06 event=action_trace result=proposal:move:north,status:accepted,detail:position:76:19,position:76:19,territory:A,health:100,satiety:90,energy:90
tick=11 subject=M06 event=survival_changed result=health:100->100,satiety:90->89,energy:90->89
tick=11 subject=M07 event=action_trace result=proposal:move:south,status:accepted,detail:position:21:113,position:21:113,territory:B,health:100,satiety:90,energy:90
tick=11 subject=M07 event=survival_changed result=health:100->100,satiety:90->89,energy:90->89
tick=11 subject=M08 event=action_trace result=proposal:move:west,status:accepted,detail:position:38:127,position:38:127,territory:B,health:100,satiety:90,energy:90
tick=11 subject=M08 event=survival_changed result=health:100->100,satiety:90->89,energy:90->89
tick=11 subject=M09 event=action_trace result=proposal:move:north,status:accepted,detail:position:99:121,position:99:121,territory:B,health:100,satiety:90,energy:90
tick=11 subject=M09 event=survival_changed result=health:100->100,satiety:90->89,energy:90->89
tick=11 subject=M10 event=action_trace result=proposal:move:east,status:accepted,detail:position:42:72,position:42:72,territory:B,health:100,satiety:90,energy:90
tick=11 subject=M10 event=survival_changed result=health:100->100,satiety:90->89,energy:90->89
tick=11 subject=M11 event=action_trace result=proposal:move:east,status:accepted,detail:position:7:86,position:7:86,territory:B,health:100,satiety:90,energy:90
tick=11 subject=M11 event=survival_changed result=health:100->100,satiety:90->89,energy:90->89
tick=11 subject=M12 event=action_trace result=proposal:move:north,status:accepted,detail:position:102:114,position:102:114,territory:B,health:100,satiety:90,energy:90
tick=11 subject=M12 event=survival_changed result=health:100->100,satiety:90->89,energy:90->89
tick=12 subject=M01 event=action_trace result=proposal:move:north,status:accepted,detail:position:86:35,position:86:35,territory:A,health:100,satiety:89,energy:89
tick=12 subject=M01 event=survival_changed result=health:100->100,satiety:89->88,energy:89->88
tick=12 subject=M02 event=action_trace result=proposal:move:east,status:accepted,detail:position:72:54,position:72:54,territory:A,health:100,satiety:89,energy:89
tick=12 subject=M02 event=survival_changed result=health:100->100,satiety:89->88,energy:89->88
tick=12 subject=M03 event=action_trace result=proposal:move:south,status:accepted,detail:position:45:49,position:45:49,territory:A,health:100,satiety:89,energy:89
tick=12 subject=M03 event=survival_changed result=health:100->100,satiety:89->88,energy:89->88
tick=12 subject=M04 event=action_trace result=proposal:move:west,status:accepted,detail:position:72:42,position:72:42,territory:A,health:100,satiety:89,energy:89
tick=12 subject=M04 event=survival_changed result=health:100->100,satiety:89->88,energy:89->88
tick=12 subject=M05 event=action_trace result=proposal:move:north,status:accepted,detail:position:68:28,position:68:28,territory:A,health:100,satiety:89,energy:89
tick=12 subject=M05 event=survival_changed result=health:100->100,satiety:89->88,energy:89->88
tick=12 subject=M06 event=action_trace result=proposal:move:west,status:accepted,detail:position:75:19,position:75:19,territory:A,health:100,satiety:89,energy:89
tick=12 subject=M06 event=survival_changed result=health:100->100,satiety:89->88,energy:89->88
tick=12 subject=M07 event=action_trace result=proposal:move:south,status:accepted,detail:position:21:114,position:21:114,territory:B,health:100,satiety:89,energy:89
tick=12 subject=M07 event=survival_changed result=health:100->100,satiety:89->88,energy:89->88
tick=12 subject=M08 event=action_trace result=proposal:move:east,status:accepted,detail:position:39:127,position:39:127,territory:B,health:100,satiety:89,energy:89
tick=12 subject=M08 event=survival_changed result=health:100->100,satiety:89->88,energy:89->88
tick=12 subject=M09 event=action_trace result=proposal:move:north,status:accepted,detail:position:99:120,position:99:120,territory:B,health:100,satiety:89,energy:89
tick=12 subject=M09 event=survival_changed result=health:100->100,satiety:89->88,energy:89->88
tick=12 subject=M10 event=action_trace result=proposal:move:east,status:accepted,detail:position:43:72,position:43:72,territory:B,health:100,satiety:89,energy:89
tick=12 subject=M10 event=survival_changed result=health:100->100,satiety:89->88,energy:89->88
tick=12 subject=M11 event=action_trace result=proposal:move:north,status:accepted,detail:position:7:85,position:7:85,territory:B,health:100,satiety:89,energy:89
tick=12 subject=M11 event=survival_changed result=health:100->100,satiety:89->88,energy:89->88
tick=12 subject=M12 event=action_trace result=proposal:move:west,status:accepted,detail:position:101:114,position:101:114,territory:B,health:100,satiety:89,energy:89
tick=12 subject=M12 event=survival_changed result=health:100->100,satiety:89->88,energy:89->88
tick=13 subject=M01 event=action_trace result=proposal:move:north,status:accepted,detail:position:86:34,position:86:34,territory:A,health:100,satiety:88,energy:88
tick=13 subject=M01 event=survival_changed result=health:100->100,satiety:88->87,energy:88->87
tick=13 subject=M02 event=action_trace result=proposal:move:north,status:accepted,detail:position:72:53,position:72:53,territory:A,health:100,satiety:88,energy:88
tick=13 subject=M02 event=survival_changed result=health:100->100,satiety:88->87,energy:88->87
tick=13 subject=M03 event=action_trace result=proposal:move:east,status:accepted,detail:position:46:49,position:46:49,territory:A,health:100,satiety:88,energy:88
tick=13 subject=M03 event=survival_changed result=health:100->100,satiety:88->87,energy:88->87
tick=13 subject=M04 event=action_trace result=proposal:move:west,status:accepted,detail:position:71:42,position:71:42,territory:A,health:100,satiety:88,energy:88
tick=13 subject=M04 event=survival_changed result=health:100->100,satiety:88->87,energy:88->87
tick=13 subject=M05 event=action_trace result=proposal:move:west,status:accepted,detail:position:67:28,position:67:28,territory:A,health:100,satiety:88,energy:88
tick=13 subject=M05 event=survival_changed result=health:100->100,satiety:88->87,energy:88->87
tick=13 subject=M06 event=action_trace result=proposal:move:west,status:accepted,detail:position:74:19,position:74:19,territory:A,health:100,satiety:88,energy:88
tick=13 subject=M06 event=survival_changed result=health:100->100,satiety:88->87,energy:88->87
tick=13 subject=M07 event=action_trace result=proposal:move:south,status:accepted,detail:position:21:115,position:21:115,territory:B,health:100,satiety:88,energy:88
tick=13 subject=M07 event=survival_changed result=health:100->100,satiety:88->87,energy:88->87
tick=13 subject=M08 event=action_trace result=proposal:move:east,status:accepted,detail:position:40:127,position:40:127,territory:B,health:100,satiety:88,energy:88
tick=13 subject=M08 event=survival_changed result=health:100->100,satiety:88->87,energy:88->87
tick=13 subject=M09 event=action_trace result=proposal:move:north,status:accepted,detail:position:99:119,position:99:119,territory:B,health:100,satiety:88,energy:88
tick=13 subject=M09 event=survival_changed result=health:100->100,satiety:88->87,energy:88->87
tick=13 subject=M10 event=action_trace result=proposal:move:east,status:accepted,detail:position:44:72,position:44:72,territory:B,health:100,satiety:88,energy:88
tick=13 subject=M10 event=survival_changed result=health:100->100,satiety:88->87,energy:88->87
tick=13 subject=M11 event=action_trace result=proposal:move:north,status:accepted,detail:position:7:84,position:7:84,territory:B,health:100,satiety:88,energy:88
tick=13 subject=M11 event=survival_changed result=health:100->100,satiety:88->87,energy:88->87
tick=13 subject=M12 event=action_trace result=proposal:move:south,status:accepted,detail:position:101:115,position:101:115,territory:B,health:100,satiety:88,energy:88
tick=13 subject=M12 event=survival_changed result=health:100->100,satiety:88->87,energy:88->87
tick=14 subject=M01 event=action_trace result=proposal:move:west,status:accepted,detail:position:85:34,position:85:34,territory:A,health:100,satiety:87,energy:87
tick=14 subject=M01 event=survival_changed result=health:100->100,satiety:87->86,energy:87->86
tick=14 subject=M02 event=action_trace result=proposal:move:south,status:accepted,detail:position:72:54,position:72:54,territory:A,health:100,satiety:87,energy:87
tick=14 subject=M02 event=survival_changed result=health:100->100,satiety:87->86,energy:87->86
tick=14 subject=M03 event=action_trace result=proposal:move:west,status:accepted,detail:position:45:49,position:45:49,territory:A,health:100,satiety:87,energy:87
tick=14 subject=M03 event=survival_changed result=health:100->100,satiety:87->86,energy:87->86
tick=14 subject=M04 event=action_trace result=proposal:move:west,status:accepted,detail:position:70:42,position:70:42,territory:A,health:100,satiety:87,energy:87
tick=14 subject=M04 event=survival_changed result=health:100->100,satiety:87->86,energy:87->86
tick=14 subject=M05 event=action_trace result=proposal:move:south,status:accepted,detail:position:67:29,position:67:29,territory:A,health:100,satiety:87,energy:87
tick=14 subject=M05 event=survival_changed result=health:100->100,satiety:87->86,energy:87->86
tick=14 subject=M06 event=action_trace result=proposal:move:north,status:accepted,detail:position:74:18,position:74:18,territory:A,health:100,satiety:87,energy:87
tick=14 subject=M06 event=survival_changed result=health:100->100,satiety:87->86,energy:87->86
tick=14 subject=M07 event=action_trace result=proposal:move:west,status:accepted,detail:position:20:115,position:20:115,territory:B,health:100,satiety:87,energy:87
tick=14 subject=M07 event=survival_changed result=health:100->100,satiety:87->86,energy:87->86
tick=14 subject=M08 event=action_trace result=proposal:move:west,status:accepted,detail:position:39:127,position:39:127,territory:B,health:100,satiety:87,energy:87
tick=14 subject=M08 event=survival_changed result=health:100->100,satiety:87->86,energy:87->86
tick=14 subject=M09 event=action_trace result=proposal:move:south,status:accepted,detail:position:99:120,position:99:120,territory:B,health:100,satiety:87,energy:87
tick=14 subject=M09 event=survival_changed result=health:100->100,satiety:87->86,energy:87->86
tick=14 subject=M10 event=action_trace result=proposal:move:east,status:accepted,detail:position:45:72,position:45:72,territory:B,health:100,satiety:87,energy:87
tick=14 subject=M10 event=survival_changed result=health:100->100,satiety:87->86,energy:87->86
tick=14 subject=M11 event=action_trace result=proposal:move:south,status:accepted,detail:position:7:85,position:7:85,territory:B,health:100,satiety:87,energy:87
tick=14 subject=M11 event=survival_changed result=health:100->100,satiety:87->86,energy:87->86
tick=14 subject=M12 event=action_trace result=proposal:move:east,status:accepted,detail:position:102:115,position:102:115,territory:B,health:100,satiety:87,energy:87
tick=14 subject=M12 event=survival_changed result=health:100->100,satiety:87->86,energy:87->86
tick=15 subject=M01 event=action_trace result=proposal:move:north,status:accepted,detail:position:85:33,position:85:33,territory:A,health:100,satiety:86,energy:86
tick=15 subject=M01 event=survival_changed result=health:100->100,satiety:86->85,energy:86->85
tick=15 subject=M02 event=action_trace result=proposal:move:south,status:accepted,detail:position:72:55,position:72:55,territory:A,health:100,satiety:86,energy:86
tick=15 subject=M02 event=survival_changed result=health:100->100,satiety:86->85,energy:86->85
tick=15 subject=M03 event=action_trace result=proposal:move:south,status:accepted,detail:position:45:50,position:45:50,territory:A,health:100,satiety:86,energy:86
tick=15 subject=M03 event=survival_changed result=health:100->100,satiety:86->85,energy:86->85
tick=15 subject=M04 event=action_trace result=proposal:move:east,status:accepted,detail:position:71:42,position:71:42,territory:A,health:100,satiety:86,energy:86
tick=15 subject=M04 event=survival_changed result=health:100->100,satiety:86->85,energy:86->85
tick=15 subject=M05 event=action_trace result=proposal:move:south,status:accepted,detail:position:67:30,position:67:30,territory:A,health:100,satiety:86,energy:86
tick=15 subject=M05 event=survival_changed result=health:100->100,satiety:86->85,energy:86->85
tick=15 subject=M06 event=action_trace result=proposal:move:east,status:accepted,detail:position:75:18,position:75:18,territory:A,health:100,satiety:86,energy:86
tick=15 subject=M06 event=survival_changed result=health:100->100,satiety:86->85,energy:86->85
tick=15 subject=M07 event=action_trace result=proposal:move:east,status:accepted,detail:position:21:115,position:21:115,territory:B,health:100,satiety:86,energy:86
tick=15 subject=M07 event=survival_changed result=health:100->100,satiety:86->85,energy:86->85
tick=15 subject=M08 event=action_trace result=proposal:move:east,status:accepted,detail:position:40:127,position:40:127,territory:B,health:100,satiety:86,energy:86
tick=15 subject=M08 event=survival_changed result=health:100->100,satiety:86->85,energy:86->85
tick=15 subject=M09 event=action_trace result=proposal:move:south,status:accepted,detail:position:99:121,position:99:121,territory:B,health:100,satiety:86,energy:86
tick=15 subject=M09 event=survival_changed result=health:100->100,satiety:86->85,energy:86->85
tick=15 subject=M10 event=action_trace result=proposal:move:west,status:accepted,detail:position:44:72,position:44:72,territory:B,health:100,satiety:86,energy:86
tick=15 subject=M10 event=survival_changed result=health:100->100,satiety:86->85,energy:86->85
tick=15 subject=M11 event=action_trace result=proposal:move:west,status:accepted,detail:position:6:85,position:6:85,territory:B,health:100,satiety:86,energy:86
tick=15 subject=M11 event=survival_changed result=health:100->100,satiety:86->85,energy:86->85
tick=15 subject=M12 event=action_trace result=proposal:move:south,status:accepted,detail:position:102:116,position:102:116,territory:B,health:100,satiety:86,energy:86
tick=15 subject=M12 event=survival_changed result=health:100->100,satiety:86->85,energy:86->85
tick=16 subject=M01 event=action_trace result=proposal:move:east,status:accepted,detail:position:86:33,position:86:33,territory:A,health:100,satiety:85,energy:85
tick=16 subject=M01 event=survival_changed result=health:100->100,satiety:85->84,energy:85->84
tick=16 subject=M02 event=action_trace result=proposal:move:west,status:accepted,detail:position:71:55,position:71:55,territory:A,health:100,satiety:85,energy:85
tick=16 subject=M02 event=survival_changed result=health:100->100,satiety:85->84,energy:85->84
tick=16 subject=M03 event=action_trace result=proposal:move:east,status:accepted,detail:position:46:50,position:46:50,territory:A,health:100,satiety:85,energy:85
tick=16 subject=M03 event=survival_changed result=health:100->100,satiety:85->84,energy:85->84
tick=16 subject=M04 event=action_trace result=proposal:move:west,status:accepted,detail:position:70:42,position:70:42,territory:A,health:100,satiety:85,energy:85
tick=16 subject=M04 event=survival_changed result=health:100->100,satiety:85->84,energy:85->84
tick=16 subject=M05 event=action_trace result=proposal:move:west,status:accepted,detail:position:66:30,position:66:30,territory:A,health:100,satiety:85,energy:85
tick=16 subject=M05 event=survival_changed result=health:100->100,satiety:85->84,energy:85->84
tick=16 subject=M06 event=action_trace result=proposal:move:east,status:accepted,detail:position:76:18,position:76:18,territory:A,health:100,satiety:85,energy:85
tick=16 subject=M06 event=survival_changed result=health:100->100,satiety:85->84,energy:85->84
tick=16 subject=M07 event=action_trace result=proposal:move:north,status:accepted,detail:position:21:114,position:21:114,territory:B,health:100,satiety:85,energy:85
tick=16 subject=M07 event=survival_changed result=health:100->100,satiety:85->84,energy:85->84
tick=16 subject=M08 event=action_trace result=proposal:move:north,status:accepted,detail:position:40:126,position:40:126,territory:B,health:100,satiety:85,energy:85
tick=16 subject=M08 event=survival_changed result=health:100->100,satiety:85->84,energy:85->84
tick=16 subject=M09 event=action_trace result=proposal:move:east,status:accepted,detail:position:100:121,position:100:121,territory:B,health:100,satiety:85,energy:85
tick=16 subject=M09 event=survival_changed result=health:100->100,satiety:85->84,energy:85->84
tick=16 subject=M10 event=action_trace result=proposal:move:east,status:accepted,detail:position:45:72,position:45:72,territory:B,health:100,satiety:85,energy:85
tick=16 subject=M10 event=survival_changed result=health:100->100,satiety:85->84,energy:85->84
tick=16 subject=M11 event=action_trace result=proposal:move:east,status:accepted,detail:position:7:85,position:7:85,territory:B,health:100,satiety:85,energy:85
tick=16 subject=M11 event=survival_changed result=health:100->100,satiety:85->84,energy:85->84
tick=16 subject=M12 event=action_trace result=proposal:move:west,status:accepted,detail:position:101:116,position:101:116,territory:B,health:100,satiety:85,energy:85
tick=16 subject=M12 event=survival_changed result=health:100->100,satiety:85->84,energy:85->84
tick=17 subject=M01 event=action_trace result=proposal:move:east,status:accepted,detail:position:87:33,position:87:33,territory:A,health:100,satiety:84,energy:84
tick=17 subject=M01 event=survival_changed result=health:100->100,satiety:84->83,energy:84->83
tick=17 subject=M02 event=action_trace result=proposal:move:west,status:accepted,detail:position:70:55,position:70:55,territory:A,health:100,satiety:84,energy:84
tick=17 subject=M02 event=survival_changed result=health:100->100,satiety:84->83,energy:84->83
tick=17 subject=M03 event=action_trace result=proposal:move:east,status:accepted,detail:position:47:50,position:47:50,territory:A,health:100,satiety:84,energy:84
tick=17 subject=M03 event=survival_changed result=health:100->100,satiety:84->83,energy:84->83
tick=17 subject=M04 event=action_trace result=proposal:move:west,status:accepted,detail:position:69:42,position:69:42,territory:A,health:100,satiety:84,energy:84
tick=17 subject=M04 event=survival_changed result=health:100->100,satiety:84->83,energy:84->83
tick=17 subject=M05 event=action_trace result=proposal:move:west,status:accepted,detail:position:65:30,position:65:30,territory:A,health:100,satiety:84,energy:84
tick=17 subject=M05 event=survival_changed result=health:100->100,satiety:84->83,energy:84->83
tick=17 subject=M06 event=action_trace result=proposal:move:east,status:accepted,detail:position:77:18,position:77:18,territory:A,health:100,satiety:84,energy:84
tick=17 subject=M06 event=survival_changed result=health:100->100,satiety:84->83,energy:84->83
tick=17 subject=M07 event=action_trace result=proposal:move:west,status:accepted,detail:position:20:114,position:20:114,territory:B,health:100,satiety:84,energy:84
tick=17 subject=M07 event=survival_changed result=health:100->100,satiety:84->83,energy:84->83
tick=17 subject=M08 event=action_trace result=proposal:move:east,status:accepted,detail:position:41:126,position:41:126,territory:B,health:100,satiety:84,energy:84
tick=17 subject=M08 event=survival_changed result=health:100->100,satiety:84->83,energy:84->83
tick=17 subject=M09 event=action_trace result=proposal:move:north,status:accepted,detail:position:100:120,position:100:120,territory:B,health:100,satiety:84,energy:84
tick=17 subject=M09 event=survival_changed result=health:100->100,satiety:84->83,energy:84->83
tick=17 subject=M10 event=action_trace result=proposal:move:east,status:accepted,detail:position:46:72,position:46:72,territory:B,health:100,satiety:84,energy:84
tick=17 subject=M10 event=survival_changed result=health:100->100,satiety:84->83,energy:84->83
tick=17 subject=M11 event=action_trace result=proposal:move:east,status:accepted,detail:position:8:85,position:8:85,territory:B,health:100,satiety:84,energy:84
tick=17 subject=M11 event=survival_changed result=health:100->100,satiety:84->83,energy:84->83
tick=17 subject=M12 event=action_trace result=proposal:move:west,status:accepted,detail:position:100:116,position:100:116,territory:B,health:100,satiety:84,energy:84
tick=17 subject=M12 event=survival_changed result=health:100->100,satiety:84->83,energy:84->83
tick=18 subject=M01 event=action_trace result=proposal:move:east,status:accepted,detail:position:88:33,position:88:33,territory:A,health:100,satiety:83,energy:83
tick=18 subject=M01 event=survival_changed result=health:100->100,satiety:83->82,energy:83->82
tick=18 subject=M02 event=action_trace result=proposal:move:west,status:accepted,detail:position:69:55,position:69:55,territory:A,health:100,satiety:83,energy:83
tick=18 subject=M02 event=survival_changed result=health:100->100,satiety:83->82,energy:83->82
tick=18 subject=M03 event=action_trace result=proposal:move:south,status:accepted,detail:position:47:51,position:47:51,territory:A,health:100,satiety:83,energy:83
tick=18 subject=M03 event=survival_changed result=health:100->100,satiety:83->82,energy:83->82
tick=18 subject=M04 event=action_trace result=proposal:move:west,status:accepted,detail:position:68:42,position:68:42,territory:A,health:100,satiety:83,energy:83
tick=18 subject=M04 event=survival_changed result=health:100->100,satiety:83->82,energy:83->82
tick=18 subject=M05 event=action_trace result=proposal:move:west,status:accepted,detail:position:64:30,position:64:30,territory:A,health:100,satiety:83,energy:83
tick=18 subject=M05 event=survival_changed result=health:100->100,satiety:83->82,energy:83->82
tick=18 subject=M06 event=action_trace result=proposal:move:east,status:accepted,detail:position:78:18,position:78:18,territory:A,health:100,satiety:83,energy:83
tick=18 subject=M06 event=survival_changed result=health:100->100,satiety:83->82,energy:83->82
tick=18 subject=M07 event=action_trace result=proposal:move:south,status:accepted,detail:position:20:115,position:20:115,territory:B,health:100,satiety:83,energy:83
tick=18 subject=M07 event=survival_changed result=health:100->100,satiety:83->82,energy:83->82
tick=18 subject=M08 event=action_trace result=proposal:move:south,status:accepted,detail:position:41:127,position:41:127,territory:B,health:100,satiety:83,energy:83
tick=18 subject=M08 event=survival_changed result=health:100->100,satiety:83->82,energy:83->82
tick=18 subject=M09 event=action_trace result=proposal:move:north,status:accepted,detail:position:100:119,position:100:119,territory:B,health:100,satiety:83,energy:83
tick=18 subject=M09 event=survival_changed result=health:100->100,satiety:83->82,energy:83->82
tick=18 subject=M10 event=action_trace result=proposal:move:east,status:accepted,detail:position:47:72,position:47:72,territory:B,health:100,satiety:83,energy:83
tick=18 subject=M10 event=survival_changed result=health:100->100,satiety:83->82,energy:83->82
tick=18 subject=M11 event=action_trace result=proposal:move:east,status:accepted,detail:position:9:85,position:9:85,territory:B,health:100,satiety:83,energy:83
tick=18 subject=M11 event=survival_changed result=health:100->100,satiety:83->82,energy:83->82
tick=18 subject=M12 event=action_trace result=proposal:move:south,status:accepted,detail:position:100:117,position:100:117,territory:B,health:100,satiety:83,energy:83
tick=18 subject=M12 event=survival_changed result=health:100->100,satiety:83->82,energy:83->82
tick=19 subject=M01 event=action_trace result=proposal:move:east,status:accepted,detail:position:89:33,position:89:33,territory:A,health:100,satiety:82,energy:82
tick=19 subject=M01 event=survival_changed result=health:100->100,satiety:82->81,energy:82->81
tick=19 subject=M02 event=action_trace result=proposal:move:west,status:accepted,detail:position:68:55,position:68:55,territory:A,health:100,satiety:82,energy:82
tick=19 subject=M02 event=survival_changed result=health:100->100,satiety:82->81,energy:82->81
tick=19 subject=M03 event=action_trace result=proposal:move:south,status:accepted,detail:position:47:52,position:47:52,territory:A,health:100,satiety:82,energy:82
tick=19 subject=M03 event=survival_changed result=health:100->100,satiety:82->81,energy:82->81
tick=19 subject=M04 event=action_trace result=proposal:move:west,status:accepted,detail:position:67:42,position:67:42,territory:A,health:100,satiety:82,energy:82
tick=19 subject=M04 event=survival_changed result=health:100->100,satiety:82->81,energy:82->81
tick=19 subject=M05 event=action_trace result=proposal:move:south,status:accepted,detail:position:64:31,position:64:31,territory:A,health:100,satiety:82,energy:82
tick=19 subject=M05 event=survival_changed result=health:100->100,satiety:82->81,energy:82->81
tick=19 subject=M06 event=action_trace result=proposal:move:east,status:accepted,detail:position:79:18,position:79:18,territory:A,health:100,satiety:82,energy:82
tick=19 subject=M06 event=survival_changed result=health:100->100,satiety:82->81,energy:82->81
tick=19 subject=M07 event=action_trace result=proposal:move:west,status:accepted,detail:position:19:115,position:19:115,territory:B,health:100,satiety:82,energy:82
tick=19 subject=M07 event=survival_changed result=health:100->100,satiety:82->81,energy:82->81
tick=19 subject=M08 event=action_trace result=proposal:move:north,status:accepted,detail:position:41:126,position:41:126,territory:B,health:100,satiety:82,energy:82
tick=19 subject=M08 event=survival_changed result=health:100->100,satiety:82->81,energy:82->81
tick=19 subject=M09 event=action_trace result=proposal:move:north,status:accepted,detail:position:100:118,position:100:118,territory:B,health:100,satiety:82,energy:82
tick=19 subject=M09 event=survival_changed result=health:100->100,satiety:82->81,energy:82->81
tick=19 subject=M10 event=action_trace result=proposal:move:east,status:accepted,detail:position:48:72,position:48:72,territory:B,health:100,satiety:82,energy:82
tick=19 subject=M10 event=survival_changed result=health:100->100,satiety:82->81,energy:82->81
tick=19 subject=M11 event=action_trace result=proposal:move:east,status:accepted,detail:position:10:85,position:10:85,territory:B,health:100,satiety:82,energy:82
tick=19 subject=M11 event=survival_changed result=health:100->100,satiety:82->81,energy:82->81
tick=19 subject=M12 event=action_trace result=proposal:move:south,status:accepted,detail:position:100:118,position:100:118,territory:B,health:100,satiety:82,energy:82
tick=19 subject=M12 event=survival_changed result=health:100->100,satiety:82->81,energy:82->81
tick=20 subject=M01 event=action_trace result=proposal:move:north,status:accepted,detail:position:89:32,position:89:32,territory:A,health:100,satiety:81,energy:81
tick=20 subject=M01 event=survival_changed result=health:100->100,satiety:81->80,energy:81->80
tick=20 subject=M02 event=action_trace result=proposal:move:west,status:accepted,detail:position:67:55,position:67:55,territory:A,health:100,satiety:81,energy:81
tick=20 subject=M02 event=survival_changed result=health:100->100,satiety:81->80,energy:81->80
tick=20 subject=M03 event=food_consumed result=food:F0001,class:low,satiety:81->96,energy:81->86
tick=20 subject=M03 event=action_trace result=proposal:eat:F0001,status:accepted,detail:food:F0001;class:low,position:47:52,territory:A,health:100,satiety:96,energy:86
tick=20 subject=M03 event=survival_changed result=health:100->100,satiety:96->95,energy:86->85
tick=20 subject=M04 event=action_trace result=proposal:move:west,status:accepted,detail:position:66:42,position:66:42,territory:A,health:100,satiety:81,energy:81
tick=20 subject=M04 event=survival_changed result=health:100->100,satiety:81->80,energy:81->80
tick=20 subject=M05 event=action_trace result=proposal:move:south,status:accepted,detail:position:64:32,position:64:32,territory:A,health:100,satiety:81,energy:81
tick=20 subject=M05 event=survival_changed result=health:100->100,satiety:81->80,energy:81->80
tick=20 subject=M06 event=action_trace result=proposal:move:east,status:accepted,detail:position:80:18,position:80:18,territory:A,health:100,satiety:81,energy:81
tick=20 subject=M06 event=survival_changed result=health:100->100,satiety:81->80,energy:81->80
tick=20 subject=M07 event=action_trace result=proposal:move:south,status:accepted,detail:position:19:116,position:19:116,territory:B,health:100,satiety:81,energy:81
tick=20 subject=M07 event=survival_changed result=health:100->100,satiety:81->80,energy:81->80
tick=20 subject=M08 event=action_trace result=proposal:move:south,status:accepted,detail:position:41:127,position:41:127,territory:B,health:100,satiety:81,energy:81
tick=20 subject=M08 event=survival_changed result=health:100->100,satiety:81->80,energy:81->80
tick=20 subject=M09 event=food_consumed result=food:F0122,class:low,satiety:81->96,energy:81->86
tick=20 subject=M09 event=action_trace result=proposal:eat:F0122,status:accepted,detail:food:F0122;class:low,position:100:118,territory:B,health:100,satiety:96,energy:86
tick=20 subject=M09 event=survival_changed result=health:100->100,satiety:96->95,energy:86->85
tick=20 subject=M10 event=action_trace result=proposal:move:east,status:accepted,detail:position:49:72,position:49:72,territory:B,health:100,satiety:81,energy:81
tick=20 subject=M10 event=survival_changed result=health:100->100,satiety:81->80,energy:81->80
tick=20 subject=M11 event=action_trace result=proposal:move:east,status:accepted,detail:position:11:85,position:11:85,territory:B,health:100,satiety:81,energy:81
tick=20 subject=M11 event=survival_changed result=health:100->100,satiety:81->80,energy:81->80
tick=20 subject=M12 event=action_trace result=proposal:move:west,status:accepted,detail:position:99:118,position:99:118,territory:B,health:100,satiety:81,energy:81
tick=20 subject=M12 event=survival_changed result=health:100->100,satiety:81->80,energy:81->80
tick=20 subject=A event=food_regenerated result=food:F0123,class:medium,position:99:58
tick=20 subject=B event=food_regenerated result=food:F0124,class:high,position:17:98
tick=20 subject=world event=simulation_ended result=reason:tick_limit
# retained=623 truncated=false
