tick=0 subject=world event=world_initialized result=width:128,height:128,territories:2
tick=0 subject=F0001 event=food_initialized result=class:low,position:21:3,territory:A
tick=0 subject=F0002 event=food_initialized result=class:medium,position:82:20,territory:A
tick=0 subject=F0003 event=food_initialized result=class:high,position:114:6,territory:A
tick=0 subject=F0004 event=food_initialized result=class:low,position:93:36,territory:A
tick=0 subject=F0005 event=food_initialized result=class:medium,position:85:46,territory:A
tick=0 subject=F0006 event=food_initialized result=class:high,position:63:62,territory:A
tick=0 subject=F0007 event=food_initialized result=class:low,position:102:55,territory:A
tick=0 subject=F0008 event=food_initialized result=class:medium,position:92:50,territory:A
tick=0 subject=F0009 event=food_initialized result=class:high,position:117:29,territory:A
tick=0 subject=F0010 event=food_initialized result=class:low,position:7:32,territory:A
tick=0 subject=F0011 event=food_initialized result=class:medium,position:104:25,territory:A
tick=0 subject=F0012 event=food_initialized result=class:high,position:85:17,territory:A
tick=0 subject=F0013 event=food_initialized result=class:low,position:80:17,territory:A
tick=0 subject=F0014 event=food_initialized result=class:medium,position:53:31,territory:A
tick=0 subject=F0015 event=food_initialized result=class:high,position:7:3,territory:A
tick=0 subject=F0016 event=food_initialized result=class:low,position:117:30,territory:A
tick=0 subject=F0017 event=food_initialized result=class:medium,position:29:30,territory:A
tick=0 subject=F0018 event=food_initialized result=class:high,position:85:3,territory:A
tick=0 subject=F0019 event=food_initialized result=class:low,position:17:1,territory:A
tick=0 subject=F0020 event=food_initialized result=class:medium,position:64:4,territory:A
tick=0 subject=F0021 event=food_initialized result=class:high,position:34:57,territory:A
tick=0 subject=F0022 event=food_initialized result=class:low,position:12:17,territory:A
tick=0 subject=F0023 event=food_initialized result=class:medium,position:51:10,territory:A
tick=0 subject=F0024 event=food_initialized result=class:high,position:42:23,territory:A
tick=0 subject=F0025 event=food_initialized result=class:low,position:110:47,territory:A
tick=0 subject=F0026 event=food_initialized result=class:medium,position:65:8,territory:A
tick=0 subject=F0027 event=food_initialized result=class:high,position:36:27,territory:A
tick=0 subject=F0028 event=food_initialized result=class:low,position:53:11,territory:A
tick=0 subject=F0029 event=food_initialized result=class:medium,position:1:58,territory:A
tick=0 subject=F0030 event=food_initialized result=class:high,position:48:58,territory:A
tick=0 subject=F0031 event=food_initialized result=class:low,position:22:6,territory:A
tick=0 subject=F0032 event=food_initialized result=class:medium,position:70:42,territory:A
tick=0 subject=F0033 event=food_initialized result=class:high,position:62:51,territory:A
tick=0 subject=F0034 event=food_initialized result=class:low,position:84:22,territory:A
tick=0 subject=F0035 event=food_initialized result=class:medium,position:61:38,territory:A
tick=0 subject=F0036 event=food_initialized result=class:high,position:74:27,territory:A
tick=0 subject=F0037 event=food_initialized result=class:low,position:114:44,territory:A
tick=0 subject=F0038 event=food_initialized result=class:medium,position:2:29,territory:A
tick=0 subject=F0039 event=food_initialized result=class:high,position:47:14,territory:A
tick=0 subject=F0040 event=food_initialized result=class:low,position:60:27,territory:A
tick=0 subject=F0041 event=food_initialized result=class:medium,position:125:29,territory:A
tick=0 subject=F0042 event=food_initialized result=class:high,position:4:3,territory:A
tick=0 subject=F0043 event=food_initialized result=class:low,position:83:58,territory:A
tick=0 subject=F0044 event=food_initialized result=class:medium,position:90:52,territory:A
tick=0 subject=F0045 event=food_initialized result=class:high,position:2:26,territory:A
tick=0 subject=F0046 event=food_initialized result=class:low,position:23:7,territory:A
tick=0 subject=F0047 event=food_initialized result=class:medium,position:115:16,territory:A
tick=0 subject=F0048 event=food_initialized result=class:high,position:30:53,territory:A
tick=0 subject=F0049 event=food_initialized result=class:low,position:119:12,territory:A
tick=0 subject=F0050 event=food_initialized result=class:medium,position:75:24,territory:A
tick=0 subject=F0051 event=food_initialized result=class:high,position:122:63,territory:A
tick=0 subject=F0052 event=food_initialized result=class:low,position:0:34,territory:A
tick=0 subject=F0053 event=food_initialized result=class:medium,position:90:31,territory:A
tick=0 subject=F0054 event=food_initialized result=class:high,position:98:56,territory:A
tick=0 subject=F0055 event=food_initialized result=class:low,position:67:20,territory:A
tick=0 subject=F0056 event=food_initialized result=class:medium,position:105:54,territory:A
tick=0 subject=F0057 event=food_initialized result=class:high,position:30:29,territory:A
tick=0 subject=F0058 event=food_initialized result=class:low,position:89:13,territory:A
tick=0 subject=F0059 event=food_initialized result=class:medium,position:80:34,territory:A
tick=0 subject=F0060 event=food_initialized result=class:high,position:121:35,territory:A
tick=0 subject=F0061 event=food_initialized result=class:low,position:78:54,territory:A
tick=0 subject=F0062 event=food_initialized result=class:low,position:54:78,territory:B
tick=0 subject=F0063 event=food_initialized result=class:medium,position:13:111,territory:B
tick=0 subject=F0064 event=food_initialized result=class:high,position:108:73,territory:B
tick=0 subject=F0065 event=food_initialized result=class:low,position:5:102,territory:B
tick=0 subject=F0066 event=food_initialized result=class:medium,position:119:124,territory:B
tick=0 subject=F0067 event=food_initialized result=class:high,position:1:85,territory:B
tick=0 subject=F0068 event=food_initialized result=class:low,position:45:78,territory:B
tick=0 subject=F0069 event=food_initialized result=class:medium,position:46:94,territory:B
tick=0 subject=F0070 event=food_initialized result=class:high,position:125:124,territory:B
tick=0 subject=F0071 event=food_initialized result=class:low,position:122:82,territory:B
tick=0 subject=F0072 event=food_initialized result=class:medium,position:88:101,territory:B
tick=0 subject=F0073 event=food_initialized result=class:high,position:127:66,territory:B
tick=0 subject=F0074 event=food_initialized result=class:low,position:89:112,territory:B
tick=0 subject=F0075 event=food_initialized result=class:medium,position:18:85,territory:B
tick=0 subject=F0076 event=food_initialized result=class:high,position:43:95,territory:B
tick=0 subject=F0077 event=food_initialized result=class:low,position:111:75,territory:B
tick=0 subject=F0078 event=food_initialized result=class:medium,position:28:73,territory:B
tick=0 subject=F0079 event=food_initialized result=class:high,position:58:65,territory:B
tick=0 subject=F0080 event=food_initialized result=class:low,position:19:109,territory:B
tick=0 subject=F0081 event=food_initialized result=class:medium,position:121:94,territory:B
tick=0 subject=F0082 event=food_initialized result=class:high,position:50:92,territory:B
tick=0 subject=F0083 event=food_initialized result=class:low,position:57:75,territory:B
tick=0 subject=F0084 event=food_initialized result=class:medium,position:67:67,territory:B
tick=0 subject=F0085 event=food_initialized result=class:high,position:41:95,territory:B
tick=0 subject=F0086 event=food_initialized result=class:low,position:61:106,territory:B
tick=0 subject=F0087 event=food_initialized result=class:medium,position:26:117,territory:B
tick=0 subject=F0088 event=food_initialized result=class:high,position:24:106,territory:B
tick=0 subject=F0089 event=food_initialized result=class:low,position:84:80,territory:B
tick=0 subject=F0090 event=food_initialized result=class:medium,position:69:111,territory:B
tick=0 subject=F0091 event=food_initialized result=class:high,position:121:103,territory:B
tick=0 subject=F0092 event=food_initialized result=class:low,position:105:117,territory:B
tick=0 subject=F0093 event=food_initialized result=class:medium,position:45:105,territory:B
tick=0 subject=F0094 event=food_initialized result=class:high,position:38:81,territory:B
tick=0 subject=F0095 event=food_initialized result=class:low,position:36:119,territory:B
tick=0 subject=F0096 event=food_initialized result=class:medium,position:40:120,territory:B
tick=0 subject=F0097 event=food_initialized result=class:high,position:69:78,territory:B
tick=0 subject=F0098 event=food_initialized result=class:low,position:56:71,territory:B
tick=0 subject=F0099 event=food_initialized result=class:medium,position:25:113,territory:B
tick=0 subject=F0100 event=food_initialized result=class:high,position:86:117,territory:B
tick=0 subject=F0101 event=food_initialized result=class:low,position:24:125,territory:B
tick=0 subject=F0102 event=food_initialized result=class:medium,position:126:125,territory:B
tick=0 subject=F0103 event=food_initialized result=class:high,position:80:81,territory:B
tick=0 subject=F0104 event=food_initialized result=class:low,position:66:114,territory:B
tick=0 subject=F0105 event=food_initialized result=class:medium,position:81:107,territory:B
tick=0 subject=F0106 event=food_initialized result=class:high,position:35:81,territory:B
tick=0 subject=F0107 event=food_initialized result=class:low,position:83:75,territory:B
tick=0 subject=F0108 event=food_initialized result=class:medium,position:97:104,territory:B
tick=0 subject=F0109 event=food_initialized result=class:high,position:60:85,territory:B
tick=0 subject=F0110 event=food_initialized result=class:low,position:11:124,territory:B
tick=0 subject=F0111 event=food_initialized result=class:medium,position:71:120,territory:B
tick=0 subject=F0112 event=food_initialized result=class:high,position:86:81,territory:B
tick=0 subject=F0113 event=food_initialized result=class:low,position:46:101,territory:B
tick=0 subject=F0114 event=food_initialized result=class:medium,position:71:74,territory:B
tick=0 subject=F0115 event=food_initialized result=class:high,position:125:82,territory:B
tick=0 subject=F0116 event=food_initialized result=class:low,position:12:77,territory:B
tick=0 subject=F0117 event=food_initialized result=class:medium,position:107:64,territory:B
tick=0 subject=F0118 event=food_initialized result=class:high,position:42:106,territory:B
tick=0 subject=F0119 event=food_initialized result=class:low,position:64:120,territory:B
tick=0 subject=F0120 event=food_initialized result=class:medium,position:116:120,territory:B
tick=0 subject=F0121 event=food_initialized result=class:high,position:19:85,territory:B
tick=0 subject=F0122 event=food_initialized result=class:low,position:111:112,territory:B
tick=0 subject=M01 event=agent_initialized result=position:11:1,territory:A,health:100,satiety:100,energy:100,fear:0,waste_tolerance:11
tick=0 subject=M02 event=agent_initialized result=position:17:63,territory:A,health:100,satiety:100,energy:100,fear:0,waste_tolerance:40
tick=0 subject=M03 event=agent_initialized result=position:26:52,territory:A,health:100,satiety:100,energy:100,fear:0,waste_tolerance:4
tick=0 subject=M04 event=agent_initialized result=position:83:44,territory:A,health:100,satiety:100,energy:100,fear:0,waste_tolerance:24
tick=0 subject=M05 event=agent_initialized result=position:84:15,territory:A,health:100,satiety:100,energy:100,fear:0,waste_tolerance:21
tick=0 subject=M06 event=agent_initialized result=position:12:46,territory:A,health:100,satiety:100,energy:100,fear:0,waste_tolerance:13
tick=0 subject=M07 event=agent_initialized result=position:67:95,territory:B,health:100,satiety:100,energy:100,fear:0,waste_tolerance:7
tick=0 subject=M08 event=agent_initialized result=position:62:104,territory:B,health:100,satiety:100,energy:100,fear:0,waste_tolerance:40
tick=0 subject=M09 event=agent_initialized result=position:64:82,territory:B,health:100,satiety:100,energy:100,fear:0,waste_tolerance:24
tick=0 subject=M10 event=agent_initialized result=position:120:120,territory:B,health:100,satiety:100,energy:100,fear:0,waste_tolerance:15
tick=0 subject=M11 event=agent_initialized result=position:123:116,territory:B,health:100,satiety:100,energy:100,fear:0,waste_tolerance:10
tick=0 subject=M12 event=agent_initialized result=position:67:98,territory:B,health:100,satiety:100,energy:100,fear:0,waste_tolerance:23
tick=0 subject=world event=decision_source_selected result=source:individual
tick=1 subject=M01 event=action_trace result=proposal:move:east,status:accepted,detail:position:12:1,position:12:1,territory:A,health:100,satiety:100,energy:100,fear:0
tick=1 subject=M01 event=survival_changed result=health:100->100,satiety:100->99,energy:100->99,fear:0->0
tick=1 subject=M02 event=action_trace result=proposal:move:north,status:accepted,detail:position:17:62,position:17:62,territory:A,health:100,satiety:100,energy:100,fear:0
tick=1 subject=M02 event=survival_changed result=health:100->100,satiety:100->99,energy:100->99,fear:0->10
tick=1 subject=M03 event=action_trace result=proposal:move:east,status:accepted,detail:position:27:52,position:27:52,territory:A,health:100,satiety:100,energy:100,fear:0
tick=1 subject=M03 event=survival_changed result=health:100->100,satiety:100->99,energy:100->99,fear:0->10
tick=1 subject=M04 event=action_trace result=proposal:move:east,status:accepted,detail:position:84:44,position:84:44,territory:A,health:100,satiety:100,energy:100,fear:0
tick=1 subject=M04 event=survival_changed result=health:100->100,satiety:100->99,energy:100->99,fear:0->0
tick=1 subject=M05 event=action_trace result=proposal:move:south,status:accepted,detail:position:84:16,position:84:16,territory:A,health:100,satiety:100,energy:100,fear:0
tick=1 subject=M05 event=survival_changed result=health:100->100,satiety:100->99,energy:100->99,fear:0->0
tick=1 subject=M06 event=action_trace result=proposal:move:west,status:accepted,detail:position:11:46,position:11:46,territory:A,health:100,satiety:100,energy:100,fear:0
tick=1 subject=M06 event=survival_changed result=health:100->100,satiety:100->99,energy:100->99,fear:0->10
tick=1 subject=M07 event=action_trace result=proposal:move:north,status:accepted,detail:position:67:94,position:67:94,territory:B,health:100,satiety:100,energy:100,fear:0
tick=1 subject=M07 event=survival_changed result=health:100->100,satiety:100->99,energy:100->99,fear:0->10
tick=1 subject=M08 event=action_trace result=proposal:move:north,status:accepted,detail:position:62:103,position:62:103,territory:B,health:100,satiety:100,energy:100,fear:0
tick=1 subject=M08 event=survival_changed result=health:100->100,satiety:100->99,energy:100->99,fear:0->10
tick=1 subject=M09 event=action_trace result=proposal:move:east,status:accepted,detail:position:65:82,position:65:82,territory:B,health:100,satiety:100,energy:100,fear:0
tick=1 subject=M09 event=survival_changed result=health:100->100,satiety:100->99,energy:100->99,fear:0->10
tick=1 subject=M10 event=action_trace result=proposal:move:east,status:accepted,detail:position:121:120,position:121:120,territory:B,health:100,satiety:100,energy:100,fear:0
tick=1 subject=M10 event=survival_changed result=health:100->100,satiety:100->99,energy:100->99,fear:0->10
tick=1 subject=M11 event=action_trace result=proposal:move:north,status:accepted,detail:position:123:115,position:123:115,territory:B,health:100,satiety:100,energy:100,fear:0
tick=1 subject=M11 event=survival_changed result=health:100->100,satiety:100->99,energy:100->99,fear:0->10
tick=1 subject=M12 event=action_trace result=proposal:move:east,status:accepted,detail:position:68:98,position:68:98,territory:B,health:100,satiety:100,energy:100,fear:0
tick=1 subject=M12 event=survival_changed result=health:100->100,satiety:100->99,energy:100->99,fear:0->10
tick=2 subject=M01 event=action_trace result=proposal:move:north,status:accepted,detail:position:12:0,position:12:0,territory:A,health:100,satiety:99,energy:99,fear:0
tick=2 subject=M01 event=survival_changed result=health:100->100,satiety:99->98,energy:99->98,fear:0->0
tick=2 subject=M02 event=action_trace result=proposal:move:south,status:accepted,detail:position:17:63,position:17:63,territory:A,health:100,satiety:99,energy:99,fear:10
tick=2 subject=M02 event=survival_changed result=health:100->100,satiety:99->98,energy:99->98,fear:10->20
tick=2 subject=M03 event=action_trace result=proposal:move:north,status:accepted,detail:position:27:51,position:27:51,territory:A,health:100,satiety:99,energy:99,fear:10
tick=2 subject=M03 event=survival_changed result=health:100->100,satiety:99->98,energy:99->98,fear:10->20
tick=2 subject=M04 event=action_trace result=proposal:move:east,status:accepted,detail:position:85:44,position:85:44,territory:A,health:100,satiety:99,energy:99,fear:0
tick=2 subject=M04 event=survival_changed result=health:100->100,satiety:99->98,energy:99->98,fear:0->0
tick=2 subject=M05 event=action_trace result=proposal:move:south,status:accepted,detail:position:84:17,position:84:17,territory:A,health:100,satiety:99,energy:99,fear:0
tick=2 subject=M05 event=survival_changed result=health:100->100,satiety:99->98,energy:99->98,fear:0->0
tick=2 subject=M06 event=action_trace result=proposal:move:east,status:accepted,detail:position:12:46,position:12:46,territory:A,health:100,satiety:99,energy:99,fear:10
tick=2 subject=M06 event=survival_changed result=health:100->100,satiety:99->98,energy:99->98,fear:10->20
tick=2 subject=M07 event=action_trace result=proposal:move:east,status:accepted,detail:position:68:94,position:68:94,territory:B,health:100,satiety:99,energy:99,fear:10
tick=2 subject=M07 event=survival_changed result=health:100->100,satiety:99->98,energy:99->98,fear:10->20
tick=2 subject=M08 event=action_trace result=proposal:move:west,status:accepted,detail:position:61:103,position:61:103,territory:B,health:100,satiety:99,energy:99,fear:10
tick=2 subject=M08 event=survival_changed result=health:100->100,satiety:99->98,energy:99->98,fear:10->20
tick=2 subject=M09 event=action_trace result=proposal:move:east,status:accepted,detail:position:66:82,position:66:82,territory:B,health:100,satiety:99,energy:99,fear:10
tick=2 subject=M09 event=survival_changed result=health:100->100,satiety:99->98,energy:99->98,fear:10->20
tick=2 subject=M10 event=action_trace result=proposal:move:north,status:accepted,detail:position:121:119,position:121:119,territory:B,health:100,satiety:99,energy:99,fear:10
tick=2 subject=M10 event=survival_changed result=health:100->100,satiety:99->98,energy:99->98,fear:10->20
tick=2 subject=M11 event=action_trace result=proposal:move:north,status:accepted,detail:position:123:114,position:123:114,territory:B,health:100,satiety:99,energy:99,fear:10
tick=2 subject=M11 event=survival_changed result=health:100->100,satiety:99->98,energy:99->98,fear:10->20
tick=2 subject=M12 event=action_trace result=proposal:move:west,status:accepted,detail:position:67:98,position:67:98,territory:B,health:100,satiety:99,energy:99,fear:10
tick=2 subject=M12 event=survival_changed result=health:100->100,satiety:99->98,energy:99->98,fear:10->20
tick=3 subject=M01 event=action_trace result=proposal:move:south,status:accepted,detail:position:12:1,position:12:1,territory:A,health:100,satiety:98,energy:98,fear:0
tick=3 subject=M01 event=survival_changed result=health:100->100,satiety:98->97,energy:98->97,fear:0->0
tick=3 subject=M02 event=action_trace result=proposal:move:north,status:accepted,detail:position:17:62,position:17:62,territory:A,health:100,satiety:98,energy:98,fear:20
tick=3 subject=M02 event=survival_changed result=health:100->100,satiety:98->97,energy:98->97,fear:20->30
tick=3 subject=M03 event=action_trace result=proposal:move:north,status:accepted,detail:position:27:50,position:27:50,territory:A,health:100,satiety:98,energy:98,fear:20
tick=3 subject=M03 event=survival_changed result=health:100->100,satiety:98->97,energy:98->97,fear:20->30
tick=3 subject=M04 event=action_trace result=proposal:move:west,status:accepted,detail:position:84:44,position:84:44,territory:A,health:100,satiety:98,energy:98,fear:0
tick=3 subject=M04 event=survival_changed result=health:100->100,satiety:98->97,energy:98->97,fear:0->0
tick=3 subject=M05 event=action_trace result=proposal:move:north,status:accepted,detail:position:84:16,position:84:16,territory:A,health:100,satiety:98,energy:98,fear:0
tick=3 subject=M05 event=survival_changed result=health:100->100,satiety:98->97,energy:98->97,fear:0->0
tick=3 subject=M06 event=action_trace result=proposal:move:south,status:accepted,detail:position:12:47,position:12:47,territory:A,health:100,satiety:98,energy:98,fear:20
tick=3 subject=M06 event=survival_changed result=health:100->100,satiety:98->97,energy:98->97,fear:20->30
tick=3 subject=M07 event=action_trace result=proposal:move:south,status:accepted,detail:position:68:95,position:68:95,territory:B,health:100,satiety:98,energy:98,fear:20
tick=3 subject=M07 event=survival_changed result=health:100->100,satiety:98->97,energy:98->97,fear:20->30
tick=3 subject=M08 event=action_trace result=proposal:move:north,status:accepted,detail:position:61:102,position:61:102,territory:B,health:100,satiety:98,energy:98,fear:20
tick=3 subject=M08 event=survival_changed result=health:100->100,satiety:98->97,energy:98->97,fear:20->30
tick=3 subject=M09 event=action_trace result=proposal:move:west,status:accepted,detail:position:65:82,position:65:82,territory:B,health:100,satiety:98,energy:98,fear:20
tick=3 subject=M09 event=survival_changed result=health:100->100,satiety:98->97,energy:98->97,fear:20->30
tick=3 subject=M10 event=action_trace result=proposal:move:east,status:accepted,detail:position:122:119,position:122:119,territory:B,health:100,satiety:98,energy:98,fear:20
tick=3 subject=M10 event=survival_changed result=health:100->100,satiety:98->97,energy:98->97,fear:20->30
tick=3 subject=M11 event=action_trace result=proposal:move:west,status:accepted,detail:position:122:114,position:122:114,territory:B,health:100,satiety:98,energy:98,fear:20
tick=3 subject=M11 event=survival_changed result=health:100->100,satiety:98->97,energy:98->97,fear:20->30
tick=3 subject=M12 event=action_trace result=proposal:move:north,status:accepted,detail:position:67:97,position:67:97,territory:B,health:100,satiety:98,energy:98,fear:20
tick=3 subject=M12 event=survival_changed result=health:100->100,satiety:98->97,energy:98->97,fear:20->30
tick=4 subject=M01 event=action_trace result=proposal:move:east,status:accepted,detail:position:13:1,position:13:1,territory:A,health:100,satiety:97,energy:97,fear:0
tick=4 subject=M01 event=survival_changed result=health:100->100,satiety:97->96,energy:97->96,fear:0->0
tick=4 subject=M02 event=action_trace result=proposal:move:east,status:accepted,detail:position:18:62,position:18:62,territory:A,health:100,satiety:97,energy:97,fear:30
tick=4 subject=M02 event=survival_changed result=health:100->100,satiety:97->96,energy:97->96,fear:30->40
tick=4 subject=M03 event=action_trace result=proposal:move:east,status:accepted,detail:position:28:50,position:28:50,territory:A,health:100,satiety:97,energy:97,fear:30
tick=4 subject=M03 event=survival_changed result=health:100->100,satiety:97->96,energy:97->96,fear:30->40
tick=4 subject=M04 event=action_trace result=proposal:move:west,status:accepted,detail:position:83:44,position:83:44,territory:A,health:100,satiety:97,energy:97,fear:0
tick=4 subject=M04 event=survival_changed result=health:100->100,satiety:97->96,energy:97->96,fear:0->0
tick=4 subject=M05 event=action_trace result=proposal:move:south,status:accepted,detail:position:84:17,position:84:17,territory:A,health:100,satiety:97,energy:97,fear:0
tick=4 subject=M05 event=survival_changed result=health:100->100,satiety:97->96,energy:97->96,fear:0->0
tick=4 subject=M06 event=action_trace result=proposal:move:south,status:accepted,detail:position:12:48,position:12:48,territory:A,health:100,satiety:97,energy:97,fear:30
tick=4 subject=M06 event=survival_changed result=health:100->100,satiety:97->96,energy:97->96,fear:30->40
tick=4 subject=M07 event=action_trace result=proposal:move:north,status:accepted,detail:position:68:94,position:68:94,territory:B,health:100,satiety:97,energy:97,fear:30
tick=4 subject=M07 event=survival_changed result=health:100->100,satiety:97->96,energy:97->96,fear:30->40
tick=4 subject=M08 event=action_trace result=proposal:move:west,status:accepted,detail:position:60:102,position:60:102,territory:B,health:100,satiety:97,energy:97,fear:30
tick=4 subject=M08 event=survival_changed result=health:100->100,satiety:97->96,energy:97->96,fear:30->40
tick=4 subject=M09 event=action_trace result=proposal:move:north,status:accepted,detail:position:65:81,position:65:81,territory:B,health:100,satiety:97,energy:97,fear:30
tick=4 subject=M09 event=survival_changed result=health:100->100,satiety:97->96,energy:97->96,fear:30->40
tick=4 subject=M10 event=action_trace result=proposal:move:south,status:accepted,detail:position:122:120,position:122:120,territory:B,health:100,satiety:97,energy:97,fear:30
tick=4 subject=M10 event=survival_changed result=health:100->100,satiety:97->96,energy:97->96,fear:30->40
tick=4 subject=M11 event=action_trace result=proposal:move:east,status:accepted,detail:position:123:114,position:123:114,territory:B,health:100,satiety:97,energy:97,fear:30
tick=4 subject=M11 event=survival_changed result=health:100->100,satiety:97->96,energy:97->96,fear:30->40
tick=4 subject=M12 event=action_trace result=proposal:move:south,status:accepted,detail:position:67:98,position:67:98,territory:B,health:100,satiety:97,energy:97,fear:30
tick=4 subject=M12 event=survival_changed result=health:100->100,satiety:97->96,energy:97->96,fear:30->40
tick=5 subject=M01 event=action_trace result=proposal:move:south,status:accepted,detail:position:13:2,position:13:2,territory:A,health:100,satiety:96,energy:96,fear:0
tick=5 subject=M01 event=survival_changed result=health:100->100,satiety:96->95,energy:96->95,fear:0->0
tick=5 subject=M02 event=action_trace result=proposal:move:west,status:accepted,detail:position:17:62,position:17:62,territory:A,health:100,satiety:96,energy:96,fear:40
tick=5 subject=M02 event=survival_changed result=health:100->100,satiety:96->95,energy:96->95,fear:40->50
tick=5 subject=M03 event=action_trace result=proposal:move:north,status:accepted,detail:position:28:49,position:28:49,territory:A,health:100,satiety:96,energy:96,fear:40
tick=5 subject=M03 event=survival_changed result=health:100->100,satiety:96->95,energy:96->95,fear:40->50
tick=5 subject=M04 event=action_trace result=proposal:move:west,status:accepted,detail:position:82:44,position:82:44,territory:A,health:100,satiety:96,energy:96,fear:0
tick=5 subject=M04 event=survival_changed result=health:100->100,satiety:96->95,energy:96->95,fear:0->0
tick=5 subject=M05 event=action_trace result=proposal:move:north,status:accepted,detail:position:84:16,position:84:16,territory:A,health:100,satiety:96,energy:96,fear:0
tick=5 subject=M05 event=survival_changed result=health:100->100,satiety:96->95,energy:96->95,fear:0->0
tick=5 subject=M06 event=action_trace result=proposal:move:north,status:accepted,detail:position:12:47,position:12:47,territory:A,health:100,satiety:96,energy:96,fear:40
tick=5 subject=M06 event=survival_changed result=health:100->100,satiety:96->95,energy:96->95,fear:40->50
tick=5 subject=M07 event=action_trace result=proposal:move:west,status:accepted,detail:position:67:94,position:67:94,territory:B,health:100,satiety:96,energy:96,fear:40
tick=5 subject=M07 event=survival_changed result=health:100->100,satiety:96->95,energy:96->95,fear:40->50
tick=5 subject=M08 event=action_trace result=proposal:move:west,status:accepted,detail:position:59:102,position:59:102,territory:B,health:100,satiety:96,energy:96,fear:40
tick=5 subject=M08 event=survival_changed result=health:100->100,satiety:96->95,energy:96->95,fear:40->50
tick=5 subject=M09 event=action_trace result=proposal:move:east,status:accepted,detail:position:66:81,position:66:81,territory:B,health:100,satiety:96,energy:96,fear:40
tick=5 subject=M09 event=survival_changed result=health:100->100,satiety:96->95,energy:96->95,fear:40->50
tick=5 subject=M10 event=action_trace result=proposal:move:east,status:accepted,detail:position:123:120,position:123:120,territory:B,health:100,satiety:96,energy:96,fear:40
tick=5 subject=M10 event=survival_changed result=health:100->100,satiety:96->95,energy:96->95,fear:40->50
tick=5 subject=M11 event=action_trace result=proposal:move:west,status:accepted,detail:position:122:114,position:122:114,territory:B,health:100,satiety:96,energy:96,fear:40
tick=5 subject=M11 event=survival_changed result=health:100->100,satiety:96->95,energy:96->95,fear:40->50
tick=5 subject=M12 event=action_trace result=proposal:move:west,status:accepted,detail:position:66:98,position:66:98,territory:B,health:100,satiety:96,energy:96,fear:40
tick=5 subject=M12 event=survival_changed result=health:100->100,satiety:96->95,energy:96->95,fear:40->50
tick=6 subject=M01 event=action_trace result=proposal:move:north,status:accepted,detail:position:13:1,position:13:1,territory:A,health:100,satiety:95,energy:95,fear:0
tick=6 subject=M01 event=survival_changed result=health:100->100,satiety:95->94,energy:95->94,fear:0->0
tick=6 subject=M02 event=action_trace result=proposal:move:east,status:accepted,detail:position:18:62,position:18:62,territory:A,health:100,satiety:95,energy:95,fear:50
tick=6 subject=M02 event=survival_changed result=health:100->100,satiety:95->94,energy:95->94,fear:50->60
tick=6 subject=M03 event=action_trace result=proposal:move:north,status:accepted,detail:position:28:48,position:28:48,territory:A,health:100,satiety:95,energy:95,fear:50
tick=6 subject=M03 event=survival_changed result=health:100->100,satiety:95->94,energy:95->94,fear:50->60
tick=6 subject=M04 event=action_trace result=proposal:move:east,status:accepted,detail:position:83:44,position:83:44,territory:A,health:100,satiety:95,energy:95,fear:0
tick=6 subject=M04 event=survival_changed result=health:100->100,satiety:95->94,energy:95->94,fear:0->0
tick=6 subject=M05 event=action_trace result=proposal:move:north,status:accepted,detail:position:84:15,position:84:15,territory:A,health:100,satiety:95,energy:95,fear:0
tick=6 subject=M05 event=survival_changed result=health:100->100,satiety:95->94,energy:95->94,fear:0->0
tick=6 subject=M06 event=action_trace result=proposal:move:east,status:accepted,detail:position:13:47,position:13:47,territory:A,health:100,satiety:95,energy:95,fear:50
tick=6 subject=M06 event=survival_changed result=health:100->100,satiety:95->94,energy:95->94,fear:50->60
tick=6 subject=M07 event=action_trace result=proposal:move:south,status:accepted,detail:position:67:95,position:67:95,territory:B,health:100,satiety:95,energy:95,fear:50
tick=6 subject=M07 event=survival_changed result=health:100->100,satiety:95->94,energy:95->94,fear:50->60
tick=6 subject=M08 event=action_trace result=proposal:move:east,status:accepted,detail:position:60:102,position:60:102,territory:B,health:100,satiety:95,energy:95,fear:50
tick=6 subject=M08 event=survival_changed result=health:100->100,satiety:95->94,energy:95->94,fear:50->60
tick=6 subject=M09 event=action_trace result=proposal:move:south,status:accepted,detail:position:66:82,position:66:82,territory:B,health:100,satiety:95,energy:95,fear:50
tick=6 subject=M09 event=survival_changed result=health:100->100,satiety:95->94,energy:95->94,fear:50->60
tick=6 subject=M10 event=action_trace result=proposal:move:north,status:accepted,detail:position:123:119,position:123:119,territory:B,health:100,satiety:95,energy:95,fear:50
tick=6 subject=M10 event=survival_changed result=health:100->100,satiety:95->94,energy:95->94,fear:50->60
tick=6 subject=M11 event=action_trace result=proposal:move:east,status:accepted,detail:position:123:114,position:123:114,territory:B,health:100,satiety:95,energy:95,fear:50
tick=6 subject=M11 event=survival_changed result=health:100->100,satiety:95->94,energy:95->94,fear:50->60
tick=6 subject=M12 event=action_trace result=proposal:move:south,status:accepted,detail:position:66:99,position:66:99,territory:B,health:100,satiety:95,energy:95,fear:50
tick=6 subject=M12 event=survival_changed result=health:100->100,satiety:95->94,energy:95->94,fear:50->60
tick=7 subject=M01 event=action_trace result=proposal:move:south,status:accepted,detail:position:13:2,position:13:2,territory:A,health:100,satiety:94,energy:94,fear:0
tick=7 subject=M01 event=survival_changed result=health:100->100,satiety:94->93,energy:94->93,fear:0->0
tick=7 subject=M02 event=action_trace result=proposal:move:south,status:accepted,detail:position:18:63,position:18:63,territory:A,health:100,satiety:94,energy:94,fear:60
tick=7 subject=M02 event=survival_changed result=health:100->100,satiety:94->93,energy:94->93,fear:60->70
tick=7 subject=M03 event=action_trace result=proposal:move:north,status:accepted,detail:position:28:47,position:28:47,territory:A,health:100,satiety:94,energy:94,fear:60
tick=7 subject=M03 event=survival_changed result=health:100->100,satiety:94->93,energy:94->93,fear:60->70
tick=7 subject=M04 event=action_trace result=proposal:move:west,status:accepted,detail:position:82:44,position:82:44,territory:A,health:100,satiety:94,energy:94,fear:0
tick=7 subject=M04 event=survival_changed result=health:100->100,satiety:94->93,energy:94->93,fear:0->0
tick=7 subject=M05 event=action_trace result=proposal:move:south,status:accepted,detail:position:84:16,position:84:16,territory:A,health:100,satiety:94,energy:94,fear:0
tick=7 subject=M05 event=survival_changed result=health:100->100,satiety:94->93,energy:94->93,fear:0->0
tick=7 subject=M06 event=action_trace result=proposal:move:north,status:accepted,detail:position:13:46,position:13:46,territory:A,health:100,satiety:94,energy:94,fear:60
tick=7 subject=M06 event=survival_changed result=health:100->100,satiety:94->93,energy:94->93,fear:60->70
tick=7 subject=M07 event=action_trace result=proposal:move:south,status:accepted,detail:position:67:96,position:67:96,territory:B,health:100,satiety:94,energy:94,fear:60
tick=7 subject=M07 event=survival_changed result=health:100->100,satiety:94->93,energy:94->93,fear:60->70
tick=7 subject=M08 event=action_trace result=proposal:move:north,status:accepted,detail:position:60:101,position:60:101,territory:B,health:100,satiety:94,energy:94,fear:60
tick=7 subject=M08 event=survival_changed result=health:100->100,satiety:94->93,energy:94->93,fear:60->70
tick=7 subject=M09 event=action_trace result=proposal:move:north,status:accepted,detail:position:66:81,position:66:81,territory:B,health:100,satiety:94,energy:94,fear:60
tick=7 subject=M09 event=survival_changed result=health:100->100,satiety:94->93,energy:94->93,fear:60->70
tick=7 subject=M10 event=action_trace result=proposal:move:east,status:accepted,detail:position:124:119,position:124:119,territory:B,health:100,satiety:94,energy:94,fear:60
tick=7 subject=M10 event=survival_changed result=health:100->100,satiety:94->93,energy:94->93,fear:60->70
tick=7 subject=M11 event=action_trace result=proposal:move:west,status:accepted,detail:position:122:114,position:122:114,territory:B,health:100,satiety:94,energy:94,fear:60
tick=7 subject=M11 event=survival_changed result=health:100->100,satiety:94->93,energy:94->93,fear:60->70
tick=7 subject=M12 event=action_trace result=proposal:move:west,status:accepted,detail:position:65:99,position:65:99,territory:B,health:100,satiety:94,energy:94,fear:60
tick=7 subject=M12 event=survival_changed result=health:100->100,satiety:94->93,energy:94->93,fear:60->70
tick=8 subject=M01 event=action_trace result=proposal:move:south,status:accepted,detail:position:13:3,position:13:3,territory:A,health:100,satiety:93,energy:93,fear:0
tick=8 subject=M01 event=survival_changed result=health:100->100,satiety:93->92,energy:93->92,fear:0->0
tick=8 subject=M02 event=territory_crossed result=from:A,to:B
tick=8 subject=M02 event=action_trace result=proposal:move:south,status:accepted,detail:position:18:64,position:18:64,territory:B,health:100,satiety:93,energy:93,fear:70
tick=8 subject=M02 event=survival_changed result=health:100->100,satiety:93->92,energy:93->92,fear:70->80
tick=8 subject=M03 event=action_trace result=proposal:move:south,status:accepted,detail:position:28:48,position:28:48,territory:A,health:100,satiety:93,energy:93,fear:70
tick=8 subject=M03 event=survival_changed result=health:100->100,satiety:93->92,energy:93->92,fear:70->80
tick=8 subject=M04 event=action_trace result=proposal:move:south,status:accepted,detail:position:82:45,position:82:45,territory:A,health:100,satiety:93,energy:93,fear:0
tick=8 subject=M04 event=survival_changed result=health:100->100,satiety:93->92,energy:93->92,fear:0->0
tick=8 subject=M05 event=action_trace result=proposal:move:north,status:accepted,detail:position:84:15,position:84:15,territory:A,health:100,satiety:93,energy:93,fear:0
tick=8 subject=M05 event=survival_changed result=health:100->100,satiety:93->92,energy:93->92,fear:0->0
tick=8 subject=M06 event=action_trace result=proposal:move:east,status:accepted,detail:position:14:46,position:14:46,territory:A,health:100,satiety:93,energy:93,fear:70
tick=8 subject=M06 event=survival_changed result=health:100->100,satiety:93->92,energy:93->92,fear:70->80
tick=8 subject=M07 event=action_trace result=proposal:move:east,status:accepted,detail:position:68:96,position:68:96,territory:B,health:100,satiety:93,energy:93,fear:70
tick=8 subject=M07 event=survival_changed result=health:100->100,satiety:93->92,energy:93->92,fear:70->80
tick=8 subject=M08 event=action_trace result=proposal:move:south,status:accepted,detail:position:60:102,position:60:102,territory:B,health:100,satiety:93,energy:93,fear:70
tick=8 subject=M08 event=survival_changed result=health:100->100,satiety:93->92,energy:93->92,fear:70->80
tick=8 subject=M09 event=action_trace result=proposal:move:west,status:accepted,detail:position:65:81,position:65:81,territory:B,health:100,satiety:93,energy:93,fear:70
tick=8 subject=M09 event=survival_changed result=health:100->100,satiety:93->92,energy:93->92,fear:70->80
tick=8 subject=M10 event=action_trace result=proposal:move:west,status:accepted,detail:position:123:119,position:123:119,territory:B,health:100,satiety:93,energy:93,fear:70
tick=8 subject=M10 event=survival_changed result=health:100->100,satiety:93->92,energy:93->92,fear:70->80
tick=8 subject=M11 event=action_trace result=proposal:move:north,status:accepted,detail:position:122:113,position:122:113,territory:B,health:100,satiety:93,energy:93,fear:70
tick=8 subject=M11 event=survival_changed result=health:100->100,satiety:93->92,energy:93->92,fear:70->80
tick=8 subject=M12 event=action_trace result=proposal:move:west,status:accepted,detail:position:64:99,position:64:99,territory:B,health:100,satiety:93,energy:93,fear:70
tick=8 subject=M12 event=survival_changed result=health:100->100,satiety:93->92,energy:93->92,fear:70->80
tick=9 subject=M01 event=action_trace result=proposal:move:north,status:accepted,detail:position:13:2,position:13:2,territory:A,health:100,satiety:92,energy:92,fear:0
tick=9 subject=M01 event=survival_changed result=health:100->100,satiety:92->91,energy:92->91,fear:0->0
tick=9 subject=M02 event=action_trace result=proposal:move:south,status:accepted,detail:position:18:65,position:18:65,territory:B,health:100,satiety:92,energy:92,fear:80
tick=9 subject=M02 event=survival_changed result=health:100->100,satiety:92->91,energy:92->91,fear:80->90
tick=9 subject=M03 event=action_trace result=proposal:move:north,status:accepted,detail:position:28:47,position:28:47,territory:A,health:100,satiety:92,energy:92,fear:80
tick=9 subject=M03 event=survival_changed result=health:100->100,satiety:92->91,energy:92->91,fear:80->90
tick=9 subject=M04 event=action_trace result=proposal:move:south,status:accepted,detail:position:82:46,position:82:46,territory:A,health:100,satiety:92,energy:92,fear:0
tick=9 subject=M04 event=survival_changed result=health:100->100,satiety:92->91,energy:92->91,fear:0->0
tick=9 subject=M05 event=action_trace result=proposal:move:east,status:accepted,detail:position:85:15,position:85:15,territory:A,health:100,satiety:92,energy:92,fear:0
tick=9 subject=M05 event=survival_changed result=health:100->100,satiety:92->91,energy:92->91,fear:0->0
tick=9 subject=M06 event=action_trace result=proposal:move:west,status:accepted,detail:position:13:46,position:13:46,territory:A,health:100,satiety:92,energy:92,fear:80
tick=9 subject=M06 event=survival_changed result=health:100->100,satiety:92->91,energy:92->91,fear:80->90
tick=9 subject=M07 event=action_trace result=proposal:move:north,status:accepted,detail:position:68:95,position:68:95,territory:B,health:100,satiety:92,energy:92,fear:80
tick=9 subject=M07 event=survival_changed result=health:100->100,satiety:92->91,energy:92->91,fear:80->90
tick=9 subject=M08 event=action_trace result=proposal:move:east,status:accepted,detail:position:61:102,position:61:102,territory:B,health:100,satiety:92,energy:92,fear:80
tick=9 subject=M08 event=survival_changed result=health:100->100,satiety:92->91,energy:92->91,fear:80->90
tick=9 subject=M09 event=action_trace result=proposal:move:west,status:accepted,detail:position:64:81,position:64:81,territory:B,health:100,satiety:92,energy:92,fear:80
tick=9 subject=M09 event=survival_changed result=health:100->100,satiety:92->91,energy:92->91,fear:80->90
tick=9 subject=M10 event=action_trace result=proposal:move:west,status:accepted,detail:position:122:119,position:122:119,territory:B,health:100,satiety:92,energy:92,fear:80
tick=9 subject=M10 event=survival_changed result=health:100->100,satiety:92->91,energy:92->91,fear:80->90
tick=9 subject=M11 event=action_trace result=proposal:move:north,status:accepted,detail:position:122:112,position:122:112,territory:B,health:100,satiety:92,energy:92,fear:80
tick=9 subject=M11 event=survival_changed result=health:100->100,satiety:92->91,energy:92->91,fear:80->90
tick=9 subject=M12 event=action_trace result=proposal:move:west,status:accepted,detail:position:63:99,position:63:99,territory:B,health:100,satiety:92,energy:92,fear:80
tick=9 subject=M12 event=survival_changed result=health:100->100,satiety:92->91,energy:92->91,fear:80->90
tick=10 subject=M01 event=action_trace result=proposal:move:east,status:accepted,detail:position:14:2,position:14:2,territory:A,health:100,satiety:91,energy:91,fear:0
tick=10 subject=M01 event=survival_changed result=health:100->100,satiety:91->90,energy:91->90,fear:0->0
tick=10 subject=M02 event=action_trace result=proposal:move:west,status:accepted,detail:position:17:65,position:17:65,territory:B,health:100,satiety:91,energy:91,fear:90
tick=10 subject=M02 event=survival_changed result=health:100->100,satiety:91->90,energy:91->90,fear:90->85
tick=10 subject=M03 event=action_trace result=proposal:move:south,status:accepted,detail:position:28:48,position:28:48,territory:A,health:100,satiety:91,energy:91,fear:90
tick=10 subject=M03 event=survival_changed result=health:100->100,satiety:91->90,energy:91->90,fear:90->100
tick=10 subject=M04 event=action_trace result=proposal:move:south,status:accepted,detail:position:82:47,position:82:47,territory:A,health:100,satiety:91,energy:91,fear:0
tick=10 subject=M04 event=survival_changed result=health:100->100,satiety:91->90,energy:91->90,fear:0->0
tick=10 subject=M05 event=action_trace result=proposal:move:north,status:accepted,detail:position:85:14,position:85:14,territory:A,health:100,satiety:91,energy:91,fear:0
tick=10 subject=M05 event=survival_changed result=health:100->100,satiety:91->90,energy:91->90,fear:0->0
tick=10 subject=M06 event=action_trace result=proposal:move:west,status:accepted,detail:position:12:46,position:12:46,territory:A,health:100,satiety:91,energy:91,fear:90
tick=10 subject=M06 event=survival_changed result=health:100->100,satiety:91->90,energy:91->90,fear:90->100
tick=10 subject=M07 event=action_trace result=proposal:move:west,status:accepted,detail:position:67:95,position:67:95,territory:B,health:100,satiety:91,energy:91,fear:90
tick=10 subject=M07 event=survival_changed result=health:100->100,satiety:91->90,energy:91->90,fear:90->100
tick=10 subject=M08 event=action_trace result=proposal:move:south,status:accepted,detail:position:61:103,position:61:103,territory:B,health:100,satiety:91,energy:91,fear:90
tick=10 subject=M08 event=survival_changed result=health:100->100,satiety:91->90,energy:91->90,fear:90->100
tick=10 subject=M09 event=action_trace result=proposal:move:south,status:accepted,detail:position:64:82,position:64:82,territory:B,health:100,satiety:91,energy:91,fear:90
tick=10 subject=M09 event=survival_changed result=health:100->100,satiety:91->90,energy:91->90,fear:90->100
tick=10 subject=M10 event=action_trace result=proposal:move:north,status:accepted,detail:position:122:118,position:122:118,territory:B,health:100,satiety:91,energy:91,fear:90
tick=10 subject=M10 event=survival_changed result=health:100->100,satiety:91->90,energy:91->90,fear:90->100
tick=10 subject=M11 event=action_trace result=proposal:move:west,status:accepted,detail:position:121:112,position:121:112,territory:B,health:100,satiety:91,energy:91,fear:90
tick=10 subject=M11 event=survival_changed result=health:100->100,satiety:91->90,energy:91->90,fear:90->100
tick=10 subject=M12 event=action_trace result=proposal:move:south,status:accepted,detail:position:63:100,position:63:100,territory:B,health:100,satiety:91,energy:91,fear:90
tick=10 subject=M12 event=survival_changed result=health:100->100,satiety:91->90,energy:91->90,fear:90->100
tick=10 subject=A event=food_regeneration_skipped result=reason:capacity,count:61
tick=10 subject=B event=food_regeneration_skipped result=reason:capacity,count:61
tick=11 subject=M01 event=action_trace result=proposal:move:west,status:accepted,detail:position:13:2,position:13:2,territory:A,health:100,satiety:90,energy:90,fear:0
tick=11 subject=M01 event=survival_changed result=health:100->100,satiety:90->89,energy:90->89,fear:0->0
tick=11 subject=M02 event=action_trace result=proposal:move:west,status:accepted,detail:position:16:65,position:16:65,territory:B,health:100,satiety:90,energy:90,fear:85
tick=11 subject=M02 event=survival_changed result=health:100->100,satiety:90->89,energy:90->89,fear:85->80
tick=11 subject=M03 event=action_trace result=proposal:move:east,status:accepted,detail:position:29:48,position:29:48,territory:A,health:100,satiety:90,energy:90,fear:100
tick=11 subject=M03 event=survival_changed result=health:100->100,satiety:90->89,energy:90->89,fear:100->100
tick=11 subject=M04 event=action_trace result=proposal:move:west,status:accepted,detail:position:81:47,position:81:47,territory:A,health:100,satiety:90,energy:90,fear:0
tick=11 subject=M04 event=survival_changed result=health:100->100,satiety:90->89,energy:90->89,fear:0->0
tick=11 subject=M05 event=action_trace result=proposal:move:north,status:accepted,detail:position:85:13,position:85:13,territory:A,health:100,satiety:90,energy:90,fear:0
tick=11 subject=M05 event=survival_changed result=health:100->100,satiety:90->89,energy:90->89,fear:0->0
tick=11 subject=M06 event=action_trace result=proposal:move:south,status:accepted,detail:position:12:47,position:12:47,territory:A,health:100,satiety:90,energy:90,fear:100
tick=11 subject=M06 event=survival_changed result=health:100->100,satiety:90->89,energy:90->89,fear:100->95
tick=11 subject=M07 event=action_trace result=proposal:move:west,status:accepted,detail:position:66:95,position:66:95,territory:B,health:100,satiety:90,energy:90,fear:100
tick=11 subject=M07 event=survival_changed result=health:100->100,satiety:90->89,energy:90->89,fear:100->100
tick=11 subject=M08 event=action_trace result=proposal:move:south,status:accepted,detail:position:61:104,position:61:104,territory:B,health:100,satiety:90,energy:90,fear:100
tick=11 subject=M08 event=survival_changed result=health:100->100,satiety:90->89,energy:90->89,fear:100->100
tick=11 subject=M09 event=action_trace result=proposal:move:east,status:accepted,detail:position:65:82,position:65:82,territory:B,health:100,satiety:90,energy:90,fear:100
tick=11 subject=M09 event=survival_changed result=health:100->100,satiety:90->89,energy:90->89,fear:100->100
tick=11 subject=M10 event=action_trace result=proposal:move:north,status:accepted,detail:position:122:117,position:122:117,territory:B,health:100,satiety:90,energy:90,fear:100
tick=11 subject=M10 event=survival_changed result=health:100->100,satiety:90->89,energy:90->89,fear:100->100
tick=11 subject=M11 event=action_trace result=proposal:move:north,status:accepted,detail:position:121:111,position:121:111,territory:B,health:100,satiety:90,energy:90,fear:100
tick=11 subject=M11 event=survival_changed result=health:100->100,satiety:90->89,energy:90->89,fear:100->100
tick=11 subject=M12 event=action_trace result=proposal:move:west,status:accepted,detail:position:62:100,position:62:100,territory:B,health:100,satiety:90,energy:90,fear:100
tick=11 subject=M12 event=survival_changed result=health:100->100,satiety:90->89,energy:90->89,fear:100->100
tick=12 subject=M01 event=action_trace result=proposal:move:west,status:accepted,detail:position:12:2,position:12:2,territory:A,health:100,satiety:89,energy:89,fear:0
tick=12 subject=M01 event=survival_changed result=health:100->100,satiety:89->88,energy:89->88,fear:0->0
tick=12 subject=M02 event=action_trace result=proposal:move:west,status:accepted,detail:position:15:65,position:15:65,territory:B,health:100,satiety:89,energy:89,fear:80
tick=12 subject=M02 event=survival_changed result=health:100->100,satiety:89->88,energy:89->88,fear:80->75
tick=12 subject=M03 event=action_trace result=proposal:move:north,status:accepted,detail:position:29:47,position:29:47,territory:A,health:100,satiety:89,energy:89,fear:100
tick=12 subject=M03 event=survival_changed result=health:100->100,satiety:89->88,energy:89->88,fear:100->95
tick=12 subject=M04 event=action_trace result=proposal:move:west,status:accepted,detail:position:80:47,position:80:47,territory:A,health:100,satiety:89,energy:89,fear:0
tick=12 subject=M04 event=survival_changed result=health:100->100,satiety:89->88,energy:89->88,fear:0->0
tick=12 subject=M05 event=action_trace result=proposal:move:north,status:accepted,detail:position:85:12,position:85:12,territory:A,health:100,satiety:89,energy:89,fear:0
tick=12 subject=M05 event=survival_changed result=health:100->100,satiety:89->88,energy:89->88,fear:0->0
tick=12 subject=M06 event=action_trace result=proposal:move:south,status:accepted,detail:position:12:48,position:12:48,territory:A,health:100,satiety:89,energy:89,fear:95
tick=12 subject=M06 event=survival_changed result=health:100->100,satiety:89->88,energy:89->88,fear:95->90
tick=12 subject=M07 event=action_trace result=proposal:move:north,status:accepted,detail:position:66:94,position:66:94,territory:B,health:100,satiety:89,energy:89,fear:100
tick=12 subject=M07 event=survival_changed result=health:100->100,satiety:89->88,energy:89->88,fear:100->100
tick=12 subject=M08 event=action_trace result=proposal:move:south,status:accepted,detail:position:61:105,position:61:105,territory:B,health:100,satiety:89,energy:89,fear:100
tick=12 subject=M08 event=survival_changed result=health:100->100,satiety:89->88,energy:89->88,fear:100->100
tick=12 subject=M09 event=action_trace result=proposal:move:north,status:accepted,detail:position:65:81,position:65:81,territory:B,health:100,satiety:89,energy:89,fear:100
tick=12 subject=M09 event=survival_changed result=health:100->100,satiety:89->88,energy:89->88,fear:100->100
tick=12 subject=M10 event=action_trace result=proposal:move:west,status:accepted,detail:position:121:117,position:121:117,territory:B,health:100,satiety:89,energy:89,fear:100
tick=12 subject=M10 event=survival_changed result=health:100->100,satiety:89->88,energy:89->88,fear:100->100
tick=12 subject=M11 event=action_trace result=proposal:move:north,status:accepted,detail:position:121:110,position:121:110,territory:B,health:100,satiety:89,energy:89,fear:100
tick=12 subject=M11 event=survival_changed result=health:100->100,satiety:89->88,energy:89->88,fear:100->100
tick=12 subject=M12 event=action_trace result=proposal:move:north,status:accepted,detail:position:62:99,position:62:99,territory:B,health:100,satiety:89,energy:89,fear:100
tick=12 subject=M12 event=survival_changed result=health:100->100,satiety:89->88,energy:89->88,fear:100->100
tick=13 subject=M01 event=action_trace result=proposal:move:west,status:accepted,detail:position:11:2,position:11:2,territory:A,health:100,satiety:88,energy:88,fear:0
tick=13 subject=M01 event=survival_changed result=health:100->100,satiety:88->87,energy:88->87,fear:0->0
tick=13 subject=M02 event=action_trace result=proposal:move:west,status:accepted,detail:position:14:65,position:14:65,territory:B,health:100,satiety:88,energy:88,fear:75
tick=13 subject=M02 event=survival_changed result=health:100->100,satiety:88->87,energy:88->87,fear:75->70
tick=13 subject=M03 event=action_trace result=proposal:move:south,status:accepted,detail:position:29:48,position:29:48,territory:A,health:100,satiety:88,energy:88,fear:95
tick=13 subject=M03 event=survival_changed result=health:100->100,satiety:88->87,energy:88->87,fear:95->90
tick=13 subject=M04 event=action_trace result=proposal:move:west,status:accepted,detail:position:79:47,position:79:47,territory:A,health:100,satiety:88,energy:88,fear:0
tick=13 subject=M04 event=survival_changed result=health:100->100,satiety:88->87,energy:88->87,fear:0->0
tick=13 subject=M05 event=action_trace result=proposal:move:east,status:accepted,detail:position:86:12,position:86:12,territory:A,health:100,satiety:88,energy:88,fear:0
tick=13 subject=M05 event=survival_changed result=health:100->100,satiety:88->87,energy:88->87,fear:0->0
tick=13 subject=M06 event=action_trace result=proposal:move:south,status:accepted,detail:position:12:49,position:12:49,territory:A,health:100,satiety:88,energy:88,fear:90
tick=13 subject=M06 event=survival_changed result=health:100->100,satiety:88->87,energy:88->87,fear:90->85
tick=13 subject=M07 event=action_trace result=proposal:move:north,status:accepted,detail:position:66:93,position:66:93,territory:B,health:100,satiety:88,energy:88,fear:100
tick=13 subject=M07 event=survival_changed result=health:100->100,satiety:88->87,energy:88->87,fear:100->100
tick=13 subject=M08 event=action_trace result=proposal:move:south,status:accepted,detail:position:61:106,position:61:106,territory:B,health:100,satiety:88,energy:88,fear:100
tick=13 subject=M08 event=survival_changed result=health:100->100,satiety:88->87,energy:88->87,fear:100->100
tick=13 subject=M09 event=action_trace result=proposal:move:west,status:accepted,detail:position:64:81,position:64:81,territory:B,health:100,satiety:88,energy:88,fear:100
tick=13 subject=M09 event=survival_changed result=health:100->100,satiety:88->87,energy:88->87,fear:100->100
tick=13 subject=M10 event=action_trace result=proposal:move:north,status:accepted,detail:position:121:116,position:121:116,territory:B,health:100,satiety:88,energy:88,fear:100
tick=13 subject=M10 event=survival_changed result=health:100->100,satiety:88->87,energy:88->87,fear:100->100
tick=13 subject=M11 event=action_trace result=proposal:move:west,status:accepted,detail:position:120:110,position:120:110,territory:B,health:100,satiety:88,energy:88,fear:100
tick=13 subject=M11 event=survival_changed result=health:100->100,satiety:88->87,energy:88->87,fear:100->100
tick=13 subject=M12 event=action_trace result=proposal:move:west,status:accepted,detail:position:61:99,position:61:99,territory:B,health:100,satiety:88,energy:88,fear:100
tick=13 subject=M12 event=survival_changed result=health:100->100,satiety:88->87,energy:88->87,fear:100->100
tick=14 subject=M01 event=action_trace result=proposal:move:north,status:accepted,detail:position:11:1,position:11:1,territory:A,health:100,satiety:87,energy:87,fear:0
tick=14 subject=M01 event=survival_changed result=health:100->100,satiety:87->86,energy:87->86,fear:0->0
tick=14 subject=M02 event=action_trace result=proposal:move:west,status:accepted,detail:position:13:65,position:13:65,territory:B,health:100,satiety:87,energy:87,fear:70
tick=14 subject=M02 event=survival_changed result=health:100->100,satiety:87->86,energy:87->86,fear:70->80
tick=14 subject=M03 event=action_trace result=proposal:move:west,status:accepted,detail:position:28:48,position:28:48,territory:A,health:100,satiety:87,energy:87,fear:90
tick=14 subject=M03 event=survival_changed result=health:100->100,satiety:87->86,energy:87->86,fear:90->85
tick=14 subject=M04 event=action_trace result=proposal:move:west,status:accepted,detail:position:78:47,position:78:47,territory:A,health:100,satiety:87,energy:87,fear:0
tick=14 subject=M04 event=survival_changed result=health:100->100,satiety:87->86,energy:87->86,fear:0->0
tick=14 subject=M05 event=action_trace result=proposal:move:east,status:accepted,detail:position:87:12,position:87:12,territory:A,health:100,satiety:87,energy:87,fear:0
tick=14 subject=M05 event=survival_changed result=health:100->100,satiety:87->86,energy:87->86,fear:0->0
tick=14 subject=M06 event=action_trace result=proposal:move:east,status:accepted,detail:position:13:49,position:13:49,territory:A,health:100,satiety:87,energy:87,fear:85
tick=14 subject=M06 event=survival_changed result=health:100->100,satiety:87->86,energy:87->86,fear:85->95
tick=14 subject=M07 event=action_trace result=proposal:move:north,status:accepted,detail:position:66:92,position:66:92,territory:B,health:100,satiety:87,energy:87,fear:100
tick=14 subject=M07 event=survival_changed result=health:100->100,satiety:87->86,energy:87->86,fear:100->100
tick=14 subject=M08 event=food_consumed result=food:F0086,class:low,satiety:87->100,energy:87->92
tick=14 subject=M08 event=action_trace result=proposal:eat:F0086,status:accepted,detail:food:F0086;class:low,position:61:106,territory:B,health:100,satiety:100,energy:92,fear:100
tick=14 subject=M08 event=survival_changed result=health:100->100,satiety:100->99,energy:92->91,fear:100->100
tick=14 subject=M09 event=action_trace result=proposal:move:west,status:accepted,detail:position:63:81,position:63:81,territory:B,health:100,satiety:87,energy:87,fear:100
tick=14 subject=M09 event=survival_changed result=health:100->100,satiety:87->86,energy:87->86,fear:100->100
tick=14 subject=M10 event=action_trace result=proposal:move:west,status:accepted,detail:position:120:116,position:120:116,territory:B,health:100,satiety:87,energy:87,fear:100
tick=14 subject=M10 event=survival_changed result=health:100->100,satiety:87->86,energy:87->86,fear:100->100
tick=14 subject=M11 event=action_trace result=proposal:move:south,status:accepted,detail:position:120:111,position:120:111,territory:B,health:100,satiety:87,energy:87,fear:100
tick=14 subject=M11 event=survival_changed result=health:100->100,satiety:87->86,energy:87->86,fear:100->100
tick=14 subject=M12 event=action_trace result=proposal:move:east,status:accepted,detail:position:62:99,position:62:99,territory:B,health:100,satiety:87,energy:87,fear:100
tick=14 subject=M12 event=survival_changed result=health:100->100,satiety:87->86,energy:87->86,fear:100->100
tick=15 subject=M01 event=action_trace result=proposal:move:east,status:accepted,detail:position:12:1,position:12:1,territory:A,health:100,satiety:86,energy:86,fear:0
tick=15 subject=M01 event=survival_changed result=health:100->100,satiety:86->85,energy:86->85,fear:0->0
tick=15 subject=M02 event=action_trace result=proposal:move:west,status:accepted,detail:position:12:65,position:12:65,territory:B,health:100,satiety:86,energy:86,fear:80
tick=15 subject=M02 event=survival_changed result=health:100->100,satiety:86->85,energy:86->85,fear:80->90
tick=15 subject=M03 event=action_trace result=proposal:move:east,status:accepted,detail:position:29:48,position:29:48,territory:A,health:100,satiety:86,energy:86,fear:85
tick=15 subject=M03 event=survival_changed result=health:100->100,satiety:86->85,energy:86->85,fear:85->95
tick=15 subject=M04 event=action_trace result=proposal:move:south,status:accepted,detail:position:78:48,position:78:48,territory:A,health:100,satiety:86,energy:86,fear:0
tick=15 subject=M04 event=survival_changed result=health:100->100,satiety:86->85,energy:86->85,fear:0->0
tick=15 subject=M05 event=action_trace result=proposal:move:east,status:accepted,detail:position:88:12,position:88:12,territory:A,health:100,satiety:86,energy:86,fear:0
tick=15 subject=M05 event=survival_changed result=health:100->100,satiety:86->85,energy:86->85,fear:0->0
tick=15 subject=M06 event=action_trace result=proposal:move:west,status:accepted,detail:position:12:49,position:12:49,territory:A,health:100,satiety:86,energy:86,fear:95
tick=15 subject=M06 event=survival_changed result=health:100->100,satiety:86->85,energy:86->85,fear:95->100
tick=15 subject=M07 event=action_trace result=proposal:move:west,status:accepted,detail:position:65:92,position:65:92,territory:B,health:100,satiety:86,energy:86,fear:100
tick=15 subject=M07 event=survival_changed result=health:100->100,satiety:86->85,energy:86->85,fear:100->100
tick=15 subject=M08 event=action_trace result=proposal:move:west,status:accepted,detail:position:60:106,position:60:106,territory:B,health:100,satiety:99,energy:91,fear:100
tick=15 subject=M08 event=survival_changed result=health:100->100,satiety:99->98,energy:91->90,fear:100->100
tick=15 subject=M09 event=action_trace result=proposal:move:west,status:accepted,detail:position:62:81,position:62:81,territory:B,health:100,satiety:86,energy:86,fear:100
tick=15 subject=M09 event=survival_changed result=health:100->100,satiety:86->85,energy:86->85,fear:100->100
tick=15 subject=M10 event=action_trace result=proposal:move:west,status:accepted,detail:position:119:116,position:119:116,territory:B,health:100,satiety:86,energy:86,fear:100
tick=15 subject=M10 event=survival_changed result=health:100->100,satiety:86->85,energy:86->85,fear:100->100
tick=15 subject=M11 event=action_trace result=proposal:move:west,status:accepted,detail:position:119:111,position:119:111,territory:B,health:100,satiety:86,energy:86,fear:100
tick=15 subject=M11 event=survival_changed result=health:100->100,satiety:86->85,energy:86->85,fear:100->100
tick=15 subject=M12 event=action_trace result=proposal:move:east,status:accepted,detail:position:63:99,position:63:99,territory:B,health:100,satiety:86,energy:86,fear:100
tick=15 subject=M12 event=survival_changed result=health:100->100,satiety:86->85,energy:86->85,fear:100->100
tick=16 subject=M01 event=action_trace result=proposal:move:east,status:accepted,detail:position:13:1,position:13:1,territory:A,health:100,satiety:85,energy:85,fear:0
tick=16 subject=M01 event=survival_changed result=health:100->100,satiety:85->84,energy:85->84,fear:0->0
tick=16 subject=M02 event=action_trace result=proposal:move:south,status:accepted,detail:position:12:66,position:12:66,territory:B,health:100,satiety:85,energy:85,fear:90
tick=16 subject=M02 event=survival_changed result=health:100->100,satiety:85->84,energy:85->84,fear:90->100
tick=16 subject=M03 event=action_trace result=proposal:move:south,status:accepted,detail:position:29:49,position:29:49,territory:A,health:100,satiety:85,energy:85,fear:95
tick=16 subject=M03 event=survival_changed result=health:100->100,satiety:85->84,energy:85->84,fear:95->90
tick=16 subject=M04 event=action_trace result=proposal:move:south,status:accepted,detail:position:78:49,position:78:49,territory:A,health:100,satiety:85,energy:85,fear:0
tick=16 subject=M04 event=survival_changed result=health:100->100,satiety:85->84,energy:85->84,fear:0->0
tick=16 subject=M05 event=action_trace result=proposal:move:east,status:accepted,detail:position:89:12,position:89:12,territory:A,health:100,satiety:85,energy:85,fear:0
tick=16 subject=M05 event=survival_changed result=health:100->100,satiety:85->84,energy:85->84,fear:0->0
tick=16 subject=M06 event=action_trace result=proposal:move:west,status:accepted,detail:position:11:49,position:11:49,territory:A,health:100,satiety:85,energy:85,fear:100
tick=16 subject=M06 event=survival_changed result=health:100->100,satiety:85->84,energy:85->84,fear:100->95
tick=16 subject=M07 event=action_trace result=proposal:move:west,status:accepted,detail:position:64:92,position:64:92,territory:B,health:100,satiety:85,energy:85,fear:100
tick=16 subject=M07 event=survival_changed result=health:100->100,satiety:85->84,energy:85->84,fear:100->100
tick=16 subject=M08 event=action_trace result=proposal:move:north,status:accepted,detail:position:60:105,position:60:105,territory:B,health:100,satiety:98,energy:90,fear:100
tick=16 subject=M08 event=survival_changed result=health:100->100,satiety:98->97,energy:90->89,fear:100->100
tick=16 subject=M09 event=action_trace result=proposal:move:west,status:accepted,detail:position:61:81,position:61:81,territory:B,health:100,satiety:85,energy:85,fear:100
tick=16 subject=M09 event=survival_changed result=health:100->100,satiety:85->84,energy:85->84,fear:100->100
tick=16 subject=M10 event=action_trace result=proposal:move:west,status:accepted,detail:position:118:116,position:118:116,territory:B,health:100,satiety:85,energy:85,fear:100
tick=16 subject=M10 event=survival_changed result=health:100->100,satiety:85->84,energy:85->84,fear:100->100
tick=16 subject=M11 event=action_trace result=proposal:move:west,status:accepted,detail:position:118:111,position:118:111,territory:B,health:100,satiety:85,energy:85,fear:100
tick=16 subject=M11 event=survival_changed result=health:100->100,satiety:85->84,energy:85->84,fear:100->100
tick=16 subject=M12 event=action_trace result=proposal:move:east,status:accepted,detail:position:64:99,position:64:99,territory:B,health:100,satiety:85,energy:85,fear:100
tick=16 subject=M12 event=survival_changed result=health:100->100,satiety:85->84,energy:85->84,fear:100->100
tick=17 subject=M01 event=action_trace result=proposal:move:east,status:accepted,detail:position:14:1,position:14:1,territory:A,health:100,satiety:84,energy:84,fear:0
tick=17 subject=M01 event=survival_changed result=health:100->100,satiety:84->83,energy:84->83,fear:0->0
tick=17 subject=M02 event=action_trace result=proposal:move:south,status:accepted,detail:position:12:67,position:12:67,territory:B,health:100,satiety:84,energy:84,fear:100
tick=17 subject=M02 event=survival_changed result=health:100->100,satiety:84->83,energy:84->83,fear:100->95
tick=17 subject=M03 event=action_trace result=proposal:move:north,status:accepted,detail:position:29:48,position:29:48,territory:A,health:100,satiety:84,energy:84,fear:90
tick=17 subject=M03 event=survival_changed result=health:100->100,satiety:84->83,energy:84->83,fear:90->85
tick=17 subject=M04 event=action_trace result=proposal:move:south,status:accepted,detail:position:78:50,position:78:50,territory:A,health:100,satiety:84,energy:84,fear:0
tick=17 subject=M04 event=survival_changed result=health:100->100,satiety:84->83,energy:84->83,fear:0->0
tick=17 subject=M05 event=action_trace result=proposal:move:south,status:accepted,detail:position:89:13,position:89:13,territory:A,health:100,satiety:84,energy:84,fear:0
tick=17 subject=M05 event=survival_changed result=health:100->100,satiety:84->83,energy:84->83,fear:0->0
tick=17 subject=M06 event=action_trace result=proposal:move:west,status:accepted,detail:position:10:49,position:10:49,territory:A,health:100,satiety:84,energy:84,fear:95
tick=17 subject=M06 event=survival_changed result=health:100->100,satiety:84->83,energy:84->83,fear:95->90
tick=17 subject=M07 event=action_trace result=proposal:move:west,status:accepted,detail:position:63:92,position:63:92,territory:B,health:100,satiety:84,energy:84,fear:100
tick=17 subject=M07 event=survival_changed result=health:100->100,satiety:84->83,energy:84->83,fear:100->100
tick=17 subject=M08 event=action_trace result=proposal:move:north,status:accepted,detail:position:60:104,position:60:104,territory:B,health:100,satiety:97,energy:89,fear:100
tick=17 subject=M08 event=survival_changed result=health:100->100,satiety:97->96,energy:89->88,fear:100->100
tick=17 subject=M09 event=action_trace result=proposal:move:west,status:accepted,detail:position:60:81,position:60:81,territory:B,health:100,satiety:84,energy:84,fear:100
tick=17 subject=M09 event=survival_changed result=health:100->100,satiety:84->83,energy:84->83,fear:100->100
tick=17 subject=M10 event=action_trace result=proposal:move:west,status:accepted,detail:position:117:116,position:117:116,territory:B,health:100,satiety:84,energy:84,fear:100
tick=17 subject=M10 event=survival_changed result=health:100->100,satiety:84->83,energy:84->83,fear:100->100
tick=17 subject=M11 event=action_trace result=proposal:move:west,status:accepted,detail:position:117:111,position:117:111,territory:B,health:100,satiety:84,energy:84,fear:100
tick=17 subject=M11 event=survival_changed result=health:100->100,satiety:84->83,energy:84->83,fear:100->100
tick=17 subject=M12 event=action_trace result=proposal:move:east,status:accepted,detail:position:65:99,position:65:99,territory:B,health:100,satiety:84,energy:84,fear:100
tick=17 subject=M12 event=survival_changed result=health:100->100,satiety:84->83,energy:84->83,fear:100->100
tick=18 subject=M01 event=action_trace result=proposal:move:east,status:accepted,detail:position:15:1,position:15:1,territory:A,health:100,satiety:83,energy:83,fear:0
tick=18 subject=M01 event=survival_changed result=health:100->100,satiety:83->82,energy:83->82,fear:0->0
tick=18 subject=M02 event=action_trace result=proposal:move:south,status:accepted,detail:position:12:68,position:12:68,territory:B,health:100,satiety:83,energy:83,fear:95
tick=18 subject=M02 event=survival_changed result=health:100->100,satiety:83->82,energy:83->82,fear:95->90
tick=18 subject=M03 event=action_trace result=proposal:move:west,status:accepted,detail:position:28:48,position:28:48,territory:A,health:100,satiety:83,energy:83,fear:85
tick=18 subject=M03 event=survival_changed result=health:100->100,satiety:83->82,energy:83->82,fear:85->80
tick=18 subject=M04 event=action_trace result=proposal:move:south,status:accepted,detail:position:78:51,position:78:51,territory:A,health:100,satiety:83,energy:83,fear:0
tick=18 subject=M04 event=survival_changed result=health:100->100,satiety:83->82,energy:83->82,fear:0->0
tick=18 subject=M05 event=food_consumed result=food:F0058,class:low,satiety:83->98,energy:83->88
tick=18 subject=M05 event=action_trace result=proposal:eat:F0058,status:accepted,detail:food:F0058;class:low,position:89:13,territory:A,health:100,satiety:98,energy:88,fear:0
tick=18 subject=M05 event=survival_changed result=health:100->100,satiety:98->97,energy:88->87,fear:0->0
tick=18 subject=M06 event=action_trace result=proposal:move:west,status:accepted,detail:position:9:49,position:9:49,territory:A,health:100,satiety:83,energy:83,fear:90
tick=18 subject=M06 event=survival_changed result=health:100->100,satiety:83->82,energy:83->82,fear:90->85
tick=18 subject=M07 event=action_trace result=proposal:move:west,status:accepted,detail:position:62:92,position:62:92,territory:B,health:100,satiety:83,energy:83,fear:100
tick=18 subject=M07 event=survival_changed result=health:100->100,satiety:83->82,energy:83->82,fear:100->100
tick=18 subject=M08 event=action_trace result=proposal:move:south,status:accepted,detail:position:60:105,position:60:105,territory:B,health:100,satiety:96,energy:88,fear:100
tick=18 subject=M08 event=survival_changed result=health:100->100,satiety:96->95,energy:88->87,fear:100->100
tick=18 subject=M09 event=action_trace result=proposal:move:west,status:accepted,detail:position:59:81,position:59:81,territory:B,health:100,satiety:83,energy:83,fear:100
tick=18 subject=M09 event=survival_changed result=health:100->100,satiety:83->82,energy:83->82,fear:100->100
tick=18 subject=M10 event=action_trace result=proposal:move:west,status:accepted,detail:position:116:116,position:116:116,territory:B,health:100,satiety:83,energy:83,fear:100
tick=18 subject=M10 event=survival_changed result=health:100->100,satiety:83->82,energy:83->82,fear:100->100
tick=18 subject=M11 event=action_trace result=proposal:move:west,status:accepted,detail:position:116:111,position:116:111,territory:B,health:100,satiety:83,energy:83,fear:100
tick=18 subject=M11 event=survival_changed result=health:100->100,satiety:83->82,energy:83->82,fear:100->100
tick=18 subject=M12 event=action_trace result=proposal:move:east,status:accepted,detail:position:66:99,position:66:99,territory:B,health:100,satiety:83,energy:83,fear:100
tick=18 subject=M12 event=survival_changed result=health:100->100,satiety:83->82,energy:83->82,fear:100->100
tick=19 subject=M01 event=action_trace result=proposal:move:east,status:accepted,detail:position:16:1,position:16:1,territory:A,health:100,satiety:82,energy:82,fear:0
tick=19 subject=M01 event=survival_changed result=health:100->100,satiety:82->81,energy:82->81,fear:0->0
tick=19 subject=M02 event=action_trace result=proposal:move:south,status:accepted,detail:position:12:69,position:12:69,territory:B,health:100,satiety:82,energy:82,fear:90
tick=19 subject=M02 event=survival_changed result=health:100->100,satiety:82->81,energy:82->81,fear:90->85
tick=19 subject=M03 event=action_trace result=proposal:move:south,status:accepted,detail:position:28:49,position:28:49,territory:A,health:100,satiety:82,energy:82,fear:80
tick=19 subject=M03 event=survival_changed result=health:100->100,satiety:82->81,energy:82->81,fear:80->75
tick=19 subject=M04 event=action_trace result=proposal:move:south,status:accepted,detail:position:78:52,position:78:52,territory:A,health:100,satiety:82,energy:82,fear:0
tick=19 subject=M04 event=survival_changed result=health:100->100,satiety:82->81,energy:82->81,fear:0->0
tick=19 subject=M05 event=action_trace result=proposal:move:south,status:accepted,detail:position:89:14,position:89:14,territory:A,health:100,satiety:97,energy:87,fear:0
tick=19 subject=M05 event=survival_changed result=health:100->100,satiety:97->96,energy:87->86,fear:0->0
tick=19 subject=M06 event=action_trace result=proposal:move:west,status:accepted,detail:position:8:49,position:8:49,territory:A,health:100,satiety:82,energy:82,fear:85
tick=19 subject=M06 event=survival_changed result=health:100->100,satiety:82->81,energy:82->81,fear:85->80
tick=19 subject=M07 event=action_trace result=proposal:move:west,status:accepted,detail:position:61:92,position:61:92,territory:B,health:100,satiety:82,energy:82,fear:100
tick=19 subject=M07 event=survival_changed result=health:100->100,satiety:82->81,energy:82->81,fear:100->100
tick=19 subject=M08 event=action_trace result=proposal:move:east,status:accepted,detail:position:61:105,position:61:105,territory:B,health:100,satiety:95,energy:87,fear:100
tick=19 subject=M08 event=survival_changed result=health:100->100,satiety:95->94,energy:87->86,fear:100->100
tick=19 subject=M09 event=action_trace result=proposal:move:west,status:accepted,detail:position:58:81,position:58:81,territory:B,health:100,satiety:82,energy:82,fear:100
tick=19 subject=M09 event=survival_changed result=health:100->100,satiety:82->81,energy:82->81,fear:100->100
tick=19 subject=M10 event=action_trace result=proposal:move:west,status:accepted,detail:position:115:116,position:115:116,territory:B,health:100,satiety:82,energy:82,fear:100
tick=19 subject=M10 event=survival_changed result=health:100->100,satiety:82->81,energy:82->81,fear:100->100
tick=19 subject=M11 event=action_trace result=proposal:move:west,status:accepted,detail:position:115:111,position:115:111,territory:B,health:100,satiety:82,energy:82,fear:100
tick=19 subject=M11 event=survival_changed result=health:100->100,satiety:82->81,energy:82->81,fear:100->100
tick=19 subject=M12 event=action_trace result=proposal:move:south,status:accepted,detail:position:66:100,position:66:100,territory:B,health:100,satiety:82,energy:82,fear:100
tick=19 subject=M12 event=survival_changed result=health:100->100,satiety:82->81,energy:82->81,fear:100->100
tick=20 subject=M01 event=action_trace result=proposal:move:east,status:accepted,detail:position:17:1,position:17:1,territory:A,health:100,satiety:81,energy:81,fear:0
tick=20 subject=M01 event=survival_changed result=health:100->100,satiety:81->80,energy:81->80,fear:0->0
tick=20 subject=M02 event=action_trace result=proposal:move:south,status:accepted,detail:position:12:70,position:12:70,territory:B,health:100,satiety:81,energy:81,fear:85
tick=20 subject=M02 event=survival_changed result=health:100->100,satiety:81->80,energy:81->80,fear:85->80
tick=20 subject=M03 event=action_trace result=proposal:move:east,status:accepted,detail:position:29:49,position:29:49,territory:A,health:100,satiety:81,energy:81,fear:75
tick=20 subject=M03 event=survival_changed result=health:100->100,satiety:81->80,energy:81->80,fear:75->70
tick=20 subject=M04 event=action_trace result=proposal:move:south,status:accepted,detail:position:78:53,position:78:53,territory:A,health:100,satiety:81,energy:81,fear:0
tick=20 subject=M04 event=survival_changed result=health:100->100,satiety:81->80,energy:81->80,fear:0->0
tick=20 subject=M05 event=action_trace result=proposal:move:south,status:accepted,detail:position:89:15,position:89:15,territory:A,health:100,satiety:96,energy:86,fear:0
tick=20 subject=M05 event=survival_changed result=health:100->100,satiety:96->95,energy:86->85,fear:0->0
tick=20 subject=M06 event=action_trace result=proposal:move:west,status:accepted,detail:position:7:49,position:7:49,territory:A,health:100,satiety:81,energy:81,fear:80
tick=20 subject=M06 event=survival_changed result=health:100->100,satiety:81->80,energy:81->80,fear:80->75
tick=20 subject=M07 event=action_trace result=proposal:move:west,status:accepted,detail:position:60:92,position:60:92,territory:B,health:100,satiety:81,energy:81,fear:100
tick=20 subject=M07 event=survival_changed result=health:100->100,satiety:81->80,energy:81->80,fear:100->100
tick=20 subject=M08 event=action_trace result=proposal:move:east,status:accepted,detail:position:62:105,position:62:105,territory:B,health:100,satiety:94,energy:86,fear:100
tick=20 subject=M08 event=survival_changed result=health:100->100,satiety:94->93,energy:86->85,fear:100->100
tick=20 subject=M09 event=action_trace result=proposal:move:west,status:accepted,detail:position:57:81,position:57:81,territory:B,health:100,satiety:81,energy:81,fear:100
tick=20 subject=M09 event=survival_changed result=health:100->100,satiety:81->80,energy:81->80,fear:100->100
tick=20 subject=M10 event=action_trace result=proposal:move:west,status:accepted,detail:position:114:116,position:114:116,territory:B,health:100,satiety:81,energy:81,fear:100
tick=20 subject=M10 event=survival_changed result=health:100->100,satiety:81->80,energy:81->80,fear:100->100
tick=20 subject=M11 event=action_trace result=proposal:move:west,status:accepted,detail:position:114:111,position:114:111,territory:B,health:100,satiety:81,energy:81,fear:100
tick=20 subject=M11 event=survival_changed result=health:100->100,satiety:81->80,energy:81->80,fear:100->100
tick=20 subject=M12 event=action_trace result=proposal:move:south,status:accepted,detail:position:66:101,position:66:101,territory:B,health:100,satiety:81,energy:81,fear:100
tick=20 subject=M12 event=survival_changed result=health:100->100,satiety:81->80,energy:81->80,fear:100->100
tick=20 subject=A event=food_regenerated result=food:F0123,class:low,position:60:8
tick=20 subject=B event=food_regenerated result=food:F0124,class:low,position:65:93
tick=20 subject=world event=simulation_ended result=reason:tick_limit
summary reason=tick_limit ticks=20 survivors=12 deaths=0 territory_a=5 territory_b=7 food_a_low=21 food_a_medium=20 food_a_high=20 food_b_low=21 food_b_medium=20 food_b_high=20
